Archive member included to satisfy reference by file (symbol)

C:/ST/STM32CubeIDE_1.15.1/STM32CubeIDE/plugins/com.st.stm32cube.ide.mcu.externaltools.gnu-tools-for-stm32.12.3.rel1.win32_1.0.100.202403111256/tools/bin/../lib/gcc/arm-none-eabi/12.3.1/../../../../arm-none-eabi/lib/thumb/v7e-m+fp/hard\libc_nano.a(libc_a-exit.o)
                              C:/ST/STM32CubeIDE_1.15.1/STM32CubeIDE/plugins/com.st.stm32cube.ide.mcu.externaltools.gnu-tools-for-stm32.12.3.rel1.win32_1.0.100.202403111256/tools/bin/../lib/gcc/arm-none-eabi/12.3.1/../../../../arm-none-eabi/lib/thumb/v7e-m+fp/hard/crt0.o (exit)
C:/ST/STM32CubeIDE_1.15.1/STM32CubeIDE/plugins/com.st.stm32cube.ide.mcu.externaltools.gnu-tools-for-stm32.12.3.rel1.win32_1.0.100.202403111256/tools/bin/../lib/gcc/arm-none-eabi/12.3.1/../../../../arm-none-eabi/lib/thumb/v7e-m+fp/hard\libc_nano.a(libc_a-findfp.o)
                              C:/ST/STM32CubeIDE_1.15.1/STM32CubeIDE/plugins/com.st.stm32cube.ide.mcu.externaltools.gnu-tools-for-stm32.12.3.rel1.win32_1.0.100.202403111256/tools/bin/../lib/gcc/arm-none-eabi/12.3.1/../../../../arm-none-eabi/lib/thumb/v7e-m+fp/hard\libc_nano.a(libc_a-exit.o) (__stdio_exit_handler)
C:/ST/STM32CubeIDE_1.15.1/STM32CubeIDE/plugins/com.st.stm32cube.ide.mcu.externaltools.gnu-tools-for-stm32.12.3.rel1.win32_1.0.100.202403111256/tools/bin/../lib/gcc/arm-none-eabi/12.3.1/../../../../arm-none-eabi/lib/thumb/v7e-m+fp/hard\libc_nano.a(libc_a-fwalk.o)
                              C:/ST/STM32CubeIDE_1.15.1/STM32CubeIDE/plugins/com.st.stm32cube.ide.mcu.externaltools.gnu-tools-for-stm32.12.3.rel1.win32_1.0.100.202403111256/tools/bin/../lib/gcc/arm-none-eabi/12.3.1/../../../../arm-none-eabi/lib/thumb/v7e-m+fp/hard\libc_nano.a(libc_a-findfp.o) (_fwalk_sglue)
C:/ST/STM32CubeIDE_1.15.1/STM32CubeIDE/plugins/com.st.stm32cube.ide.mcu.externaltools.gnu-tools-for-stm32.12.3.rel1.win32_1.0.100.202403111256/tools/bin/../lib/gcc/arm-none-eabi/12.3.1/../../../../arm-none-eabi/lib/thumb/v7e-m+fp/hard\libc_nano.a(libc_a-snprintf.o)
                              ./Core/drivers/display/ssd1306_tests.o (snprintf)
C:/ST/STM32CubeIDE_1.15.1/STM32CubeIDE/plugins/com.st.stm32cube.ide.mcu.externaltools.gnu-tools-for-stm32.12.3.rel1.win32_1.0.100.202403111256/tools/bin/../lib/gcc/arm-none-eabi/12.3.1/../../../../arm-none-eabi/lib/thumb/v7e-m+fp/hard\libc_nano.a(libc_a-stdio.o)
                              C:/ST/STM32CubeIDE_1.15.1/STM32CubeIDE/plugins/com.st.stm32cube.ide.mcu.externaltools.gnu-tools-for-stm32.12.3.rel1.win32_1.0.100.202403111256/tools/bin/../lib/gcc/arm-none-eabi/12.3.1/../../../../arm-none-eabi/lib/thumb/v7e-m+fp/hard\libc_nano.a(libc_a-findfp.o) (__sread)
C:/ST/STM32CubeIDE_1.15.1/STM32CubeIDE/plugins/com.st.stm32cube.ide.mcu.externaltools.gnu-tools-for-stm32.12.3.rel1.win32_1.0.100.202403111256/tools/bin/../lib/gcc/arm-none-eabi/12.3.1/../../../../arm-none-eabi/lib/thumb/v7e-m+fp/hard\libc_nano.a(libc_a-memmove.o)
                              ./Core/drivers/display/ssd1306_tests.o (memmove)
C:/ST/STM32CubeIDE_1.15.1/STM32CubeIDE/plugins/com.st.stm32cube.ide.mcu.externaltools.gnu-tools-for-stm32.12.3.rel1.win32_1.0.100.202403111256/tools/bin/../lib/gcc/arm-none-eabi/12.3.1/../../../../arm-none-eabi/lib/thumb/v7e-m+fp/hard\libc_nano.a(libc_a-memset.o)
                              C:/ST/STM32CubeIDE_1.15.1/STM32CubeIDE/plugins/com.st.stm32cube.ide.mcu.externaltools.gnu-tools-for-stm32.12.3.rel1.win32_1.0.100.202403111256/tools/bin/../lib/gcc/arm-none-eabi/12.3.1/../../../../arm-none-eabi/lib/thumb/v7e-m+fp/hard/crt0.o (memset)
C:/ST/STM32CubeIDE_1.15.1/STM32CubeIDE/plugins/com.st.stm32cube.ide.mcu.externaltools.gnu-tools-for-stm32.12.3.rel1.win32_1.0.100.202403111256/tools/bin/../lib/gcc/arm-none-eabi/12.3.1/../../../../arm-none-eabi/lib/thumb/v7e-m+fp/hard\libc_nano.a(libc_a-strcat.o)
                              ./Core/drivers/sd_card/sd_functions.o (strcat)
C:/ST/STM32CubeIDE_1.15.1/STM32CubeIDE/plugins/com.st.stm32cube.ide.mcu.externaltools.gnu-tools-for-stm32.12.3.rel1.win32_1.0.100.202403111256/tools/bin/../lib/gcc/arm-none-eabi/12.3.1/../../../../arm-none-eabi/lib/thumb/v7e-m+fp/hard\libc_nano.a(libc_a-strtok.o)
                              ./Core/subsystems/user_check_task/user_check_task.o (strtok)
C:/ST/STM32CubeIDE_1.15.1/STM32CubeIDE/plugins/com.st.stm32cube.ide.mcu.externaltools.gnu-tools-for-stm32.12.3.rel1.win32_1.0.100.202403111256/tools/bin/../lib/gcc/arm-none-eabi/12.3.1/../../../../arm-none-eabi/lib/thumb/v7e-m+fp/hard\libc_nano.a(libc_a-strtok_r.o)
                              C:/ST/STM32CubeIDE_1.15.1/STM32CubeIDE/plugins/com.st.stm32cube.ide.mcu.externaltools.gnu-tools-for-stm32.12.3.rel1.win32_1.0.100.202403111256/tools/bin/../lib/gcc/arm-none-eabi/12.3.1/../../../../arm-none-eabi/lib/thumb/v7e-m+fp/hard\libc_nano.a(libc_a-strtok.o) (__strtok_r)
[...]
Memory Configuration

Name             Origin             Length             Attributes
RAM              0x20000000         0x00018000         xrw
FLASH            0x08000000         0x00080000         xr
*default*        0x00000000         0xffffffff

Linker script and memory map

LOAD C:/ST/STM32CubeIDE_1.15.1/STM32CubeIDE/plugins/com.st.stm32cube.ide.mcu.externaltools.gnu-tools-for-stm32.12.3.rel1.win32_1.0.100.202403111256/tools/bin/../lib/gcc/arm-none-eabi/12.3.1/thumb/v7e-m+fp/hard/crti.o
LOAD C:/ST/STM32CubeIDE_1.15.1/STM32CubeIDE/plugins/com.st.stm32cube.ide.mcu.externaltools.gnu-tools-for-stm32.12.3.rel1.win32_1.0.100.202403111256/tools/bin/../lib/gcc/arm-none-eabi/12.3.1/thumb/v7e-m+fp/hard/crtbegin.o
LOAD C:/ST/STM32CubeIDE_1.15.1/STM32CubeIDE/plugins/com.st.stm32cube.ide.mcu.externaltools.gnu-tools-for-stm32.12.3.rel1.win32_1.0.100.202403111256/tools/bin/../lib/gcc/arm-none-eabi/12.3.1/../../../../arm-none-eabi/lib/thumb/v7e-m+fp/hard/crt0.o
LOAD ./Core/Src/freertos.o
LOAD ./Core/Src/main.o
LOAD ./Core/Src/stm32f4xx_hal_msp.o
LOAD ./Core/Src/stm32f4xx_hal_timebase_tim.o
LOAD ./Core/Src/stm32f4xx_it.o
LOAD ./Core/Src/syscalls.o
LOAD ./Core/Src/sysmem.o
LOAD ./Core/Src/system_stm32f4xx.o
LOAD ./Core/Startup/startup_stm32f401retx.o
LOAD ./Core/drivers/display/display_functions.o
LOAD ./Core/drivers/display/ssd1306.o
LOAD ./Core/drivers/display/ssd1306_fonts.o
LOAD ./Core/drivers/display/ssd1306_tests.o
LOAD ./Core/drivers/keypad/keypad_functions.o
LOAD ./Core/drivers/sd_card/fatfs_sd.o
LOAD ./Core/drivers/sd_card/sd_functions.o
LOAD ./Core/subsystems/display_manager/display_manager.o
LOAD ./Core/subsystems/input_sequence_scan/input_sequence_scan.o
LOAD ./Core/subsystems/user_check_task/user_check_task.o
LOAD ./Drivers/STM32F4xx_HAL_Driver/Src/stm32f4xx_hal.o
LOAD ./Drivers/STM32F4xx_HAL_Driver/Src/stm32f4xx_hal_adc.o
LOAD ./Drivers/STM32F4xx_HAL_Driver/Src/stm32f4xx_hal_adc_ex.o
LOAD ./Drivers/STM32F4xx_HAL_Driver/Src/stm32f4xx_hal_cortex.o
LOAD ./Drivers/STM32F4xx_HAL_Driver/Src/stm32f4xx_hal_dma.o
LOAD ./Drivers/STM32F4xx_HAL_Driver/Src/stm32f4xx_hal_dma_ex.o
LOAD ./Drivers/STM32F4xx_HAL_Driver/Src/stm32f4xx_hal_exti.o
LOAD ./Drivers/STM32F4xx_HAL_Driver/Src/stm32f4xx_hal_flash.o
LOAD ./Drivers/STM32F4xx_HAL_Driver/Src/stm32f4xx_hal_flash_ex.o
LOAD ./Drivers/STM32F4xx_HAL_Driver/Src/stm32f4xx_hal_flash_ramfunc.o
LOAD ./Drivers/STM32F4xx_HAL_Driver/Src/stm32f4xx_hal_gpio.o
LOAD ./Drivers/STM32F4xx_HAL_Driver/Src/stm32f4xx_hal_i2c.o
LOAD ./Drivers/STM32F4xx_HAL_Driver/Src/stm32f4xx_hal_i2c_ex.o
LOAD ./Drivers/STM32F4xx_HAL_Driver/Src/stm32f4xx_hal_pwr.o
LOAD ./Drivers/STM32F4xx_HAL_Driver/Src/stm32f4xx_hal_pwr_ex.o
LOAD ./Drivers/STM32F4xx_HAL_Driver/Src/stm32f4xx_hal_rcc.o
LOAD ./Drivers/STM32F4xx_HAL_Driver/Src/stm32f4xx_hal_rcc_ex.o
LOAD ./Drivers/STM32F4xx_HAL_Driver/Src/stm32f4xx_hal_rtc.o
LOAD ./Drivers/STM32F4xx_HAL_Driver/Src/stm32f4xx_hal_rtc_ex.o
LOAD ./Drivers/STM32F4xx_HAL_Driver/Src/stm32f4xx_hal_spi.o
LOAD ./Drivers/STM32F4xx_HAL_Driver/Src/stm32f4xx_hal_tim.o
LOAD ./Drivers/STM32F4xx_HAL_Driver/Src/stm32f4xx_hal_tim_ex.o
LOAD ./Drivers/STM32F4xx_HAL_Driver/Src/stm32f4xx_hal_uart.o
LOAD ./Drivers/STM32F4xx_HAL_Driver/Src/stm32f4xx_ll_adc.o
LOAD ./FATFS/App/fatfs.o
LOAD ./FATFS/Target/user_diskio.o
LOAD ./Middlewares/Third_Party/FatFs/src/diskio.o
LOAD ./Middlewares/Third_Party/FatFs/src/ff.o
LOAD ./Middlewares/Third_Party/FatFs/src/ff_gen_drv.o
LOAD ./Middlewares/Third_Party/FatFs/src/option/ccsbcs.o
LOAD ./Middlewares/Third_Party/FatFs/src/option/syscall.o
LOAD ./Middlewares/Third_Party/FreeRTOS/Source/CMSIS_RTOS/cmsis_os.o
LOAD ./Middlewares/Third_Party/FreeRTOS/Source/croutine.o
LOAD ./Middlewares/Third_Party/FreeRTOS/Source/event_groups.o
LOAD ./Middlewares/Third_Party/FreeRTOS/Source/list.o
LOAD ./Middlewares/Third_Party/FreeRTOS/Source/queue.o
LOAD ./Middlewares/Third_Party/FreeRTOS/Source/stream_buffer.o
LOAD ./Middlewares/Third_Party/FreeRTOS/Source/tasks.o
LOAD ./Middlewares/Third_Party/FreeRTOS/Source/timers.o
LOAD ./Middlewares/Third_Party/FreeRTOS/Source/portable/GCC/ARM_CM4F/port.o
LOAD ./Middlewares/Third_Party/FreeRTOS/Source/portable/MemMang/heap_4.o
START GROUP
LOAD C:/ST/STM32CubeIDE_1.15.1/STM32CubeIDE/plugins/com.st.stm32cube.ide.mcu.externaltools.gnu-tools-for-stm32.12.3.rel1.win32_1.0.100.202403111256/tools/bin/../lib/gcc/arm-none-eabi/12.3.1/../../../../arm-none-eabi/lib/thumb/v7e-m+fp/hard\libc_nano.a
LOAD C:/ST/STM32CubeIDE_1.15.1/STM32CubeIDE/plugins/com.st.stm32cube.ide.mcu.externaltools.gnu-tools-for-stm32.12.3.rel1.win32_1.0.100.202403111256/tools/bin/../lib/gcc/arm-none-eabi/12.3.1/../../../../arm-none-eabi/lib/thumb/v7e-m+fp/hard\libm.a
END GROUP
START GROUP
LOAD C:/ST/STM32CubeIDE_1.15.1/STM32CubeIDE/plugins/com.st.stm32cube.ide.mcu.externaltools.gnu-tools-for-stm32.12.3.rel1.win32_1.0.100.202403111256/tools/bin/../lib/gcc/arm-none-eabi/12.3.1/thumb/v7e-m+fp/hard\libgcc.a
LOAD C:/ST/STM32CubeIDE_1.15.1/STM32CubeIDE/plugins/com.st.stm32cube.ide.mcu.externaltools.gnu-tools-for-stm32.12.3.rel1.win32_1.0.100.202403111256/tools/bin/../lib/gcc/arm-none-eabi/12.3.1/../../../../arm-none-eabi/lib/thumb/v7e-m+fp/hard\libc_nano.a
END GROUP
START GROUP
LOAD C:/ST/STM32CubeIDE_1.15.1/STM32CubeIDE/plugins/com.st.stm32cube.ide.mcu.externaltools.gnu-tools-for-stm32.12.3.rel1.win32_1.0.100.202403111256/tools/bin/../lib/gcc/arm-none-eabi/12.3.1/thumb/v7e-m+fp/hard\libgcc.a
LOAD C:/ST/STM32CubeIDE_1.15.1/STM32CubeIDE/plugins/com.st.stm32cube.ide.mcu.externaltools.gnu-tools-for-stm32.12.3.rel1.win32_1.0.100.202403111256/tools/bin/../lib/gcc/arm-none-eabi/12.3.1/../../../../arm-none-eabi/lib/thumb/v7e-m+fp/hard\libc_nano.a
LOAD C:/ST/STM32CubeIDE_1.15.1/STM32CubeIDE/plugins/com.st.stm32cube.ide.mcu.externaltools.gnu-tools-for-stm32.12.3.rel1.win32_1.0.100.202403111256/tools/bin/../lib/gcc/arm-none-eabi/12.3.1/../../../../arm-none-eabi/lib/thumb/v7e-m+fp/hard\libnosys.a
END GROUP
START GROUP
LOAD C:/ST/STM32CubeIDE_1.15.1/STM32CubeIDE/plugins/com.st.stm32cube.ide.mcu.externaltools.gnu-tools-for-stm32.12.3.rel1.win32_1.0.100.202403111256/tools/bin/../lib/gcc/arm-none-eabi/12.3.1/thumb/v7e-m+fp/hard\libgcc.a
LOAD C:/ST/STM32CubeIDE_1.15.1/STM32CubeIDE/plugins/com.st.stm32cube.ide.mcu.externaltools.gnu-tools-for-stm32.12.3.rel1.win32_1.0.100.202403111256/tools/bin/../lib/gcc/arm-none-eabi/12.3.1/../../../../arm-none-eabi/lib/thumb/v7e-m+fp/hard\libc_nano.a
LOAD C:/ST/STM32CubeIDE_1.15.1/STM32CubeIDE/plugins/com.st.stm32cube.ide.mcu.externaltools.gnu-tools-for-stm32.12.3.rel1.win32_1.0.100.202403111256/tools/bin/../lib/gcc/arm-none-eabi/12.3.1/../../../../arm-none-eabi/lib/thumb/v7e-m+fp/hard\libnosys.a
END GROUP
LOAD C:/ST/STM32CubeIDE_1.15.1/STM32CubeIDE/plugins/com.st.stm32cube.ide.mcu.externaltools.gnu-tools-for-stm32.12.3.rel1.win32_1.0.100.202403111256/tools/bin/../lib/gcc/arm-none-eabi/12.3.1/thumb/v7e-m+fp/hard/crtend.o
LOAD C:/ST/STM32CubeIDE_1.15.1/STM32CubeIDE/plugins/com.st.stm32cube.ide.mcu.externaltools.gnu-tools-for-stm32.12.3.rel1.win32_1.0.100.202403111256/tools/bin/../lib/gcc/arm-none-eabi/12.3.1/thumb/v7e-m+fp/hard/crtn.o
                0x20018000                        _estack = (ORIGIN (RAM) + LENGTH (RAM))
                0x00000200                        _Min_Heap_Size = 0x200
                0x00000400                        _Min_Stack_Size = 0x400

.isr_vector     0x08000000      0x194
                0x08000000                        . = ALIGN (0x4)
 *(.isr_vector)
 .isr_vector    0x08000000      0x194 ./Core/Startup/startup_stm32f401retx.o
                0x08000000                g_pfnVectors
                0x08000194                        . = ALIGN (0x4)

.text           0x080001a0     0xd7b4
                0x080001a0                        . = ALIGN (0x4)
 *(.text)
 .text          0x080001a0       0x40 C:/ST/STM32CubeIDE_1.15.1/STM32CubeIDE/plugins/com.st.stm32cube.ide.mcu.externaltools.gnu-tools-for-stm32.12.3.rel1.win32_1.0.100.202403111256/tools/bin/../lib/gcc/arm-none-eabi/12.3.1/thumb/v7e-m+fp/hard/crtbegin.o
 .text          0x080001e0       0x14 C:/ST/STM32CubeIDE_1.15.1/STM32CubeIDE/plugins/com.st.stm32cube.ide.mcu.externaltools.gnu-tools-for-stm32.12.3.rel1.win32_1.0.100.202403111256/tools/bin/../lib/gcc/arm-none-eabi/12.3.1/../../../../arm-none-eabi/lib/thumb/v7e-m+fp/hard\libc_nano.a(libc_a-strcmp.o)
                0x080001e0                strcmp
 .text          0x080001f4       0x10 C:/ST/STM32CubeIDE_1.15.1/STM32CubeIDE/plugins/com.st.stm32cube.ide.mcu.externaltools.gnu-tools-for-stm32.12.3.rel1.win32_1.0.100.202403111256/tools/bin/../lib/gcc/arm-none-eabi/12.3.1/../../../../arm-none-eabi/lib/thumb/v7e-m+fp/hard\libc_nano.a(libc_a-strlen.o)
                0x080001f4                strlen
 *fill*         0x08000204        0xc 
 .text          0x08000210       0xa0 C:/ST/STM32CubeIDE_1.15.1/STM32CubeIDE/plugins/com.st.stm32cube.ide.mcu.externaltools.gnu-tools-for-stm32.12.3.rel1.win32_1.0.100.202403111256/tools/bin/../lib/gcc/arm-none-eabi/12.3.1/../../../../arm-none-eabi/lib/thumb/v7e-m+fp/hard\libc_nano.a(libc_a-memchr.o)
                0x08000210                memchr
 .text          0x080002b0       0x30 C:/ST/STM32CubeIDE_1.15.1/STM32CubeIDE/plugins/com.st.stm32cube.ide.mcu.externaltools.gnu-tools-for-stm32.12.3.rel1.win32_1.0.100.202403111256/tools/bin/../lib/gcc/arm-none-eabi/12.3.1/thumb/v7e-m+fp/hard\libgcc.a(_aeabi_uldivmod.o)
                0x080002b0                __aeabi_uldivmod
 .text          0x080002e0      0x2bc C:/ST/STM32CubeIDE_1.15.1/STM32CubeIDE/plugins/com.st.stm32cube.ide.mcu.externaltools.gnu-tools-for-stm32.12.3.rel1.win32_1.0.100.202403111256/tools/bin/../lib/gcc/arm-none-eabi/12.3.1/thumb/v7e-m+fp/hard\libgcc.a(_udivmoddi4.o)
                0x080002e0                __udivmoddi4
 .text          0x0800059c        0x4 C:/ST/STM32CubeIDE_1.15.1/STM32CubeIDE/plugins/com.st.stm32cube.ide.mcu.externaltools.gnu-tools-for-stm32.12.3.rel1.win32_1.0.100.202403111256/tools/bin/../lib/gcc/arm-none-eabi/12.3.1/thumb/v7e-m+fp/hard\libgcc.a(_dvmd_tls.o)
                0x0800059c                __aeabi_idiv0
                0x0800059c                __aeabi_ldiv0
 *(.text*)
 .text.vApplicationGetIdleTaskMemory
                0x080005a0       0x34 ./Core/Src/freertos.o
                0x080005a0                vApplicationGetIdleTaskMemory
 .text.main     0x080005d4       0xd0 ./Core/Src/main.o
                0x080005d4                main
 .text.SystemClock_Config
                0x080006a4       0xd8 ./Core/Src/main.o
                0x080006a4                SystemClock_Config
 .text.MX_ADC1_Init
                0x0800077c       0xa4 ./Core/Src/main.o
 .text.MX_I2C1_Init
                0x08000820       0x5c ./Core/Src/main.o
 .text.MX_RTC_Init
                0x0800087c       0xb4 ./Core/Src/main.o
 .text.MX_SPI3_Init
                0x08000930       0x6c ./Core/Src/main.o
 .text.MX_USART2_UART_Init
                0x0800099c       0x54 ./Core/Src/main.o
 .text.MX_DMA_Init
                0x080009f0       0x40 ./Core/Src/main.o
 .text.MX_GPIO_Init
                0x08000a30      0x164 ./Core/Src/main.o
 .text.idle_task
                0x08000b94        0xc ./Core/Src/main.o
                0x08000b94                idle_task
 .text.HAL_TIM_PeriodElapsedCallback
                0x08000ba0       0x1e ./Core/Src/main.o
                0x08000ba0                HAL_TIM_PeriodElapsedCallback
 .text.Error_Handler
                0x08000bbe        0xc ./Core/Src/main.o
                0x08000bbe                Error_Handler
 *fill*         0x08000bca        0x2 
 .text.HAL_MspInit
                0x08000bcc       0x58 ./Core/Src/stm32f4xx_hal_msp.o
                0x08000bcc                HAL_MspInit
 .text.HAL_ADC_MspInit
                0x08000c24       0xec ./Core/Src/stm32f4xx_hal_msp.o
                0x08000c24                HAL_ADC_MspInit
 .text.HAL_I2C_MspInit
                0x08000d10       0x90 ./Core/Src/stm32f4xx_hal_msp.o
                0x08000d10                HAL_I2C_MspInit
 .text.HAL_RTC_MspInit
                0x08000da0       0x58 ./Core/Src/stm32f4xx_hal_msp.o
                0x08000da0                HAL_RTC_MspInit
 .text.HAL_SPI_MspInit
                0x08000df8       0x90 ./Core/Src/stm32f4xx_hal_msp.o
                0x08000df8                HAL_SPI_MspInit
 .text.HAL_UART_MspInit
                0x08000e88       0x90 ./Core/Src/stm32f4xx_hal_msp.o
                0x08000e88                HAL_UART_MspInit
 .text.HAL_InitTick
                0x08000f18       0xf8 ./Core/Src/stm32f4xx_hal_timebase_tim.o
                0x08000f18                HAL_InitTick
 .text.SDTimer_Handler
                0x08001010       0x48 ./Core/Src/stm32f4xx_it.o
                0x08001010                SDTimer_Handler
 .text.NMI_Handler
                0x08001058        0x8 ./Core/Src/stm32f4xx_it.o
                0x08001058                NMI_Handler
 .text.HardFault_Handler
                0x08001060        0x8 ./Core/Src/stm32f4xx_it.o
                0x08001060                HardFault_Handler
 .text.MemManage_Handler
                0x08001068        0x8 ./Core/Src/stm32f4xx_it.o
                0x08001068                MemManage_Handler
 .text.BusFault_Handler
                0x08001070        0x8 ./Core/Src/stm32f4xx_it.o
                0x08001070                BusFault_Handler
 .text.UsageFault_Handler
                0x08001078        0x8 ./Core/Src/stm32f4xx_it.o
                0x08001078                UsageFault_Handler
 .text.DebugMon_Handler
                0x08001080        0xe ./Core/Src/stm32f4xx_it.o
                0x08001080                DebugMon_Handler
 *fill*         0x0800108e        0x2 
 .text.TIM2_IRQHandler
                0x08001090       0x38 ./Core/Src/stm32f4xx_it.o
                0x08001090                TIM2_IRQHandler
 .text.DMA2_Stream0_IRQHandler
                0x080010c8       0x14 ./Core/Src/stm32f4xx_it.o
                0x080010c8                DMA2_Stream0_IRQHandler
 .text._getpid  0x080010dc       0x10 ./Core/Src/syscalls.o
                0x080010dc                _getpid
 .text._kill    0x080010ec       0x20 ./Core/Src/syscalls.o
                0x080010ec                _kill
 .text._exit    0x0800110c       0x16 ./Core/Src/syscalls.o
                0x0800110c                _exit
 .text._read    0x08001122       0x3a ./Core/Src/syscalls.o
                0x08001122                _read
 .text._write   0x0800115c       0x38 ./Core/Src/syscalls.o
                0x0800115c                _write
 .text._close   0x08001194       0x18 ./Core/Src/syscalls.o
                0x08001194                _close
 .text._fstat   0x080011ac       0x20 ./Core/Src/syscalls.o
                0x080011ac                _fstat
 .text._isatty  0x080011cc       0x16 ./Core/Src/syscalls.o
                0x080011cc                _isatty
 .text._lseek   0x080011e2       0x1a ./Core/Src/syscalls.o
                0x080011e2                _lseek
 .text._sbrk    0x080011fc       0x6c ./Core/Src/sysmem.o
                0x080011fc                _sbrk
 .text.SystemInit
                0x08001268       0x24 ./Core/Src/system_stm32f4xx.o
                0x08001268                SystemInit
 .text.Reset_Handler
                0x0800128c       0x50 ./Core/Startup/startup_stm32f401retx.o
                0x0800128c                Reset_Handler
 .text.Default_Handler
                0x080012dc        0x2 ./Core/Startup/startup_stm32f401retx.o
                0x080012dc                RTC_Alarm_IRQHandler
                0x080012dc                EXTI2_IRQHandler
                0x080012dc                SPI4_IRQHandler
                0x080012dc                TIM1_CC_IRQHandler
                0x080012dc                DMA2_Stream5_IRQHandler
                0x080012dc                DMA1_Stream5_IRQHandler
                0x080012dc                PVD_IRQHandler
                0x080012dc                SDIO_IRQHandler
                0x080012dc                TAMP_STAMP_IRQHandler
                0x080012dc                EXTI3_IRQHandler
                0x080012dc                TIM1_UP_TIM10_IRQHandler
                0x080012dc                I2C3_ER_IRQHandler
                0x080012dc                EXTI0_IRQHandler
                0x080012dc                I2C2_EV_IRQHandler
                0x080012dc                DMA1_Stream2_IRQHandler
                0x080012dc                FPU_IRQHandler
                0x080012dc                DMA2_Stream2_IRQHandler
                0x080012dc                SPI1_IRQHandler
                0x080012dc                TIM1_BRK_TIM9_IRQHandler
                0x080012dc                DMA2_Stream3_IRQHandler
                0x080012dc                USART6_IRQHandler
                0x080012dc                TIM4_IRQHandler
                0x080012dc                I2C1_EV_IRQHandler
                0x080012dc                DMA1_Stream6_IRQHandler
                0x080012dc                DMA1_Stream1_IRQHandler
                0x080012dc                TIM3_IRQHandler
                0x080012dc                RCC_IRQHandler
                0x080012dc                Default_Handler
                0x080012dc                EXTI15_10_IRQHandler
                0x080012dc                ADC_IRQHandler
                0x080012dc                DMA1_Stream7_IRQHandler
                0x080012dc                TIM5_IRQHandler
                0x080012dc                DMA2_Stream7_IRQHandler
                0x080012dc                I2C3_EV_IRQHandler
                0x080012dc                EXTI9_5_IRQHandler
                0x080012dc                RTC_WKUP_IRQHandler
                0x080012dc                SPI2_IRQHandler
                0x080012dc                DMA1_Stream0_IRQHandler
                0x080012dc                EXTI4_IRQHandler
                0x080012dc                WWDG_IRQHandler
                0x080012dc                OTG_FS_WKUP_IRQHandler
                0x080012dc                TIM1_TRG_COM_TIM11_IRQHandler
                0x080012dc                EXTI1_IRQHandler
                0x080012dc                USART2_IRQHandler
                0x080012dc                I2C2_ER_IRQHandler
                0x080012dc                DMA2_Stream1_IRQHandler
                0x080012dc                FLASH_IRQHandler
                0x080012dc                DMA2_Stream4_IRQHandler
                0x080012dc                USART1_IRQHandler
                0x080012dc                OTG_FS_IRQHandler
                0x080012dc                SPI3_IRQHandler
                0x080012dc                DMA1_Stream4_IRQHandler
                0x080012dc                I2C1_ER_IRQHandler
                0x080012dc                DMA2_Stream6_IRQHandler
                0x080012dc                DMA1_Stream3_IRQHandler
 *fill*         0x080012de        0x2 
 .text.send_screen_to_display
                0x080012e0       0x28 ./Core/drivers/display/display_functions.o
                0x080012e0                send_screen_to_display
 .text.ssd1306_Reset
                0x08001308        0xe ./Core/drivers/display/ssd1306.o
                0x08001308                ssd1306_Reset
 *fill*         0x08001316        0x2 
 .text.ssd1306_WriteCommand
                0x08001318       0x30 ./Core/drivers/display/ssd1306.o
                0x08001318                ssd1306_WriteCommand
 .text.ssd1306_WriteData
                0x08001348       0x34 ./Core/drivers/display/ssd1306.o
                0x08001348                ssd1306_WriteData
 .text.ssd1306_Init
                0x0800137c       0xd4 ./Core/drivers/display/ssd1306.o
                0x0800137c                ssd1306_Init
 .text.ssd1306_Fill
                0x08001450       0x30 ./Core/drivers/display/ssd1306.o
                0x08001450                ssd1306_Fill
 .text.ssd1306_UpdateScreen
                0x08001480       0x50 ./Core/drivers/display/ssd1306.o
                0x08001480                ssd1306_UpdateScreen
 .text.ssd1306_DrawPixel
                0x080014d0       0xa8 ./Core/drivers/display/ssd1306.o
                0x080014d0                ssd1306_DrawPixel
 .text.ssd1306_WriteChar
                0x08001578      0x120 ./Core/drivers/display/ssd1306.o
                0x08001578                ssd1306_WriteChar
 .text.ssd1306_WriteString
                0x08001698       0x4c ./Core/drivers/display/ssd1306.o
                0x08001698                ssd1306_WriteString
 .text.ssd1306_SetCursor
                0x080016e4       0x30 ./Core/drivers/display/ssd1306.o
                0x080016e4                ssd1306_SetCursor
 .text.ssd1306_SetContrast
                0x08001714       0x26 ./Core/drivers/display/ssd1306.o
                0x08001714                ssd1306_SetContrast
 *fill*         0x0800173a        0x2 
 .text.ssd1306_SetDisplayOn
                0x0800173c       0x3c ./Core/drivers/display/ssd1306.o
                0x0800173c                ssd1306_SetDisplayOn
 .text.set_row  0x08001778       0x24 ./Core/drivers/keypad/keypad_functions.o
 .text.reset_row
                0x0800179c       0x24 ./Core/drivers/keypad/keypad_functions.o
 .text.read_col
                0x080017c0       0x54 ./Core/drivers/keypad/keypad_functions.o
 .text.read_keypad
                0x08001814       0x9c ./Core/drivers/keypad/keypad_functions.o
                0x08001814                read_keypad
 .text.SELECT   0x080018b0       0x1c ./Core/drivers/sd_card/fatfs_sd.o
 .text.DESELECT
                0x080018cc       0x1c ./Core/drivers/sd_card/fatfs_sd.o
 .text.SPI_TxByte
                0x080018e8       0x34 ./Core/drivers/sd_card/fatfs_sd.o
 .text.SPI_TxBuffer
                0x0800191c       0x34 ./Core/drivers/sd_card/fatfs_sd.o
 .text.SPI_RxByte
                0x08001950       0x38 ./Core/drivers/sd_card/fatfs_sd.o
 .text.SPI_RxBytePtr
                0x08001988       0x1c ./Core/drivers/sd_card/fatfs_sd.o
 .text.SD_ReadyWait
                0x080019a4       0x34 ./Core/drivers/sd_card/fatfs_sd.o
 .text.SD_PowerOn
                0x080019d8       0x84 ./Core/drivers/sd_card/fatfs_sd.o
 .text.SD_PowerOff
                0x08001a5c       0x18 ./Core/drivers/sd_card/fatfs_sd.o
 .text.SD_CheckPower
                0x08001a74       0x18 ./Core/drivers/sd_card/fatfs_sd.o
 .text.SD_RxDataBlock
                0x08001a8c       0x60 ./Core/drivers/sd_card/fatfs_sd.o
 .text.SD_TxDataBlock
                0x08001aec       0x86 ./Core/drivers/sd_card/fatfs_sd.o
 .text.SD_SendCmd
                0x08001b72       0xa8 ./Core/drivers/sd_card/fatfs_sd.o
 *fill*         0x08001c1a        0x2 
 .text.SD_disk_initialize
                0x08001c1c      0x1d8 ./Core/drivers/sd_card/fatfs_sd.o
                0x08001c1c                SD_disk_initialize
 .text.SD_disk_status
                0x08001df4       0x2c ./Core/drivers/sd_card/fatfs_sd.o
                0x08001df4                SD_disk_status
 .text.SD_disk_read
                0x08001e20       0xd4 ./Core/drivers/sd_card/fatfs_sd.o
                0x08001e20                SD_disk_read
 .text.SD_disk_write
                0x08001ef4      0x108 ./Core/drivers/sd_card/fatfs_sd.o
                0x08001ef4                SD_disk_write
 .text.SD_disk_ioctl
                0x08001ffc      0x254 ./Core/drivers/sd_card/fatfs_sd.o
                0x08001ffc                SD_disk_ioctl
 .text.send_uart
                0x08002250       0x2c ./Core/drivers/sd_card/sd_functions.o
                0x08002250                send_uart
 .text.mount_sd
                0x0800227c       0x40 ./Core/drivers/sd_card/sd_functions.o
                0x0800227c                mount_sd
 .text.unmount_sd
                0x080022bc       0x3c ./Core/drivers/sd_card/sd_functions.o
                0x080022bc                unmount_sd
 .text.check_if_file_exists
                0x080022f8       0x3c ./Core/drivers/sd_card/sd_functions.o
                0x080022f8                check_if_file_exists
 .text.create_file
                0x08002334       0x94 ./Core/drivers/sd_card/sd_functions.o
                0x08002334                create_file
 .text.open_file
                0x080023c8       0x70 ./Core/drivers/sd_card/sd_functions.o
                0x080023c8                open_file
 .text.get_line_from_file
                0x08002438       0x24 ./Core/drivers/sd_card/sd_functions.o
                0x08002438                get_line_from_file
 .text.display_init
                0x0800245c        0xc ./Core/subsystems/display_manager/display_manager.o
 .text.display_sequence_entry
                0x08002468       0xb4 ./Core/subsystems/display_manager/display_manager.o
 .text.display_insert_key_msg
                0x0800251c       0x74 ./Core/subsystems/display_manager/display_manager.o
 .text.display_timeout_msg
                0x08002590       0x50 ./Core/subsystems/display_manager/display_manager.o
 .text.display_incomplete_msg
                0x080025e0       0xa0 ./Core/subsystems/display_manager/display_manager.o
 .text.display_access_granted
                0x08002680       0x70 ./Core/subsystems/display_manager/display_manager.o
 .text.display_no_user_found
                0x080026f0       0xa0 ./Core/subsystems/display_manager/display_manager.o
 .text.receive_screen
                0x08002790       0x24 ./Core/subsystems/display_manager/display_manager.o
 .text.display_manager
                0x080027b4       0x80 ./Core/subsystems/display_manager/display_manager.o
                0x080027b4                display_manager
 .text.clear_buffer
                0x08002834       0x36 ./Core/subsystems/input_sequence_scan/input_sequence_scan.o
 *fill*         0x0800286a        0x2 
 .text.send_sequence
                0x0800286c       0x40 ./Core/subsystems/input_sequence_scan/input_sequence_scan.o
 .text.handle_keypad_input
                0x080028ac      0x198 ./Core/subsystems/input_sequence_scan/input_sequence_scan.o
 .text.input_sequence_scan
                0x08002a44       0x34 ./Core/subsystems/input_sequence_scan/input_sequence_scan.o
                0x08002a44                input_sequence_scan
 .text.check_if_database_exists
                0x08002a78       0x34 ./Core/subsystems/user_check_task/user_check_task.o
 .text.check_if_register_exists
                0x08002aac       0x44 ./Core/subsystems/user_check_task/user_check_task.o
 .text.check_if_user_exists_on_database
                0x08002af0       0x70 ./Core/subsystems/user_check_task/user_check_task.o
 .text.receive_sequence
                0x08002b60       0x3c ./Core/subsystems/user_check_task/user_check_task.o
 .text.user_check_task
                0x08002b9c       0x94 ./Core/subsystems/user_check_task/user_check_task.o
                0x08002b9c                user_check_task
 .text.HAL_Init
                0x08002c30       0x44 ./Drivers/STM32F4xx_HAL_Driver/Src/stm32f4xx_hal.o
                0x08002c30                HAL_Init
 .text.HAL_IncTick
                0x08002c74       0x28 ./Drivers/STM32F4xx_HAL_Driver/Src/stm32f4xx_hal.o
                0x08002c74                HAL_IncTick
 .text.HAL_GetTick
                0x08002c9c       0x18 ./Drivers/STM32F4xx_HAL_Driver/Src/stm32f4xx_hal.o
                0x08002c9c                HAL_GetTick
 .text.HAL_Delay
                0x08002cb4       0x48 ./Drivers/STM32F4xx_HAL_Driver/Src/stm32f4xx_hal.o
                0x08002cb4                HAL_Delay
 .text.HAL_ADC_Init
                0x08002cfc       0x86 ./Drivers/STM32F4xx_HAL_Driver/Src/stm32f4xx_hal_adc.o
                0x08002cfc                HAL_ADC_Init
 *fill*         0x08002d82        0x2 
 .text.HAL_ADC_ConfigChannel
                0x08002d84      0x244 ./Drivers/STM32F4xx_HAL_Driver/Src/stm32f4xx_hal_adc.o
                0x08002d84                HAL_ADC_ConfigChannel
 .text.ADC_Init
                0x08002fc8      0x1f8 ./Drivers/STM32F4xx_HAL_Driver/Src/stm32f4xx_hal_adc.o
 .text.__NVIC_SetPriorityGrouping
                0x080031c0       0x48 ./Drivers/STM32F4xx_HAL_Driver/Src/stm32f4xx_hal_cortex.o
 .text.__NVIC_GetPriorityGrouping
                0x08003208       0x1c ./Drivers/STM32F4xx_HAL_Driver/Src/stm32f4xx_hal_cortex.o
 .text.__NVIC_EnableIRQ
                0x08003224       0x3c ./Drivers/STM32F4xx_HAL_Driver/Src/stm32f4xx_hal_cortex.o
 .text.__NVIC_SetPriority
                0x08003260       0x54 ./Drivers/STM32F4xx_HAL_Driver/Src/stm32f4xx_hal_cortex.o
 .text.NVIC_EncodePriority
                0x080032b4       0x66 ./Drivers/STM32F4xx_HAL_Driver/Src/stm32f4xx_hal_cortex.o
 .text.HAL_NVIC_SetPriorityGrouping
                0x0800331a       0x16 ./Drivers/STM32F4xx_HAL_Driver/Src/stm32f4xx_hal_cortex.o
                0x0800331a                HAL_NVIC_SetPriorityGrouping
 .text.HAL_NVIC_SetPriority
                0x08003330       0x38 ./Drivers/STM32F4xx_HAL_Driver/Src/stm32f4xx_hal_cortex.o
                0x08003330                HAL_NVIC_SetPriority
 .text.HAL_NVIC_EnableIRQ
                0x08003368       0x1c ./Drivers/STM32F4xx_HAL_Driver/Src/stm32f4xx_hal_cortex.o
                0x08003368                HAL_NVIC_EnableIRQ
 .text.HAL_DMA_Init
                0x08003384      0x15c ./Drivers/STM32F4xx_HAL_Driver/Src/stm32f4xx_hal_dma.o
                0x08003384                HAL_DMA_Init
 .text.HAL_DMA_IRQHandler
                0x080034e0      0x314 ./Drivers/STM32F4xx_HAL_Driver/Src/stm32f4xx_hal_dma.o
                0x080034e0                HAL_DMA_IRQHandler
 .text.DMA_CalcBaseAndBitshift
                0x080037f4       0x6c ./Drivers/STM32F4xx_HAL_Driver/Src/stm32f4xx_hal_dma.o
 .text.DMA_CheckFifoParam
                0x08003860       0xf8 ./Drivers/STM32F4xx_HAL_Driver/Src/stm32f4xx_hal_dma.o
 .text.HAL_GPIO_Init
                0x08003958      0x308 ./Drivers/STM32F4xx_HAL_Driver/Src/stm32f4xx_hal_gpio.o
                0x08003958                HAL_GPIO_Init
 .text.HAL_GPIO_ReadPin
                0x08003c60       0x30 ./Drivers/STM32F4xx_HAL_Driver/Src/stm32f4xx_hal_gpio.o
                0x08003c60                HAL_GPIO_ReadPin
 .text.HAL_GPIO_WritePin
                0x08003c90       0x32 ./Drivers/STM32F4xx_HAL_Driver/Src/stm32f4xx_hal_gpio.o
                0x08003c90                HAL_GPIO_WritePin
 *fill*         0x08003cc2        0x2 
 .text.HAL_I2C_Init
                0x08003cc4      0x288 ./Drivers/STM32F4xx_HAL_Driver/Src/stm32f4xx_hal_i2c.o
                0x08003cc4                HAL_I2C_Init
 .text.HAL_I2C_Mem_Write
                0x08003f4c      0x1f4 ./Drivers/STM32F4xx_HAL_Driver/Src/stm32f4xx_hal_i2c.o
                0x08003f4c                HAL_I2C_Mem_Write
 .text.I2C_RequestMemoryWrite
                0x08004140      0x12c ./Drivers/STM32F4xx_HAL_Driver/Src/stm32f4xx_hal_i2c.o
 .text.I2C_WaitOnFlagUntilTimeout
                0x0800426c       0xf4 ./Drivers/STM32F4xx_HAL_Driver/Src/stm32f4xx_hal_i2c.o
 .text.I2C_WaitOnMasterAddressFlagUntilTimeout
                0x08004360      0x140 ./Drivers/STM32F4xx_HAL_Driver/Src/stm32f4xx_hal_i2c.o
 .text.I2C_WaitOnTXEFlagUntilTimeout
                0x080044a0       0x90 ./Drivers/STM32F4xx_HAL_Driver/Src/stm32f4xx_hal_i2c.o
 .text.I2C_WaitOnBTFFlagUntilTimeout
                0x08004530       0x90 ./Drivers/STM32F4xx_HAL_Driver/Src/stm32f4xx_hal_i2c.o
 .text.I2C_IsAcknowledgeFailed
                0x080045c0       0x5e ./Drivers/STM32F4xx_HAL_Driver/Src/stm32f4xx_hal_i2c.o
 *fill*         0x0800461e        0x2 
 .text.HAL_RCC_OscConfig
                0x08004620      0x4f0 ./Drivers/STM32F4xx_HAL_Driver/Src/stm32f4xx_hal_rcc.o
                0x08004620                HAL_RCC_OscConfig
 .text.HAL_RCC_ClockConfig
                0x08004b10      0x1cc ./Drivers/STM32F4xx_HAL_Driver/Src/stm32f4xx_hal_rcc.o
                0x08004b10                HAL_RCC_ClockConfig
 .text.HAL_RCC_GetSysClockFreq
                0x08004cdc      0x20c ./Drivers/STM32F4xx_HAL_Driver/Src/stm32f4xx_hal_rcc.o
                0x08004cdc                HAL_RCC_GetSysClockFreq
 .text.HAL_RCC_GetHCLKFreq
                0x08004ee8       0x18 ./Drivers/STM32F4xx_HAL_Driver/Src/stm32f4xx_hal_rcc.o
                0x08004ee8                HAL_RCC_GetHCLKFreq
 .text.HAL_RCC_GetPCLK1Freq
                0x08004f00       0x28 ./Drivers/STM32F4xx_HAL_Driver/Src/stm32f4xx_hal_rcc.o
                0x08004f00                HAL_RCC_GetPCLK1Freq
 .text.HAL_RCC_GetPCLK2Freq
                0x08004f28       0x28 ./Drivers/STM32F4xx_HAL_Driver/Src/stm32f4xx_hal_rcc.o
                0x08004f28                HAL_RCC_GetPCLK2Freq
 .text.HAL_RCC_GetClockConfig
                0x08004f50       0x64 ./Drivers/STM32F4xx_HAL_Driver/Src/stm32f4xx_hal_rcc.o
                0x08004f50                HAL_RCC_GetClockConfig
 .text.HAL_RCCEx_PeriphCLKConfig
                0x08004fb4      0x1dc ./Drivers/STM32F4xx_HAL_Driver/Src/stm32f4xx_hal_rcc_ex.o
                0x08004fb4                HAL_RCCEx_PeriphCLKConfig
 .text.HAL_RTC_Init
                0x08005190      0x106 ./Drivers/STM32F4xx_HAL_Driver/Src/stm32f4xx_hal_rtc.o
                0x08005190                HAL_RTC_Init
 .text.HAL_RTC_SetTime
                0x08005296      0x134 ./Drivers/STM32F4xx_HAL_Driver/Src/stm32f4xx_hal_rtc.o
                0x08005296                HAL_RTC_SetTime
 .text.HAL_RTC_SetDate
                0x080053ca      0x108 ./Drivers/STM32F4xx_HAL_Driver/Src/stm32f4xx_hal_rtc.o
                0x080053ca                HAL_RTC_SetDate
 *fill*         0x080054d2        0x2 
 .text.HAL_RTC_WaitForSynchro
                0x080054d4       0x4c ./Drivers/STM32F4xx_HAL_Driver/Src/stm32f4xx_hal_rtc.o
                0x080054d4                HAL_RTC_WaitForSynchro
 .text.RTC_EnterInitMode
                0x08005520       0x6e ./Drivers/STM32F4xx_HAL_Driver/Src/stm32f4xx_hal_rtc.o
                0x08005520                RTC_EnterInitMode
 .text.RTC_ExitInitMode
                0x0800558e       0x4a ./Drivers/STM32F4xx_HAL_Driver/Src/stm32f4xx_hal_rtc.o
                0x0800558e                RTC_ExitInitMode
 .text.RTC_ByteToBcd2
                0x080055d8       0x3c ./Drivers/STM32F4xx_HAL_Driver/Src/stm32f4xx_hal_rtc.o
                0x080055d8                RTC_ByteToBcd2
 .text.HAL_SPI_Init
                0x08005614      0x112 ./Drivers/STM32F4xx_HAL_Driver/Src/stm32f4xx_hal_spi.o
                0x08005614                HAL_SPI_Init
 .text.HAL_SPI_Transmit
                0x08005726      0x286 ./Drivers/STM32F4xx_HAL_Driver/Src/stm32f4xx_hal_spi.o
                0x08005726                HAL_SPI_Transmit
 .text.HAL_SPI_TransmitReceive
                0x080059ac      0x360 ./Drivers/STM32F4xx_HAL_Driver/Src/stm32f4xx_hal_spi.o
                0x080059ac                HAL_SPI_TransmitReceive
 .text.SPI_WaitFlagStateUntilTimeout
                0x08005d0c      0x110 ./Drivers/STM32F4xx_HAL_Driver/Src/stm32f4xx_hal_spi.o
 .text.SPI_EndRxTxTransaction
                0x08005e1c       0xa8 ./Drivers/STM32F4xx_HAL_Driver/Src/stm32f4xx_hal_spi.o
 .text.HAL_TIM_Base_Init
                0x08005ec4       0x9e ./Drivers/STM32F4xx_HAL_Driver/Src/stm32f4xx_hal_tim.o
                0x08005ec4                HAL_TIM_Base_Init
 .text.HAL_TIM_Base_MspInit
                0x08005f62       0x14 ./Drivers/STM32F4xx_HAL_Driver/Src/stm32f4xx_hal_tim.o
                0x08005f62                HAL_TIM_Base_MspInit
 *fill*         0x08005f76        0x2 
 .text.HAL_TIM_Base_Start_IT
                0x08005f78       0xc4 ./Drivers/STM32F4xx_HAL_Driver/Src/stm32f4xx_hal_tim.o
                0x08005f78                HAL_TIM_Base_Start_IT
 .text.HAL_TIM_IRQHandler
                0x0800603c      0x1e0 ./Drivers/STM32F4xx_HAL_Driver/Src/stm32f4xx_hal_tim.o
                0x0800603c                HAL_TIM_IRQHandler
 .text.HAL_TIM_OC_DelayElapsedCallback
                0x0800621c       0x14 ./Drivers/STM32F4xx_HAL_Driver/Src/stm32f4xx_hal_tim.o
                0x0800621c                HAL_TIM_OC_DelayElapsedCallback
 .text.HAL_TIM_IC_CaptureCallback
                0x08006230       0x14 ./Drivers/STM32F4xx_HAL_Driver/Src/stm32f4xx_hal_tim.o
                0x08006230                HAL_TIM_IC_CaptureCallback
 .text.HAL_TIM_PWM_PulseFinishedCallback
                0x08006244       0x14 ./Drivers/STM32F4xx_HAL_Driver/Src/stm32f4xx_hal_tim.o
                0x08006244                HAL_TIM_PWM_PulseFinishedCallback
 .text.HAL_TIM_TriggerCallback
                0x08006258       0x14 ./Drivers/STM32F4xx_HAL_Driver/Src/stm32f4xx_hal_tim.o
                0x08006258                HAL_TIM_TriggerCallback
 .text.TIM_Base_SetConfig
                0x0800626c      0x118 ./Drivers/STM32F4xx_HAL_Driver/Src/stm32f4xx_hal_tim.o
                0x0800626c                TIM_Base_SetConfig
 .text.HAL_TIMEx_CommutCallback
                0x08006384       0x14 ./Drivers/STM32F4xx_HAL_Driver/Src/stm32f4xx_hal_tim_ex.o
                0x08006384                HAL_TIMEx_CommutCallback
 .text.HAL_TIMEx_BreakCallback
                0x08006398       0x14 ./Drivers/STM32F4xx_HAL_Driver/Src/stm32f4xx_hal_tim_ex.o
                0x08006398                HAL_TIMEx_BreakCallback
 .text.HAL_UART_Init
                0x080063ac       0xa0 ./Drivers/STM32F4xx_HAL_Driver/Src/stm32f4xx_hal_uart.o
                0x080063ac                HAL_UART_Init
 .text.HAL_UART_Transmit
                0x0800644c      0x116 ./Drivers/STM32F4xx_HAL_Driver/Src/stm32f4xx_hal_uart.o
                0x0800644c                HAL_UART_Transmit
 .text.UART_WaitOnFlagUntilTimeout
                0x08006562       0xb2 ./Drivers/STM32F4xx_HAL_Driver/Src/stm32f4xx_hal_uart.o
 .text.UART_EndRxTransfer
                0x08006614       0xc6 ./Drivers/STM32F4xx_HAL_Driver/Src/stm32f4xx_hal_uart.o
 *fill*         0x080066da        0x2 
 .text.UART_SetConfig
                0x080066dc      0x4e8 ./Drivers/STM32F4xx_HAL_Driver/Src/stm32f4xx_hal_uart.o
 .text.MX_FATFS_Init
                0x08006bc4       0x24 ./FATFS/App/fatfs.o
                0x08006bc4                MX_FATFS_Init
 .text.get_fattime
                0x08006be8       0x10 ./FATFS/App/fatfs.o
                0x08006be8                get_fattime
 .text.USER_initialize
                0x08006bf8       0x1c ./FATFS/Target/user_diskio.o
                0x08006bf8                USER_initialize
 .text.USER_status
                0x08006c14       0x1c ./FATFS/Target/user_diskio.o
                0x08006c14                USER_status
 .text.USER_read
                0x08006c30       0x26 ./FATFS/Target/user_diskio.o
                0x08006c30                USER_read
 .text.USER_write
                0x08006c56       0x26 ./FATFS/Target/user_diskio.o
                0x08006c56                USER_write
 .text.USER_ioctl
                0x08006c7c       0x26 ./FATFS/Target/user_diskio.o
                0x08006c7c                USER_ioctl
 *fill*         0x08006ca2        0x2 
 .text.disk_status
                0x08006ca4       0x34 ./Middlewares/Third_Party/FatFs/src/diskio.o
                0x08006ca4                disk_status
 .text.disk_initialize
                0x08006cd8       0x50 ./Middlewares/Third_Party/FatFs/src/diskio.o
                0x08006cd8                disk_initialize
 .text.disk_read
                0x08006d28       0x40 ./Middlewares/Third_Party/FatFs/src/diskio.o
                0x08006d28                disk_read
 .text.disk_write
                0x08006d68       0x40 ./Middlewares/Third_Party/FatFs/src/diskio.o
                0x08006d68                disk_write
 .text.disk_ioctl
                0x08006da8       0x3c ./Middlewares/Third_Party/FatFs/src/diskio.o
                0x08006da8                disk_ioctl
 .text.ld_word  0x08006de4       0x30 ./Middlewares/Third_Party/FatFs/src/ff.o
 .text.ld_dword
                0x08006e14       0x46 ./Middlewares/Third_Party/FatFs/src/ff.o
 .text.st_word  0x08006e5a       0x36 ./Middlewares/Third_Party/FatFs/src/ff.o
 .text.st_dword
                0x08006e90       0x58 ./Middlewares/Third_Party/FatFs/src/ff.o
 .text.mem_cpy  0x08006ee8       0x42 ./Middlewares/Third_Party/FatFs/src/ff.o
 .text.mem_set  0x08006f2a       0x36 ./Middlewares/Third_Party/FatFs/src/ff.o
 .text.mem_cmp  0x08006f60       0x4e ./Middlewares/Third_Party/FatFs/src/ff.o
 .text.chk_chr  0x08006fae       0x36 ./Middlewares/Third_Party/FatFs/src/ff.o
 .text.lock_fs  0x08006fe4       0x2c ./Middlewares/Third_Party/FatFs/src/ff.o
 .text.unlock_fs
                0x08007010       0x36 ./Middlewares/Third_Party/FatFs/src/ff.o
 *fill*         0x08007046        0x2 
 .text.chk_lock
                0x08007048       0xb8 ./Middlewares/Third_Party/FatFs/src/ff.o
 .text.enq_lock
                0x08007100       0x44 ./Middlewares/Third_Party/FatFs/src/ff.o
 .text.inc_lock
                0x08007144      0x11c ./Middlewares/Third_Party/FatFs/src/ff.o
 .text.dec_lock
                0x08007260       0x78 ./Middlewares/Third_Party/FatFs/src/ff.o
 .text.clear_lock
                0x080072d8       0x48 ./Middlewares/Third_Party/FatFs/src/ff.o
 .text.sync_window
                0x08007320       0x88 ./Middlewares/Third_Party/FatFs/src/ff.o
 .text.move_window
                0x080073a8       0x5a ./Middlewares/Third_Party/FatFs/src/ff.o
 *fill*         0x08007402        0x2 
 .text.sync_fs  0x08007404       0xe0 ./Middlewares/Third_Party/FatFs/src/ff.o
 .text.clust2sect
                0x080074e4       0x3e ./Middlewares/Third_Party/FatFs/src/ff.o
 .text.get_fat  0x08007522      0x1a6 ./Middlewares/Third_Party/FatFs/src/ff.o
 .text.put_fat  0x080076c8      0x234 ./Middlewares/Third_Party/FatFs/src/ff.o
 .text.remove_chain
                0x080078fc       0xca ./Middlewares/Third_Party/FatFs/src/ff.o
 .text.create_chain
                0x080079c6      0x130 ./Middlewares/Third_Party/FatFs/src/ff.o
 .text.clmt_clust
                0x08007af6       0x70 ./Middlewares/Third_Party/FatFs/src/ff.o
 .text.dir_sdi  0x08007b66      0x112 ./Middlewares/Third_Party/FatFs/src/ff.o
 .text.dir_next
                0x08007c78      0x1ac ./Middlewares/Third_Party/FatFs/src/ff.o
 .text.dir_alloc
                0x08007e24       0x8e ./Middlewares/Third_Party/FatFs/src/ff.o
 .text.ld_clust
                0x08007eb2       0x3e ./Middlewares/Third_Party/FatFs/src/ff.o
 .text.st_clust
                0x08007ef0       0x40 ./Middlewares/Third_Party/FatFs/src/ff.o
 .text.cmp_lfn  0x08007f30       0xe0 ./Middlewares/Third_Party/FatFs/src/ff.o
 .text.put_lfn  0x08008010       0xd0 ./Middlewares/Third_Party/FatFs/src/ff.o
 .text.gen_numname
                0x080080e0      0x11c ./Middlewares/Third_Party/FatFs/src/ff.o
 .text.sum_sfn  0x080081fc       0x42 ./Middlewares/Third_Party/FatFs/src/ff.o
 .text.dir_find
                0x0800823e      0x180 ./Middlewares/Third_Party/FatFs/src/ff.o
 *fill*         0x080083be        0x2 
 .text.dir_register
                0x080083c0      0x1f0 ./Middlewares/Third_Party/FatFs/src/ff.o
 .text.get_fileinfo
                0x080085b0      0x1bc ./Middlewares/Third_Party/FatFs/src/ff.o
 .text.create_name
                0x0800876c      0x370 ./Middlewares/Third_Party/FatFs/src/ff.o
 .text.follow_path
                0x08008adc       0xec ./Middlewares/Third_Party/FatFs/src/ff.o
 .text.get_ldnumber
                0x08008bc8       0x88 ./Middlewares/Third_Party/FatFs/src/ff.o
 .text.check_fs
                0x08008c50       0xac ./Middlewares/Third_Party/FatFs/src/ff.o
 .text.find_volume
                0x08008cfc      0x510 ./Middlewares/Third_Party/FatFs/src/ff.o
 .text.validate
                0x0800920c       0x8e ./Middlewares/Third_Party/FatFs/src/ff.o
 *fill*         0x0800929a        0x2 
 .text.f_mount  0x0800929c       0xc8 ./Middlewares/Third_Party/FatFs/src/ff.o
                0x0800929c                f_mount
 .text.f_open   0x08009364      0x3c8 ./Middlewares/Third_Party/FatFs/src/ff.o
                0x08009364                f_open
 .text.f_read   0x0800972c      0x31c ./Middlewares/Third_Party/FatFs/src/ff.o
                0x0800972c                f_read
 .text.f_sync   0x08009a48      0x112 ./Middlewares/Third_Party/FatFs/src/ff.o
                0x08009a48                f_sync
 .text.f_close  0x08009b5a       0x5e ./Middlewares/Third_Party/FatFs/src/ff.o
                0x08009b5a                f_close
 .text.f_stat   0x08009bb8       0xaa ./Middlewares/Third_Party/FatFs/src/ff.o
                0x08009bb8                f_stat
 .text.f_gets   0x08009c62       0x7c ./Middlewares/Third_Party/FatFs/src/ff.o
                0x08009c62                f_gets
 *fill*         0x08009cde        0x2 
 .text.FATFS_LinkDriverEx
                0x08009ce0       0x98 ./Middlewares/Third_Party/FatFs/src/ff_gen_drv.o
                0x08009ce0                FATFS_LinkDriverEx
 .text.FATFS_LinkDriver
                0x08009d78       0x1e ./Middlewares/Third_Party/FatFs/src/ff_gen_drv.o
                0x08009d78                FATFS_LinkDriver
 *fill*         0x08009d96        0x2 
 .text.ff_convert
                0x08009d98       0x78 ./Middlewares/Third_Party/FatFs/src/option/ccsbcs.o
                0x08009d98                ff_convert
 .text.ff_wtoupper
                0x08009e10      0x114 ./Middlewares/Third_Party/FatFs/src/option/ccsbcs.o
                0x08009e10                ff_wtoupper
 .text.ff_cre_syncobj
                0x08009f24       0x40 ./Middlewares/Third_Party/FatFs/src/option/syscall.o
                0x08009f24                ff_cre_syncobj
 .text.ff_del_syncobj
                0x08009f64       0x18 ./Middlewares/Third_Party/FatFs/src/option/syscall.o
                0x08009f64                ff_del_syncobj
 .text.ff_req_grant
                0x08009f7c       0x2a ./Middlewares/Third_Party/FatFs/src/option/syscall.o
                0x08009f7c                ff_req_grant
 .text.ff_rel_grant
                0x08009fa6       0x16 ./Middlewares/Third_Party/FatFs/src/option/syscall.o
                0x08009fa6                ff_rel_grant
 .text.ff_memalloc
                0x08009fbc       0x18 ./Middlewares/Third_Party/FatFs/src/option/syscall.o
                0x08009fbc                ff_memalloc
 .text.ff_memfree
                0x08009fd4       0x16 ./Middlewares/Third_Party/FatFs/src/option/syscall.o
                0x08009fd4                ff_memfree
 .text.inHandlerMode
                0x08009fea       0x24 ./Middlewares/Third_Party/FreeRTOS/Source/CMSIS_RTOS/cmsis_os.o
 .text.osSemaphoreCreate
                0x0800a00e       0x64 ./Middlewares/Third_Party/FreeRTOS/Source/CMSIS_RTOS/cmsis_os.o
                0x0800a00e                osSemaphoreCreate
 *fill*         0x0800a072        0x2 
 .text.osSemaphoreWait
                0x0800a074       0x9c ./Middlewares/Third_Party/FreeRTOS/Source/CMSIS_RTOS/cmsis_os.o
                0x0800a074                osSemaphoreWait
 .text.osSemaphoreRelease
                0x0800a110       0x6c ./Middlewares/Third_Party/FreeRTOS/Source/CMSIS_RTOS/cmsis_os.o
                0x0800a110                osSemaphoreRelease
 .text.osSemaphoreDelete
                0x0800a17c       0x26 ./Middlewares/Third_Party/FreeRTOS/Source/CMSIS_RTOS/cmsis_os.o
                0x0800a17c                osSemaphoreDelete
 .text.vListInitialise
                0x0800a1a2       0x40 ./Middlewares/Third_Party/FreeRTOS/Source/list.o
                0x0800a1a2                vListInitialise
 .text.vListInitialiseItem
                0x0800a1e2       0x1a ./Middlewares/Third_Party/FreeRTOS/Source/list.o
                0x0800a1e2                vListInitialiseItem
 .text.vListInsertEnd
                0x0800a1fc       0x48 ./Middlewares/Third_Party/FreeRTOS/Source/list.o
                0x0800a1fc                vListInsertEnd
 .text.vListInsert
                0x0800a244       0x72 ./Middlewares/Third_Party/FreeRTOS/Source/list.o
                0x0800a244                vListInsert
 .text.uxListRemove
                0x0800a2b6       0x54 ./Middlewares/Third_Party/FreeRTOS/Source/list.o
                0x0800a2b6                uxListRemove
 *fill*         0x0800a30a        0x2 
 .text.xQueueGenericReset
                0x0800a30c       0xd4 ./Middlewares/Third_Party/FreeRTOS/Source/queue.o
                0x0800a30c                xQueueGenericReset
 .text.xQueueGenericCreateStatic
                0x0800a3e0       0xfa ./Middlewares/Third_Party/FreeRTOS/Source/queue.o
                0x0800a3e0                xQueueGenericCreateStatic
 .text.xQueueGenericCreate
                0x0800a4da       0x76 ./Middlewares/Third_Party/FreeRTOS/Source/queue.o
                0x0800a4da                xQueueGenericCreate
 .text.prvInitialiseNewQueue
                0x0800a550       0x3e ./Middlewares/Third_Party/FreeRTOS/Source/queue.o
 *fill*         0x0800a58e        0x2 
 .text.xQueueGenericSend
                0x0800a590      0x204 ./Middlewares/Third_Party/FreeRTOS/Source/queue.o
                0x0800a590                xQueueGenericSend
 .text.xQueueGiveFromISR
                0x0800a794      0x120 ./Middlewares/Third_Party/FreeRTOS/Source/queue.o
                0x0800a794                xQueueGiveFromISR
 .text.xQueueReceive
                0x0800a8b4      0x1c4 ./Middlewares/Third_Party/FreeRTOS/Source/queue.o
                0x0800a8b4                xQueueReceive
 .text.xQueueSemaphoreTake
                0x0800aa78      0x220 ./Middlewares/Third_Party/FreeRTOS/Source/queue.o
                0x0800aa78                xQueueSemaphoreTake
 .text.xQueueReceiveFromISR
                0x0800ac98      0x104 ./Middlewares/Third_Party/FreeRTOS/Source/queue.o
                0x0800ac98                xQueueReceiveFromISR
 .text.vQueueDelete
                0x0800ad9c       0x48 ./Middlewares/Third_Party/FreeRTOS/Source/queue.o
                0x0800ad9c                vQueueDelete
 .text.prvGetDisinheritPriorityAfterTimeout
                0x0800ade4       0x30 ./Middlewares/Third_Party/FreeRTOS/Source/queue.o
 .text.prvCopyDataToQueue
                0x0800ae14       0xd4 ./Middlewares/Third_Party/FreeRTOS/Source/queue.o
 .text.prvCopyDataFromQueue
                0x0800aee8       0x4c ./Middlewares/Third_Party/FreeRTOS/Source/queue.o
 .text.prvUnlockQueue
                0x0800af34       0xa4 ./Middlewares/Third_Party/FreeRTOS/Source/queue.o
 .text.prvIsQueueEmpty
                0x0800afd8       0x2c ./Middlewares/Third_Party/FreeRTOS/Source/queue.o
 .text.prvIsQueueFull
                0x0800b004       0x30 ./Middlewares/Third_Party/FreeRTOS/Source/queue.o
 .text.vQueueUnregisterQueue
                0x0800b034       0x54 ./Middlewares/Third_Party/FreeRTOS/Source/queue.o
                0x0800b034                vQueueUnregisterQueue
 .text.xTaskCreateStatic
                0x0800b088       0xc0 ./Middlewares/Third_Party/FreeRTOS/Source/tasks.o
                0x0800b088                xTaskCreateStatic
 .text.xTaskCreate
                0x0800b148       0x8a ./Middlewares/Third_Party/FreeRTOS/Source/tasks.o
                0x0800b148                xTaskCreate
 .text.prvInitialiseNewTask
                0x0800b1d2      0x110 ./Middlewares/Third_Party/FreeRTOS/Source/tasks.o
 *fill*         0x0800b2e2        0x2 
 .text.prvAddNewTaskToReadyList
                0x0800b2e4       0xd4 ./Middlewares/Third_Party/FreeRTOS/Source/tasks.o
 .text.vTaskDelay
                0x0800b3b8       0x6c ./Middlewares/Third_Party/FreeRTOS/Source/tasks.o
                0x0800b3b8                vTaskDelay
 .text.vTaskStartScheduler
                0x0800b424       0xc4 ./Middlewares/Third_Party/FreeRTOS/Source/tasks.o
                0x0800b424                vTaskStartScheduler
 .text.vTaskSuspendAll
                0x0800b4e8       0x1c ./Middlewares/Third_Party/FreeRTOS/Source/tasks.o
                0x0800b4e8                vTaskSuspendAll
 .text.xTaskResumeAll
                0x0800b504      0x13c ./Middlewares/Third_Party/FreeRTOS/Source/tasks.o
                0x0800b504                xTaskResumeAll
 .text.xTaskGetTickCount
                0x0800b640       0x20 ./Middlewares/Third_Party/FreeRTOS/Source/tasks.o
                0x0800b640                xTaskGetTickCount
 .text.xTaskIncrementTick
                0x0800b660      0x174 ./Middlewares/Third_Party/FreeRTOS/Source/tasks.o
                0x0800b660                xTaskIncrementTick
 .text.vTaskSwitchContext
                0x0800b7d4       0xb8 ./Middlewares/Third_Party/FreeRTOS/Source/tasks.o
                0x0800b7d4                vTaskSwitchContext
 .text.vTaskPlaceOnEventList
                0x0800b88c       0x4c ./Middlewares/Third_Party/FreeRTOS/Source/tasks.o
                0x0800b88c                vTaskPlaceOnEventList
 .text.xTaskRemoveFromEventList
                0x0800b8d8       0xc8 ./Middlewares/Third_Party/FreeRTOS/Source/tasks.o
                0x0800b8d8                xTaskRemoveFromEventList
 .text.vTaskInternalSetTimeOutState
                0x0800b9a0       0x2c ./Middlewares/Third_Party/FreeRTOS/Source/tasks.o
                0x0800b9a0                vTaskInternalSetTimeOutState
 .text.xTaskCheckForTimeOut
                0x0800b9cc       0xc8 ./Middlewares/Third_Party/FreeRTOS/Source/tasks.o
                0x0800b9cc                xTaskCheckForTimeOut
 .text.vTaskMissedYield
                0x0800ba94       0x18 ./Middlewares/Third_Party/FreeRTOS/Source/tasks.o
                0x0800ba94                vTaskMissedYield
 .text.prvIdleTask
                0x0800baac       0x30 ./Middlewares/Third_Party/FreeRTOS/Source/tasks.o
 .text.prvInitialiseTaskLists
                0x0800badc       0x80 ./Middlewares/Third_Party/FreeRTOS/Source/tasks.o
 .text.prvCheckTasksWaitingTermination
                0x0800bb5c       0x5c ./Middlewares/Third_Party/FreeRTOS/Source/tasks.o
 .text.prvDeleteTCB
                0x0800bbb8       0x60 ./Middlewares/Third_Party/FreeRTOS/Source/tasks.o
 .text.prvResetNextTaskUnblockTime
                0x0800bc18       0x40 ./Middlewares/Third_Party/FreeRTOS/Source/tasks.o
 .text.xTaskGetSchedulerState
                0x0800bc58       0x3c ./Middlewares/Third_Party/FreeRTOS/Source/tasks.o
                0x0800bc58                xTaskGetSchedulerState
 .text.xTaskPriorityInherit
                0x0800bc94       0xec ./Middlewares/Third_Party/FreeRTOS/Source/tasks.o
                0x0800bc94                xTaskPriorityInherit
 .text.xTaskPriorityDisinherit
                0x0800bd80      0x110 ./Middlewares/Third_Party/FreeRTOS/Source/tasks.o
                0x0800bd80                xTaskPriorityDisinherit
 .text.vTaskPriorityDisinheritAfterTimeout
                0x0800be90      0x120 ./Middlewares/Third_Party/FreeRTOS/Source/tasks.o
                0x0800be90                vTaskPriorityDisinheritAfterTimeout
 .text.pvTaskIncrementMutexHeldCount
                0x0800bfb0       0x28 ./Middlewares/Third_Party/FreeRTOS/Source/tasks.o
                0x0800bfb0                pvTaskIncrementMutexHeldCount
 .text.prvAddCurrentTaskToDelayedList
                0x0800bfd8       0xcc ./Middlewares/Third_Party/FreeRTOS/Source/tasks.o
 .text.pxPortInitialiseStack
                0x0800c0a4       0x68 ./Middlewares/Third_Party/FreeRTOS/Source/portable/GCC/ARM_CM4F/port.o
                0x0800c0a4                pxPortInitialiseStack
 .text.prvTaskExitError
                0x0800c10c       0x5c ./Middlewares/Third_Party/FreeRTOS/Source/portable/GCC/ARM_CM4F/port.o
 *fill*         0x0800c168        0x8 
 .text.SVC_Handler
                0x0800c170       0x28 ./Middlewares/Third_Party/FreeRTOS/Source/portable/GCC/ARM_CM4F/port.o
                0x0800c170                SVC_Handler
 .text.prvPortStartFirstTask
                0x0800c198       0x28 ./Middlewares/Third_Party/FreeRTOS/Source/portable/GCC/ARM_CM4F/port.o
 .text.xPortStartScheduler
                0x0800c1c0      0x148 ./Middlewares/Third_Party/FreeRTOS/Source/portable/GCC/ARM_CM4F/port.o
                0x0800c1c0                xPortStartScheduler
 .text.vPortEnterCritical
                0x0800c308       0x64 ./Middlewares/Third_Party/FreeRTOS/Source/portable/GCC/ARM_CM4F/port.o
                0x0800c308                vPortEnterCritical
 .text.vPortExitCritical
                0x0800c36c       0x54 ./Middlewares/Third_Party/FreeRTOS/Source/portable/GCC/ARM_CM4F/port.o
                0x0800c36c                vPortExitCritical
 .text.PendSV_Handler
                0x0800c3c0       0x68 ./Middlewares/Third_Party/FreeRTOS/Source/portable/GCC/ARM_CM4F/port.o
                0x0800c3c0                PendSV_Handler
 .text.SysTick_Handler
                0x0800c428       0x44 ./Middlewares/Third_Party/FreeRTOS/Source/portable/GCC/ARM_CM4F/port.o
                0x0800c428                SysTick_Handler
 .text.vPortSetupTimerInterrupt
                0x0800c46c       0x48 ./Middlewares/Third_Party/FreeRTOS/Source/portable/GCC/ARM_CM4F/port.o
                0x0800c46c                vPortSetupTimerInterrupt
 .text.vPortEnableVFP
                0x0800c4b4       0x14 ./Middlewares/Third_Party/FreeRTOS/Source/portable/GCC/ARM_CM4F/port.o
 .text.vPortValidateInterruptPriority
                0x0800c4c8       0x84 ./Middlewares/Third_Party/FreeRTOS/Source/portable/GCC/ARM_CM4F/port.o
                0x0800c4c8                vPortValidateInterruptPriority
 .text.pvPortMalloc
                0x0800c54c      0x19c ./Middlewares/Third_Party/FreeRTOS/Source/portable/MemMang/heap_4.o
                0x0800c54c                pvPortMalloc
 .text.vPortFree
                0x0800c6e8       0xc8 ./Middlewares/Third_Party/FreeRTOS/Source/portable/MemMang/heap_4.o
                0x0800c6e8                vPortFree
 .text.prvHeapInit
                0x0800c7b0       0xc4 ./Middlewares/Third_Party/FreeRTOS/Source/portable/MemMang/heap_4.o
 .text.prvInsertBlockIntoFreeList
                0x0800c874       0xb4 ./Middlewares/Third_Party/FreeRTOS/Source/portable/MemMang/heap_4.o
 .text.std      0x0800c928       0x6c C:/ST/STM32CubeIDE_1.15.1/STM32CubeIDE/plugins/com.st.stm32cube.ide.mcu.externaltools.gnu-tools-for-stm32.12.3.rel1.win32_1.0.100.202403111256/tools/bin/../lib/gcc/arm-none-eabi/12.3.1/../../../../arm-none-eabi/lib/thumb/v7e-m+fp/hard\libc_nano.a(libc_a-findfp.o)
 .text.stdio_exit_handler
                0x0800c994       0x18 C:/ST/STM32CubeIDE_1.15.1/STM32CubeIDE/plugins/com.st.stm32cube.ide.mcu.externaltools.gnu-tools-for-stm32.12.3.rel1.win32_1.0.100.202403111256/tools/bin/../lib/gcc/arm-none-eabi/12.3.1/../../../../arm-none-eabi/lib/thumb/v7e-m+fp/hard\libc_nano.a(libc_a-findfp.o)
 .text.cleanup_stdio
                0x0800c9ac       0x40 C:/ST/STM32CubeIDE_1.15.1/STM32CubeIDE/plugins/com.st.stm32cube.ide.mcu.externaltools.gnu-tools-for-stm32.12.3.rel1.win32_1.0.100.202403111256/tools/bin/../lib/gcc/arm-none-eabi/12.3.1/../../../../arm-none-eabi/lib/thumb/v7e-m+fp/hard\libc_nano.a(libc_a-findfp.o)
 .text.global_stdio_init.part.0
                0x0800c9ec       0x3c C:/ST/STM32CubeIDE_1.15.1/STM32CubeIDE/plugins/com.st.stm32cube.ide.mcu.externaltools.gnu-tools-for-stm32.12.3.rel1.win32_1.0.100.202403111256/tools/bin/../lib/gcc/arm-none-eabi/12.3.1/../../../../arm-none-eabi/lib/thumb/v7e-m+fp/hard\libc_nano.a(libc_a-findfp.o)
 .text.__sfp_lock_acquire
                0x0800ca28        0xc C:/ST/STM32CubeIDE_1.15.1/STM32CubeIDE/plugins/com.st.stm32cube.ide.mcu.externaltools.gnu-tools-for-stm32.12.3.rel1.win32_1.0.100.202403111256/tools/bin/../lib/gcc/arm-none-eabi/12.3.1/../../../../arm-none-eabi/lib/thumb/v7e-m+fp/hard\libc_nano.a(libc_a-findfp.o)
                0x0800ca28                __sfp_lock_acquire
 .text.__sfp_lock_release
                0x0800ca34        0xc C:/ST/STM32CubeIDE_1.15.1/STM32CubeIDE/plugins/com.st.stm32cube.ide.mcu.externaltools.gnu-tools-for-stm32.12.3.rel1.win32_1.0.100.202403111256/tools/bin/../lib/gcc/arm-none-eabi/12.3.1/../../../../arm-none-eabi/lib/thumb/v7e-m+fp/hard\libc_nano.a(libc_a-findfp.o)
                0x0800ca34                __sfp_lock_release
 .text.__sinit  0x0800ca40       0x30 C:/ST/STM32CubeIDE_1.15.1/STM32CubeIDE/plugins/com.st.stm32cube.ide.mcu.externaltools.gnu-tools-for-stm32.12.3.rel1.win32_1.0.100.202403111256/tools/bin/../lib/gcc/arm-none-eabi/12.3.1/../../../../arm-none-eabi/lib/thumb/v7e-m+fp/hard\libc_nano.a(libc_a-findfp.o)
                0x0800ca40                __sinit
 .text._fwalk_sglue
                0x0800ca70       0x3c C:/ST/STM32CubeIDE_1.15.1/STM32CubeIDE/plugins/com.st.stm32cube.ide.mcu.externaltools.gnu-tools-for-stm32.12.3.rel1.win32_1.0.100.202403111256/tools/bin/../lib/gcc/arm-none-eabi/12.3.1/../../../../arm-none-eabi/lib/thumb/v7e-m+fp/hard\libc_nano.a(libc_a-fwalk.o)
                0x0800ca70                _fwalk_sglue
 .text.__sread  0x0800caac       0x22 C:/ST/STM32CubeIDE_1.15.1/STM32CubeIDE/plugins/com.st.stm32cube.ide.mcu.externaltools.gnu-tools-for-stm32.12.3.rel1.win32_1.0.100.202403111256/tools/bin/../lib/gcc/arm-none-eabi/12.3.1/../../../../arm-none-eabi/lib/thumb/v7e-m+fp/hard\libc_nano.a(libc_a-stdio.o)
                0x0800caac                __sread
 .text.__swrite
                0x0800cace       0x38 C:/ST/STM32CubeIDE_1.15.1/STM32CubeIDE/plugins/com.st.stm32cube.ide.mcu.externaltools.gnu-tools-for-stm32.12.3.rel1.win32_1.0.100.202403111256/tools/bin/../lib/gcc/arm-none-eabi/12.3.1/../../../../arm-none-eabi/lib/thumb/v7e-m+fp/hard\libc_nano.a(libc_a-stdio.o)
                0x0800cace                __swrite
 .text.__sseek  0x0800cb06       0x24 C:/ST/STM32CubeIDE_1.15.1/STM32CubeIDE/plugins/com.st.stm32cube.ide.mcu.externaltools.gnu-tools-for-stm32.12.3.rel1.win32_1.0.100.202403111256/tools/bin/../lib/gcc/arm-none-eabi/12.3.1/../../../../arm-none-eabi/lib/thumb/v7e-m+fp/hard\libc_nano.a(libc_a-stdio.o)
                0x0800cb06                __sseek
 .text.__sclose
                0x0800cb2a        0x8 C:/ST/STM32CubeIDE_1.15.1/STM32CubeIDE/plugins/com.st.stm32cube.ide.mcu.externaltools.gnu-tools-for-stm32.12.3.rel1.win32_1.0.100.202403111256/tools/bin/../lib/gcc/arm-none-eabi/12.3.1/../../../../arm-none-eabi/lib/thumb/v7e-m+fp/hard\libc_nano.a(libc_a-stdio.o)
                0x0800cb2a                __sclose
 .text.memset   0x0800cb32       0x10 C:/ST/STM32CubeIDE_1.15.1/STM32CubeIDE/plugins/com.st.stm32cube.ide.mcu.externaltools.gnu-tools-for-stm32.12.3.rel1.win32_1.0.100.202403111256/tools/bin/../lib/gcc/arm-none-eabi/12.3.1/../../../../arm-none-eabi/lib/thumb/v7e-m+fp/hard\libc_nano.a(libc_a-memset.o)
                0x0800cb32                memset
 *fill*         0x0800cb42        0x2 
 .text.strtok   0x0800cb44       0x68 C:/ST/STM32CubeIDE_1.15.1/STM32CubeIDE/plugins/com.st.stm32cube.ide.mcu.externaltools.gnu-tools-for-stm32.12.3.rel1.win32_1.0.100.202403111256/tools/bin/../lib/gcc/arm-none-eabi/12.3.1/../../../../arm-none-eabi/lib/thumb/v7e-m+fp/hard\libc_nano.a(libc_a-strtok.o)
                0x0800cb44                strtok
 .text.__strtok_r
                0x0800cbac       0x50 C:/ST/STM32CubeIDE_1.15.1/STM32CubeIDE/plugins/com.st.stm32cube.ide.mcu.externaltools.gnu-tools-for-stm32.12.3.rel1.win32_1.0.100.202403111256/tools/bin/../lib/gcc/arm-none-eabi/12.3.1/../../../../arm-none-eabi/lib/thumb/v7e-m+fp/hard\libc_nano.a(libc_a-strtok_r.o)
                0x0800cbac                __strtok_r
 .text._close_r
                0x0800cbfc       0x20 C:/ST/STM32CubeIDE_1.15.1/STM32CubeIDE/plugins/com.st.stm32cube.ide.mcu.externaltools.gnu-tools-for-stm32.12.3.rel1.win32_1.0.100.202403111256/tools/bin/../lib/gcc/arm-none-eabi/12.3.1/../../../../arm-none-eabi/lib/thumb/v7e-m+fp/hard\libc_nano.a(libc_a-closer.o)
                0x0800cbfc                _close_r
 .text._lseek_r
                0x0800cc1c       0x24 C:/ST/STM32CubeIDE_1.15.1/STM32CubeIDE/plugins/com.st.stm32cube.ide.mcu.externaltools.gnu-tools-for-stm32.12.3.rel1.win32_1.0.100.202403111256/tools/bin/../lib/gcc/arm-none-eabi/12.3.1/../../../../arm-none-eabi/lib/thumb/v7e-m+fp/hard\libc_nano.a(libc_a-lseekr.o)
                0x0800cc1c                _lseek_r
 .text._read_r  0x0800cc40       0x24 C:/ST/STM32CubeIDE_1.15.1/STM32CubeIDE/plugins/com.st.stm32cube.ide.mcu.externaltools.gnu-tools-for-stm32.12.3.rel1.win32_1.0.100.202403111256/tools/bin/../lib/gcc/arm-none-eabi/12.3.1/../../../../arm-none-eabi/lib/thumb/v7e-m+fp/hard\libc_nano.a(libc_a-readr.o)
                0x0800cc40                _read_r
 .text._write_r
                0x0800cc64       0x24 C:/ST/STM32CubeIDE_1.15.1/STM32CubeIDE/plugins/com.st.stm32cube.ide.mcu.externaltools.gnu-tools-for-stm32.12.3.rel1.win32_1.0.100.202403111256/tools/bin/../lib/gcc/arm-none-eabi/12.3.1/../../../../arm-none-eabi/lib/thumb/v7e-m+fp/hard\libc_nano.a(libc_a-writer.o)
                0x0800cc64                _write_r
 .text.__errno  0x0800cc88        0xc C:/ST/STM32CubeIDE_1.15.1/STM32CubeIDE/plugins/com.st.stm32cube.ide.mcu.externaltools.gnu-tools-for-stm32.12.3.rel1.win32_1.0.100.202403111256/tools/bin/../lib/gcc/arm-none-eabi/12.3.1/../../../../arm-none-eabi/lib/thumb/v7e-m+fp/hard\libc_nano.a(libc_a-errno.o)
                0x0800cc88                __errno
 .text.__libc_init_array
                0x0800cc94       0x48 C:/ST/STM32CubeIDE_1.15.1/STM32CubeIDE/plugins/com.st.stm32cube.ide.mcu.externaltools.gnu-tools-for-stm32.12.3.rel1.win32_1.0.100.202403111256/tools/bin/../lib/gcc/arm-none-eabi/12.3.1/../../../../arm-none-eabi/lib/thumb/v7e-m+fp/hard\libc_nano.a(libc_a-init.o)
                0x0800cc94                __libc_init_array
 .text.__retarget_lock_init_recursive
                0x0800ccdc        0x2 C:/ST/STM32CubeIDE_1.15.1/STM32CubeIDE/plugins/com.st.stm32cube.ide.mcu.externaltools.gnu-tools-for-stm32.12.3.rel1.win32_1.0.100.202403111256/tools/bin/../lib/gcc/arm-none-eabi/12.3.1/../../../../arm-none-eabi/lib/thumb/v7e-m+fp/hard\libc_nano.a(libc_a-lock.o)
                0x0800ccdc                __retarget_lock_init_recursive
 .text.__retarget_lock_acquire_recursive
                0x0800ccde        0x2 C:/ST/STM32CubeIDE_1.15.1/STM32CubeIDE/plugins/com.st.stm32cube.ide.mcu.externaltools.gnu-tools-for-stm32.12.3.rel1.win32_1.0.100.202403111256/tools/bin/../lib/gcc/arm-none-eabi/12.3.1/../../../../arm-none-eabi/lib/thumb/v7e-m+fp/hard\libc_nano.a(libc_a-lock.o)
                0x0800ccde                __retarget_lock_acquire_recursive
 .text.__retarget_lock_release_recursive
                0x0800cce0        0x2 C:/ST/STM32CubeIDE_1.15.1/STM32CubeIDE/plugins/com.st.stm32cube.ide.mcu.externaltools.gnu-tools-for-stm32.12.3.rel1.win32_1.0.100.202403111256/tools/bin/../lib/gcc/arm-none-eabi/12.3.1/../../../../arm-none-eabi/lib/thumb/v7e-m+fp/hard\libc_nano.a(libc_a-lock.o)
                0x0800cce0                __retarget_lock_release_recursive
 .text.memcpy   0x0800cce2       0x1c C:/ST/STM32CubeIDE_1.15.1/STM32CubeIDE/plugins/com.st.stm32cube.ide.mcu.externaltools.gnu-tools-for-stm32.12.3.rel1.win32_1.0.100.202403111256/tools/bin/../lib/gcc/arm-none-eabi/12.3.1/../../../../arm-none-eabi/lib/thumb/v7e-m+fp/hard\libc_nano.a(libc_a-memcpy-stub.o)
                0x0800cce2                memcpy
 *fill*         0x0800ccfe        0x2 
 .text.__assert_func
                0x0800cd00       0x3c C:/ST/STM32CubeIDE_1.15.1/STM32CubeIDE/plugins/com.st.stm32cube.ide.mcu.externaltools.gnu-tools-for-stm32.12.3.rel1.win32_1.0.100.202403111256/tools/bin/../lib/gcc/arm-none-eabi/12.3.1/../../../../arm-none-eabi/lib/thumb/v7e-m+fp/hard\libc_nano.a(libc_a-assert.o)
                0x0800cd00                __assert_func
 .text._free_r  0x0800cd3c       0x94 C:/ST/STM32CubeIDE_1.15.1/STM32CubeIDE/plugins/com.st.stm32cube.ide.mcu.externaltools.gnu-tools-for-stm32.12.3.rel1.win32_1.0.100.202403111256/tools/bin/../lib/gcc/arm-none-eabi/12.3.1/../../../../arm-none-eabi/lib/thumb/v7e-m+fp/hard\libc_nano.a(libc_a-freer.o)
                0x0800cd3c                _free_r
 .text.malloc   0x0800cdd0       0x10 C:/ST/STM32CubeIDE_1.15.1/STM32CubeIDE/plugins/com.st.stm32cube.ide.mcu.externaltools.gnu-tools-for-stm32.12.3.rel1.win32_1.0.100.202403111256/tools/bin/../lib/gcc/arm-none-eabi/12.3.1/../../../../arm-none-eabi/lib/thumb/v7e-m+fp/hard\libc_nano.a(libc_a-malloc.o)
                0x0800cdd0                malloc
 .text.sbrk_aligned
                0x0800cde0       0x44 C:/ST/STM32CubeIDE_1.15.1/STM32CubeIDE/plugins/com.st.stm32cube.ide.mcu.externaltools.gnu-tools-for-stm32.12.3.rel1.win32_1.0.100.202403111256/tools/bin/../lib/gcc/arm-none-eabi/12.3.1/../../../../arm-none-eabi/lib/thumb/v7e-m+fp/hard\libc_nano.a(libc_a-mallocr.o)
 .text._malloc_r
                0x0800ce24      0x100 C:/ST/STM32CubeIDE_1.15.1/STM32CubeIDE/plugins/com.st.stm32cube.ide.mcu.externaltools.gnu-tools-for-stm32.12.3.rel1.win32_1.0.100.202403111256/tools/bin/../lib/gcc/arm-none-eabi/12.3.1/../../../../arm-none-eabi/lib/thumb/v7e-m+fp/hard\libc_nano.a(libc_a-mallocr.o)
                0x0800ce24                _malloc_r
 .text.__malloc_lock
                0x0800cf24        0xc C:/ST/STM32CubeIDE_1.15.1/STM32CubeIDE/plugins/com.st.stm32cube.ide.mcu.externaltools.gnu-tools-for-stm32.12.3.rel1.win32_1.0.100.202403111256/tools/bin/../lib/gcc/arm-none-eabi/12.3.1/../../../../arm-none-eabi/lib/thumb/v7e-m+fp/hard\libc_nano.a(libc_a-mlock.o)
                0x0800cf24                __malloc_lock
 .text.__malloc_unlock
                0x0800cf30        0xc C:/ST/STM32CubeIDE_1.15.1/STM32CubeIDE/plugins/com.st.stm32cube.ide.mcu.externaltools.gnu-tools-for-stm32.12.3.rel1.win32_1.0.100.202403111256/tools/bin/../lib/gcc/arm-none-eabi/12.3.1/../../../../arm-none-eabi/lib/thumb/v7e-m+fp/hard\libc_nano.a(libc_a-mlock.o)
                0x0800cf30                __malloc_unlock
 .text._printf_common
                0x0800cf3c       0xda C:/ST/STM32CubeIDE_1.15.1/STM32CubeIDE/plugins/com.st.stm32cube.ide.mcu.externaltools.gnu-tools-for-stm32.12.3.rel1.win32_1.0.100.202403111256/tools/bin/../lib/gcc/arm-none-eabi/12.3.1/../../../../arm-none-eabi/lib/thumb/v7e-m+fp/hard\libc_nano.a(libc_a-nano-vfprintf_i.o)
                0x0800cf3c                _printf_common
 *fill*         0x0800d016        0x2 
 .text._printf_i
                0x0800d018      0x240 C:/ST/STM32CubeIDE_1.15.1/STM32CubeIDE/plugins/com.st.stm32cube.ide.mcu.externaltools.gnu-tools-for-stm32.12.3.rel1.win32_1.0.100.202403111256/tools/bin/../lib/gcc/arm-none-eabi/12.3.1/../../../../arm-none-eabi/lib/thumb/v7e-m+fp/hard\libc_nano.a(libc_a-nano-vfprintf_i.o)
                0x0800d018                _printf_i
 .text.__sflush_r
                0x0800d258      0x108 C:/ST/STM32CubeIDE_1.15.1/STM32CubeIDE/plugins/com.st.stm32cube.ide.mcu.externaltools.gnu-tools-for-stm32.12.3.rel1.win32_1.0.100.202403111256/tools/bin/../lib/gcc/arm-none-eabi/12.3.1/../../../../arm-none-eabi/lib/thumb/v7e-m+fp/hard\libc_nano.a(libc_a-fflush.o)
                0x0800d258                __sflush_r
 .text._fflush_r
                0x0800d360       0x50 C:/ST/STM32CubeIDE_1.15.1/STM32CubeIDE/plugins/com.st.stm32cube.ide.mcu.externaltools.gnu-tools-for-stm32.12.3.rel1.win32_1.0.100.202403111256/tools/bin/../lib/gcc/arm-none-eabi/12.3.1/../../../../arm-none-eabi/lib/thumb/v7e-m+fp/hard\libc_nano.a(libc_a-fflush.o)
                0x0800d360                _fflush_r
 .text.fprintf  0x0800d3b0       0x24 C:/ST/STM32CubeIDE_1.15.1/STM32CubeIDE/plugins/com.st.stm32cube.ide.mcu.externaltools.gnu-tools-for-stm32.12.3.rel1.win32_1.0.100.202403111256/tools/bin/../lib/gcc/arm-none-eabi/12.3.1/../../../../arm-none-eabi/lib/thumb/v7e-m+fp/hard\libc_nano.a(libc_a-fprintf.o)
                0x0800d3b0                fiprintf
                0x0800d3b0                fprintf
 .text._sbrk_r  0x0800d3d4       0x20 C:/ST/STM32CubeIDE_1.15.1/STM32CubeIDE/plugins/com.st.stm32cube.ide.mcu.externaltools.gnu-tools-for-stm32.12.3.rel1.win32_1.0.100.202403111256/tools/bin/../lib/gcc/arm-none-eabi/12.3.1/../../../../arm-none-eabi/lib/thumb/v7e-m+fp/hard\libc_nano.a(libc_a-sbrkr.o)
                0x0800d3d4                _sbrk_r
 .text.abort    0x0800d3f4        0xe C:/ST/STM32CubeIDE_1.15.1/STM32CubeIDE/plugins/com.st.stm32cube.ide.mcu.externaltools.gnu-tools-for-stm32.12.3.rel1.win32_1.0.100.202403111256/tools/bin/../lib/gcc/arm-none-eabi/12.3.1/../../../../arm-none-eabi/lib/thumb/v7e-m+fp/hard\libc_nano.a(libc_a-abort.o)
                0x0800d3f4                abort
 .text.__sfputc_r
                0x0800d402       0x2e C:/ST/STM32CubeIDE_1.15.1/STM32CubeIDE/plugins/com.st.stm32cube.ide.mcu.externaltools.gnu-tools-for-stm32.12.3.rel1.win32_1.0.100.202403111256/tools/bin/../lib/gcc/arm-none-eabi/12.3.1/../../../../arm-none-eabi/lib/thumb/v7e-m+fp/hard\libc_nano.a(libc_a-nano-vfprintf.o)
 .text.__sfputs_r
                0x0800d430       0x24 C:/ST/STM32CubeIDE_1.15.1/STM32CubeIDE/plugins/com.st.stm32cube.ide.mcu.externaltools.gnu-tools-for-stm32.12.3.rel1.win32_1.0.100.202403111256/tools/bin/../lib/gcc/arm-none-eabi/12.3.1/../../../../arm-none-eabi/lib/thumb/v7e-m+fp/hard\libc_nano.a(libc_a-nano-vfprintf.o)
                0x0800d430                __sfputs_r
 .text._vfprintf_r
                0x0800d454      0x230 C:/ST/STM32CubeIDE_1.15.1/STM32CubeIDE/plugins/com.st.stm32cube.ide.mcu.externaltools.gnu-tools-for-stm32.12.3.rel1.win32_1.0.100.202403111256/tools/bin/../lib/gcc/arm-none-eabi/12.3.1/../../../../arm-none-eabi/lib/thumb/v7e-m+fp/hard\libc_nano.a(libc_a-nano-vfprintf.o)
                0x0800d454                _vfprintf_r
                0x0800d454                _vfiprintf_r
 .text.__swbuf_r
                0x0800d684       0x7c C:/ST/STM32CubeIDE_1.15.1/STM32CubeIDE/plugins/com.st.stm32cube.ide.mcu.externaltools.gnu-tools-for-stm32.12.3.rel1.win32_1.0.100.202403111256/tools/bin/../lib/gcc/arm-none-eabi/12.3.1/../../../../arm-none-eabi/lib/thumb/v7e-m+fp/hard\libc_nano.a(libc_a-wbuf.o)
                0x0800d684                __swbuf_r
 .text.__swsetup_r
                0x0800d700       0xac C:/ST/STM32CubeIDE_1.15.1/STM32CubeIDE/plugins/com.st.stm32cube.ide.mcu.externaltools.gnu-tools-for-stm32.12.3.rel1.win32_1.0.100.202403111256/tools/bin/../lib/gcc/arm-none-eabi/12.3.1/../../../../arm-none-eabi/lib/thumb/v7e-m+fp/hard\libc_nano.a(libc_a-wsetup.o)
                0x0800d700                __swsetup_r
 .text._raise_r
                0x0800d7ac       0x50 C:/ST/STM32CubeIDE_1.15.1/STM32CubeIDE/plugins/com.st.stm32cube.ide.mcu.externaltools.gnu-tools-for-stm32.12.3.rel1.win32_1.0.100.202403111256/tools/bin/../lib/gcc/arm-none-eabi/12.3.1/../../../../arm-none-eabi/lib/thumb/v7e-m+fp/hard\libc_nano.a(libc_a-signal.o)
                0x0800d7ac                _raise_r
 .text.raise    0x0800d7fc       0x10 C:/ST/STM32CubeIDE_1.15.1/STM32CubeIDE/plugins/com.st.stm32cube.ide.mcu.externaltools.gnu-tools-for-stm32.12.3.rel1.win32_1.0.100.202403111256/tools/bin/../lib/gcc/arm-none-eabi/12.3.1/../../../../arm-none-eabi/lib/thumb/v7e-m+fp/hard\libc_nano.a(libc_a-signal.o)
                0x0800d7fc                raise
 .text._kill_r  0x0800d80c       0x24 C:/ST/STM32CubeIDE_1.15.1/STM32CubeIDE/plugins/com.st.stm32cube.ide.mcu.externaltools.gnu-tools-for-stm32.12.3.rel1.win32_1.0.100.202403111256/tools/bin/../lib/gcc/arm-none-eabi/12.3.1/../../../../arm-none-eabi/lib/thumb/v7e-m+fp/hard\libc_nano.a(libc_a-signalr.o)
                0x0800d80c                _kill_r
 .text._getpid_r
                0x0800d830        0x4 C:/ST/STM32CubeIDE_1.15.1/STM32CubeIDE/plugins/com.st.stm32cube.ide.mcu.externaltools.gnu-tools-for-stm32.12.3.rel1.win32_1.0.100.202403111256/tools/bin/../lib/gcc/arm-none-eabi/12.3.1/../../../../arm-none-eabi/lib/thumb/v7e-m+fp/hard\libc_nano.a(libc_a-signalr.o)
                0x0800d830                _getpid_r
 .text.__swhatbuf_r
                0x0800d834       0x4c C:/ST/STM32CubeIDE_1.15.1/STM32CubeIDE/plugins/com.st.stm32cube.ide.mcu.externaltools.gnu-tools-for-stm32.12.3.rel1.win32_1.0.100.202403111256/tools/bin/../lib/gcc/arm-none-eabi/12.3.1/../../../../arm-none-eabi/lib/thumb/v7e-m+fp/hard\libc_nano.a(libc_a-makebuf.o)
                0x0800d834                __swhatbuf_r
 .text.__smakebuf_r
                0x0800d880       0x78 C:/ST/STM32CubeIDE_1.15.1/STM32CubeIDE/plugins/com.st.stm32cube.ide.mcu.externaltools.gnu-tools-for-stm32.12.3.rel1.win32_1.0.100.202403111256/tools/bin/../lib/gcc/arm-none-eabi/12.3.1/../../../../arm-none-eabi/lib/thumb/v7e-m+fp/hard\libc_nano.a(libc_a-makebuf.o)
                0x0800d880                __smakebuf_r
 .text._fstat_r
                0x0800d8f8       0x24 C:/ST/STM32CubeIDE_1.15.1/STM32CubeIDE/plugins/com.st.stm32cube.ide.mcu.externaltools.gnu-tools-for-stm32.12.3.rel1.win32_1.0.100.202403111256/tools/bin/../lib/gcc/arm-none-eabi/12.3.1/../../../../arm-none-eabi/lib/thumb/v7e-m+fp/hard\libc_nano.a(libc_a-fstatr.o)
                0x0800d8f8                _fstat_r
 .text._isatty_r
                0x0800d91c       0x20 C:/ST/STM32CubeIDE_1.15.1/STM32CubeIDE/plugins/com.st.stm32cube.ide.mcu.externaltools.gnu-tools-for-stm32.12.3.rel1.win32_1.0.100.202403111256/tools/bin/../lib/gcc/arm-none-eabi/12.3.1/../../../../arm-none-eabi/lib/thumb/v7e-m+fp/hard\libc_nano.a(libc_a-isattyr.o)
                0x0800d91c                _isatty_r
 *(.glue_7)
 .glue_7        0x0800d93c        0x0 linker stubs
 *(.glue_7t)
 .glue_7t       0x0800d93c        0x0 linker stubs
 *(.eh_frame)
 .eh_frame      0x0800d93c        0x0 C:/ST/STM32CubeIDE_1.15.1/STM32CubeIDE/plugins/com.st.stm32cube.ide.mcu.externaltools.gnu-tools-for-stm32.12.3.rel1.win32_1.0.100.202403111256/tools/bin/../lib/gcc/arm-none-eabi/12.3.1/thumb/v7e-m+fp/hard/crtbegin.o
 *(.init)
 .init          0x0800d93c        0x4 C:/ST/STM32CubeIDE_1.15.1/STM32CubeIDE/plugins/com.st.stm32cube.ide.mcu.externaltools.gnu-tools-for-stm32.12.3.rel1.win32_1.0.100.202403111256/tools/bin/../lib/gcc/arm-none-eabi/12.3.1/thumb/v7e-m+fp/hard/crti.o
                0x0800d93c                _init
 .init          0x0800d940        0x8 C:/ST/STM32CubeIDE_1.15.1/STM32CubeIDE/plugins/com.st.stm32cube.ide.mcu.externaltools.gnu-tools-for-stm32.12.3.rel1.win32_1.0.100.202403111256/tools/bin/../lib/gcc/arm-none-eabi/12.3.1/thumb/v7e-m+fp/hard/crtn.o
 *(.fini)
 .fini          0x0800d948        0x4 C:/ST/STM32CubeIDE_1.15.1/STM32CubeIDE/plugins/com.st.stm32cube.ide.mcu.externaltools.gnu-tools-for-stm32.12.3.rel1.win32_1.0.100.202403111256/tools/bin/../lib/gcc/arm-none-eabi/12.3.1/thumb/v7e-m+fp/hard/crti.o
                0x0800d948                _fini
 .fini          0x0800d94c        0x8 C:/ST/STM32CubeIDE_1.15.1/STM32CubeIDE/plugins/com.st.stm32cube.ide.mcu.externaltools.gnu-tools-for-stm32.12.3.rel1.win32_1.0.100.202403111256/tools/bin/../lib/gcc/arm-none-eabi/12.3.1/thumb/v7e-m+fp/hard/crtn.o
                0x0800d954                        . = ALIGN (0x4)
                0x0800d954                        _etext = .

.vfp11_veneer   0x0800d954        0x0
 .vfp11_veneer  0x0800d954        0x0 linker stubs

.v4_bx          0x0800d954        0x0
 .v4_bx         0x0800d954        0x0 linker stubs

.iplt           0x0800d954        0x0
 .iplt          0x0800d954        0x0 C:/ST/STM32CubeIDE_1.15.1/STM32CubeIDE/plugins/com.st.stm32cube.ide.mcu.externaltools.gnu-tools-for-stm32.12.3.rel1.win32_1.0.100.202403111256/tools/bin/../lib/gcc/arm-none-eabi/12.3.1/thumb/v7e-m+fp/hard/crtbegin.o

.rodata         0x0800d954     0x28e0
                0x0800d954                        . = ALIGN (0x4)
 *(.rodata)
 .rodata        0x0800d954       0x2f ./Core/Src/main.o
 *fill*         0x0800d983        0x1 
 .rodata        0x0800d984      0x15f ./Core/drivers/sd_card/sd_functions.o
 *fill*         0x0800dae3        0x1 
 .rodata        0x0800dae4       0x62 ./Core/subsystems/display_manager/display_manager.o
 *fill*         0x0800db46        0x2 
 .rodata        0x0800db48       0x99 ./Core/subsystems/user_check_task/user_check_task.o
 *fill*         0x0800dbe1        0x3 
 .rodata        0x0800dbe4       0x48 ./Middlewares/Third_Party/FatFs/src/ff.o
 .rodata        0x0800dc2c        0x5 ./Middlewares/Third_Party/FreeRTOS/Source/tasks.o
 *(.rodata*)
 *fill*         0x0800dc31        0x3 
 .rodata.AHBPrescTable
                0x0800dc34       0x10 ./Core/Src/system_stm32f4xx.o
                0x0800dc34                AHBPrescTable
 .rodata.APBPrescTable
                0x0800dc44        0x8 ./Core/Src/system_stm32f4xx.o
                0x0800dc44                APBPrescTable
 .rodata.Font11x18
                0x0800dc4c      0xd5c ./Core/drivers/display/ssd1306_fonts.o
 .rodata.Font16x26
                0x0800e9a8     0x134c ./Core/drivers/display/ssd1306_fonts.o
 .rodata.Font_11x18
                0x0800fcf4        0xc ./Core/drivers/display/ssd1306_fonts.o
                0x0800fcf4                Font_11x18
 .rodata.Font_16x26
                0x0800fd00        0xc ./Core/drivers/display/ssd1306_fonts.o
                0x0800fd00                Font_16x26
 .rodata.flagBitshiftOffset.0
                0x0800fd0c        0x8 ./Drivers/STM32F4xx_HAL_Driver/Src/stm32f4xx_hal_dma.o
 .rodata.ExCvt  0x0800fd14       0x80 ./Middlewares/Third_Party/FatFs/src/ff.o
 .rodata.LfnOfs
                0x0800fd94        0xd ./Middlewares/Third_Party/FatFs/src/ff.o
 *fill*         0x0800fda1        0x3 
 .rodata.Tbl    0x0800fda4      0x100 ./Middlewares/Third_Party/FatFs/src/option/ccsbcs.o
 .rodata.cvt1.1
                0x0800fea4      0x1f2 ./Middlewares/Third_Party/FatFs/src/option/ccsbcs.o
 *fill*         0x08010096        0x2 
 .rodata.cvt2.0
                0x08010098       0xbc ./Middlewares/Third_Party/FatFs/src/option/ccsbcs.o
 .rodata.strtok.str1.1
                0x08010154       0x71 C:/ST/STM32CubeIDE_1.15.1/STM32CubeIDE/plugins/com.st.stm32cube.ide.mcu.externaltools.gnu-tools-for-stm32.12.3.rel1.win32_1.0.100.202403111256/tools/bin/../lib/gcc/arm-none-eabi/12.3.1/../../../../arm-none-eabi/lib/thumb/v7e-m+fp/hard\libc_nano.a(libc_a-strtok.o)
 .rodata.__assert_func.str1.1
                0x080101c5       0x3c C:/ST/STM32CubeIDE_1.15.1/STM32CubeIDE/plugins/com.st.stm32cube.ide.mcu.externaltools.gnu-tools-for-stm32.12.3.rel1.win32_1.0.100.202403111256/tools/bin/../lib/gcc/arm-none-eabi/12.3.1/../../../../arm-none-eabi/lib/thumb/v7e-m+fp/hard\libc_nano.a(libc_a-assert.o)
                                 0x3d (size before relaxing)
 .rodata._printf_i.str1.1
                0x08010201       0x22 C:/ST/STM32CubeIDE_1.15.1/STM32CubeIDE/plugins/com.st.stm32cube.ide.mcu.externaltools.gnu-tools-for-stm32.12.3.rel1.win32_1.0.100.202403111256/tools/bin/../lib/gcc/arm-none-eabi/12.3.1/../../../../arm-none-eabi/lib/thumb/v7e-m+fp/hard\libc_nano.a(libc_a-nano-vfprintf_i.o)
 .rodata._vfprintf_r.str1.1
                0x08010223       0x11 C:/ST/STM32CubeIDE_1.15.1/STM32CubeIDE/plugins/com.st.stm32cube.ide.mcu.externaltools.gnu-tools-for-stm32.12.3.rel1.win32_1.0.100.202403111256/tools/bin/../lib/gcc/arm-none-eabi/12.3.1/../../../../arm-none-eabi/lib/thumb/v7e-m+fp/hard\libc_nano.a(libc_a-nano-vfprintf.o)
                0x08010234                        . = ALIGN (0x4)

.ARM.extab      0x08010234        0x0
                0x08010234                        . = ALIGN (0x4)
 *(.ARM.extab* .gnu.linkonce.armextab.*)
                0x08010234                        . = ALIGN (0x4)

.ARM            0x08010234        0x8
                0x08010234                        . = ALIGN (0x4)
                0x08010234                        __exidx_start = .
 *(.ARM.exidx*)
 .ARM.exidx     0x08010234        0x8 C:/ST/STM32CubeIDE_1.15.1/STM32CubeIDE/plugins/com.st.stm32cube.ide.mcu.externaltools.gnu-tools-for-stm32.12.3.rel1.win32_1.0.100.202403111256/tools/bin/../lib/gcc/arm-none-eabi/12.3.1/../../../../arm-none-eabi/lib/thumb/v7e-m+fp/hard\libc_nano.a(libc_a-strcmp.o)
 .ARM.exidx     0x0801023c        0x0 C:/ST/STM32CubeIDE_1.15.1/STM32CubeIDE/plugins/com.st.stm32cube.ide.mcu.externaltools.gnu-tools-for-stm32.12.3.rel1.win32_1.0.100.202403111256/tools/bin/../lib/gcc/arm-none-eabi/12.3.1/../../../../arm-none-eabi/lib/thumb/v7e-m+fp/hard\libc_nano.a(libc_a-strlen.o)
                                  0x8 (size before relaxing)
 .ARM.exidx     0x0801023c        0x0 C:/ST/STM32CubeIDE_1.15.1/STM32CubeIDE/plugins/com.st.stm32cube.ide.mcu.externaltools.gnu-tools-for-stm32.12.3.rel1.win32_1.0.100.202403111256/tools/bin/../lib/gcc/arm-none-eabi/12.3.1/../../../../arm-none-eabi/lib/thumb/v7e-m+fp/hard\libc_nano.a(libc_a-memchr.o)
                                  0x8 (size before relaxing)
 .ARM.exidx     0x0801023c        0x0 C:/ST/STM32CubeIDE_1.15.1/STM32CubeIDE/plugins/com.st.stm32cube.ide.mcu.externaltools.gnu-tools-for-stm32.12.3.rel1.win32_1.0.100.202403111256/tools/bin/../lib/gcc/arm-none-eabi/12.3.1/thumb/v7e-m+fp/hard\libgcc.a(_udivmoddi4.o)
                                  0x8 (size before relaxing)
                0x0801023c                        __exidx_end = .
                0x0801023c                        . = ALIGN (0x4)

.preinit_array  0x0801023c        0x0
                0x0801023c                        . = ALIGN (0x4)
                0x0801023c                        PROVIDE (__preinit_array_start = .)
 *(.preinit_array*)
                0x0801023c                        PROVIDE (__preinit_array_end = .)
                0x0801023c                        . = ALIGN (0x4)

.init_array     0x0801023c        0x4
                0x0801023c                        . = ALIGN (0x4)
                0x0801023c                        PROVIDE (__init_array_start = .)
 *(SORT_BY_NAME(.init_array.*))
 *(.init_array*)
 .init_array    0x0801023c        0x4 C:/ST/STM32CubeIDE_1.15.1/STM32CubeIDE/plugins/com.st.stm32cube.ide.mcu.externaltools.gnu-tools-for-stm32.12.3.rel1.win32_1.0.100.202403111256/tools/bin/../lib/gcc/arm-none-eabi/12.3.1/thumb/v7e-m+fp/hard/crtbegin.o
                0x08010240                        PROVIDE (__init_array_end = .)
                0x08010240                        . = ALIGN (0x4)

.fini_array     0x08010240        0x4
                0x08010240                        . = ALIGN (0x4)
                [!provide]                        PROVIDE (__fini_array_start = .)
 *(SORT_BY_NAME(.fini_array.*))
 *(.fini_array*)
 .fini_array    0x08010240        0x4 C:/ST/STM32CubeIDE_1.15.1/STM32CubeIDE/plugins/com.st.stm32cube.ide.mcu.externaltools.gnu-tools-for-stm32.12.3.rel1.win32_1.0.100.202403111256/tools/bin/../lib/gcc/arm-none-eabi/12.3.1/thumb/v7e-m+fp/hard/crtbegin.o
                [!provide]                        PROVIDE (__fini_array_end = .)
                0x08010244                        . = ALIGN (0x4)
                0x08010244                        _sidata = LOADADDR (.data)

.rel.dyn        0x08010244        0x0
 .rel.iplt      0x08010244        0x0 C:/ST/STM32CubeIDE_1.15.1/STM32CubeIDE/plugins/com.st.stm32cube.ide.mcu.externaltools.gnu-tools-for-stm32.12.3.rel1.win32_1.0.100.202403111256/tools/bin/../lib/gcc/arm-none-eabi/12.3.1/thumb/v7e-m+fp/hard/crtbegin.o

.data           0x20000000       0xa0 load address 0x08010244
                0x20000000                        . = ALIGN (0x4)
                0x20000000                        _sdata = .
 *(.data)
 *(.data*)
 .data.SystemCoreClock
                0x20000000        0x4 ./Core/Src/system_stm32f4xx.o
                0x20000000                SystemCoreClock
 .data.keypad_rows
                0x20000004        0x8 ./Core/drivers/keypad/keypad_functions.o
                0x20000004                keypad_rows
 .data.keypad_cols
                0x2000000c        0x4 ./Core/drivers/keypad/keypad_functions.o
                0x2000000c                keypad_cols
 .data.keypad_chars
                0x20000010       0x10 ./Core/drivers/keypad/keypad_functions.o
                0x20000010                keypad_chars
 .data.Stat     0x20000020        0x1 ./Core/drivers/sd_card/fatfs_sd.o
 .data.x.1      0x20000021        0x1 ./Core/subsystems/display_manager/display_manager.o
 .data.y.0      0x20000022        0x1 ./Core/subsystems/display_manager/display_manager.o
 *fill*         0x20000023        0x1 
 .data.uwTickPrio
                0x20000024        0x4 ./Drivers/STM32F4xx_HAL_Driver/Src/stm32f4xx_hal.o
                0x20000024                uwTickPrio
 .data.uwTickFreq
                0x20000028        0x1 ./Drivers/STM32F4xx_HAL_Driver/Src/stm32f4xx_hal.o
                0x20000028                uwTickFreq
 *fill*         0x20000029        0x3 
 .data.USER_Driver
                0x2000002c       0x14 ./FATFS/Target/user_diskio.o
                0x2000002c                USER_Driver
 .data.uxCriticalNesting
                0x20000040        0x4 ./Middlewares/Third_Party/FreeRTOS/Source/portable/GCC/ARM_CM4F/port.o
 .data.__sglue  0x20000044        0xc C:/ST/STM32CubeIDE_1.15.1/STM32CubeIDE/plugins/com.st.stm32cube.ide.mcu.externaltools.gnu-tools-for-stm32.12.3.rel1.win32_1.0.100.202403111256/tools/bin/../lib/gcc/arm-none-eabi/12.3.1/../../../../arm-none-eabi/lib/thumb/v7e-m+fp/hard\libc_nano.a(libc_a-findfp.o)
                0x20000044                __sglue
 .data._impure_ptr
                0x20000050        0x4 C:/ST/STM32CubeIDE_1.15.1/STM32CubeIDE/plugins/com.st.stm32cube.ide.mcu.externaltools.gnu-tools-for-stm32.12.3.rel1.win32_1.0.100.202403111256/tools/bin/../lib/gcc/arm-none-eabi/12.3.1/../../../../arm-none-eabi/lib/thumb/v7e-m+fp/hard\libc_nano.a(libc_a-impure.o)
                0x20000050                _impure_ptr
 .data._impure_data
                0x20000054       0x4c C:/ST/STM32CubeIDE_1.15.1/STM32CubeIDE/plugins/com.st.stm32cube.ide.mcu.externaltools.gnu-tools-for-stm32.12.3.rel1.win32_1.0.100.202403111256/tools/bin/../lib/gcc/arm-none-eabi/12.3.1/../../../../arm-none-eabi/lib/thumb/v7e-m+fp/hard\libc_nano.a(libc_a-impure.o)
                0x20000054                _impure_data
 *(.RamFunc)
 *(.RamFunc*)
                0x200000a0                        . = ALIGN (0x4)
                0x200000a0                        _edata = .

.igot.plt       0x200000a0        0x0 load address 0x080102e4
 .igot.plt      0x200000a0        0x0 C:/ST/STM32CubeIDE_1.15.1/STM32CubeIDE/plugins/com.st.stm32cube.ide.mcu.externaltools.gnu-tools-for-stm32.12.3.rel1.win32_1.0.100.202403111256/tools/bin/../lib/gcc/arm-none-eabi/12.3.1/thumb/v7e-m+fp/hard/crtbegin.o
                0x200000a0                        . = ALIGN (0x4)

.bss            0x200000a0     0x6948 load address 0x080102e4
                0x200000a0                        _sbss = .
                0x200000a0                        __bss_start__ = _sbss
 *(.bss)
 .bss           0x200000a0       0x1c C:/ST/STM32CubeIDE_1.15.1/STM32CubeIDE/plugins/com.st.stm32cube.ide.mcu.externaltools.gnu-tools-for-stm32.12.3.rel1.win32_1.0.100.202403111256/tools/bin/../lib/gcc/arm-none-eabi/12.3.1/thumb/v7e-m+fp/hard/crtbegin.o
 *(.bss*)
 .bss.xIdleTaskTCBBuffer
                0x200000bc       0x54 ./Core/Src/freertos.o
 .bss.xIdleStack
                0x20000110      0x200 ./Core/Src/freertos.o
 .bss.hadc1     0x20000310       0x48 ./Core/Src/main.o
                0x20000310                hadc1
 .bss.hdma_adc1
                0x20000358       0x60 ./Core/Src/main.o
                0x20000358                hdma_adc1
 .bss.hi2c1     0x200003b8       0x54 ./Core/Src/main.o
                0x200003b8                hi2c1
 .bss.hrtc      0x2000040c       0x20 ./Core/Src/main.o
                0x2000040c                hrtc
 .bss.hspi3     0x2000042c       0x58 ./Core/Src/main.o
                0x2000042c                hspi3
 .bss.huart2    0x20000484       0x48 ./Core/Src/main.o
                0x20000484                huart2
 .bss.sequence_queue
                0x200004cc        0x4 ./Core/Src/main.o
                0x200004cc                sequence_queue
 .bss.display_queue
                0x200004d0        0x4 ./Core/Src/main.o
                0x200004d0                display_queue
 .bss.htim2     0x200004d4       0x48 ./Core/Src/stm32f4xx_hal_timebase_tim.o
                0x200004d4                htim2
 .bss.FatFsCnt  0x2000051c        0x1 ./Core/Src/stm32f4xx_it.o
                0x2000051c                FatFsCnt
 .bss.Timer1    0x2000051d        0x1 ./Core/Src/stm32f4xx_it.o
                0x2000051d                Timer1
 .bss.Timer2    0x2000051e        0x1 ./Core/Src/stm32f4xx_it.o
                0x2000051e                Timer2
 *fill*         0x2000051f        0x1 
 .bss.__sbrk_heap_end
                0x20000520        0x4 ./Core/Src/sysmem.o
 .bss.SSD1306_Buffer
                0x20000524      0x400 ./Core/drivers/display/ssd1306.o
 .bss.SSD1306   0x20000924        0x6 ./Core/drivers/display/ssd1306.o
 .bss.CardType  0x2000092a        0x1 ./Core/drivers/sd_card/fatfs_sd.o
 .bss.PowerFlag
                0x2000092b        0x1 ./Core/drivers/sd_card/fatfs_sd.o
 .bss.fs        0x2000092c     0x103c ./Core/drivers/sd_card/sd_functions.o
                0x2000092c                fs
 .bss.fil       0x20001968     0x1030 ./Core/drivers/sd_card/sd_functions.o
                0x20001968                fil
 .bss.fno       0x20002998      0x118 ./Core/drivers/sd_card/sd_functions.o
                0x20002998                fno
 .bss.fresult   0x20002ab0        0x1 ./Core/drivers/sd_card/sd_functions.o
                0x20002ab0                fresult
 *fill*         0x20002ab1        0x3 
 .bss.buffer    0x20002ab4        0x7 ./Core/subsystems/input_sequence_scan/input_sequence_scan.o
                0x20002ab4                buffer
 .bss.current_state.2
                0x20002abb        0x1 ./Core/subsystems/input_sequence_scan/input_sequence_scan.o
 .bss.current_index.1
                0x20002abc        0x1 ./Core/subsystems/input_sequence_scan/input_sequence_scan.o
 *fill*         0x20002abd        0x3 
 .bss.start_time.0
                0x20002ac0        0x4 ./Core/subsystems/input_sequence_scan/input_sequence_scan.o
 .bss.current_screen
                0x20002ac4        0x1 ./Core/subsystems/user_check_task/user_check_task.o
                0x20002ac4                current_screen
 *fill*         0x20002ac5        0x3 
 .bss.uwTick    0x20002ac8        0x4 ./Drivers/STM32F4xx_HAL_Driver/Src/stm32f4xx_hal.o
                0x20002ac8                uwTick
 .bss.retUSER   0x20002acc        0x1 ./FATFS/App/fatfs.o
                0x20002acc                retUSER
 *fill*         0x20002acd        0x3 
 .bss.USERPath  0x20002ad0        0x4 ./FATFS/App/fatfs.o
                0x20002ad0                USERPath
 .bss.FatFs     0x20002ad4        0x4 ./Middlewares/Third_Party/FatFs/src/ff.o
 .bss.Fsid      0x20002ad8        0x2 ./Middlewares/Third_Party/FatFs/src/ff.o
 *fill*         0x20002ada        0x2 
 .bss.Files     0x20002adc       0x20 ./Middlewares/Third_Party/FatFs/src/ff.o
 .bss.disk      0x20002afc        0xc ./Middlewares/Third_Party/FatFs/src/ff_gen_drv.o
                0x20002afc                disk
 .bss.xQueueRegistry
                0x20002b08       0x40 ./Middlewares/Third_Party/FreeRTOS/Source/queue.o
                0x20002b08                xQueueRegistry
 .bss.pxCurrentTCB