Archive member included to satisfy reference by file (symbol)

C:/ST/STM32CubeIDE_1.15.1/STM32CubeIDE/plugins/com.st.stm32cube.ide.mcu.externaltools.gnu-tools-for-stm32.12.3.rel1.win32_1.0.100.202403111256/tools/bin/../lib/gcc/arm-none-eabi/12.3.1/../../../../arm-none-eabi/lib/thumb/v7e-m+fp/hard\libc_nano.a(libc_a-exit.o)
                              C:/ST/STM32CubeIDE_1.15.1/STM32CubeIDE/plugins/com.st.stm32cube.ide.mcu.externaltools.gnu-tools-for-stm32.12.3.rel1.win32_1.0.100.202403111256/tools/bin/../lib/gcc/arm-none-eabi/12.3.1/../../../../arm-none-eabi/lib/thumb/v7e-m+fp/hard/crt0.o (exit)
C:/ST/STM32CubeIDE_1.15.1/STM32CubeIDE/plugins/com.st.stm32cube.ide.mcu.externaltools.gnu-tools-for-stm32.12.3.rel1.win32_1.0.100.202403111256/tools/bin/../lib/gcc/arm-none-eabi/12.3.1/../../../../arm-none-eabi/lib/thumb/v7e-m+fp/hard\libc_nano.a(libc_a-findfp.o)
                              C:/ST/STM32CubeIDE_1.15.1/STM32CubeIDE/plugins/com.st.stm32cube.ide.mcu.externaltools.gnu-tools-for-stm32.12.3.rel1.win32_1.0.100.202403111256/tools/bin/../lib/gcc/arm-none-eabi/12.3.1/../../../../arm-none-eabi/lib/thumb/v7e-m+fp/hard\libc_nano.a(libc_a-exit.o) (__stdio_exit_handler)
C:/ST/STM32CubeIDE_1.15.1/STM32CubeIDE/plugins/com.st.stm32cube.ide.mcu.externaltools.gnu-tools-for-stm32.12.3.rel1.win32_1.0.100.202403111256/tools/bin/../lib/gcc/arm-none-eabi/12.3.1/../../../../arm-none-eabi/lib/thumb/v7e-m+fp/hard\libc_nano.a(libc_a-fwalk.o)
                              C:/ST/STM32CubeIDE_1.15.1/STM32CubeIDE/plugins/com.st.stm32cube.ide.mcu.externaltools.gnu-tools-for-stm32.12.3.rel1.win32_1.0.100.202403111256/tools/bin/../lib/gcc/arm-none-eabi/12.3.1/../../../../arm-none-eabi/lib/thumb/v7e-m+fp/hard\libc_nano.a(libc_a-findfp.o) (_fwalk_sglue)
C:/ST/STM32CubeIDE_1.15.1/STM32CubeIDE/plugins/com.st.stm32cube.ide.mcu.externaltools.gnu-tools-for-stm32.12.3.rel1.win32_1.0.100.202403111256/tools/bin/../lib/gcc/arm-none-eabi/12.3.1/../../../../arm-none-eabi/lib/thumb/v7e-m+fp/hard\libc_nano.a(libc_a-snprintf.o)
                              ./Core/Src/Device_Drivers_src/sd.o (snprintf)
C:/ST/STM32CubeIDE_1.15.1/STM32CubeIDE/plugins/com.st.stm32cube.ide.mcu.externaltools.gnu-tools-for-stm32.12.3.rel1.win32_1.0.100.202403111256/tools/bin/../lib/gcc/arm-none-eabi/12.3.1/../../../../arm-none-eabi/lib/thumb/v7e-m+fp/hard\libc_nano.a(libc_a-sprintf.o)
                              ./Core/Src/Device_Drivers_src/File_Handling_RTOS.o (sprintf)
C:/ST/STM32CubeIDE_1.15.1/STM32CubeIDE/plugins/com.st.stm32cube.ide.mcu.externaltools.gnu-tools-for-stm32.12.3.rel1.win32_1.0.100.202403111256/tools/bin/../lib/gcc/arm-none-eabi/12.3.1/../../../../arm-none-eabi/lib/thumb/v7e-m+fp/hard\libc_nano.a(libc_a-stdio.o)
                              C:/ST/STM32CubeIDE_1.15.1/STM32CubeIDE/plugins/com.st.stm32cube.ide.mcu.externaltools.gnu-tools-for-stm32.12.3.rel1.win32_1.0.100.202403111256/tools/bin/../lib/gcc/arm-none-eabi/12.3.1/../../../../arm-none-eabi/lib/thumb/v7e-m+fp/hard\libc_nano.a(libc_a-findfp.o) (__sread)
C:/ST/STM32CubeIDE_1.15.1/STM32CubeIDE/plugins/com.st.stm32cube.ide.mcu.externaltools.gnu-tools-for-stm32.12.3.rel1.win32_1.0.100.202403111256/tools/bin/../lib/gcc/arm-none-eabi/12.3.1/../../../../arm-none-eabi/lib/thumb/v7e-m+fp/hard\libc_nano.a(libc_a-memmove.o)
                              ./Core/Src/Device_Drivers_src/ssd1306_tests.o (memmove)
C:/ST/STM32CubeIDE_1.15.1/STM32CubeIDE/plugins/com.st.stm32cube.ide.mcu.externaltools.gnu-tools-for-stm32.12.3.rel1.win32_1.0.100.202403111256/tools/bin/../lib/gcc/arm-none-eabi/12.3.1/../../../../arm-none-eabi/lib/thumb/v7e-m+fp/hard\libc_nano.a(libc_a-memset.o)
                              C:/ST/STM32CubeIDE_1.15.1/STM32CubeIDE/plugins/com.st.stm32cube.ide.mcu.externaltools.gnu-tools-for-stm32.12.3.rel1.win32_1.0.100.202403111256/tools/bin/../lib/gcc/arm-none-eabi/12.3.1/../../../../arm-none-eabi/lib/thumb/v7e-m+fp/hard/crt0.o (memset)
C:/ST/STM32CubeIDE_1.15.1/STM32CubeIDE/plugins/com.st.stm32cube.ide.mcu.externaltools.gnu-tools-for-stm32.12.3.rel1.win32_1.0.100.202403111256/tools/bin/../lib/gcc/arm-none-eabi/12.3.1/../../../../arm-none-eabi/lib/thumb/v7e-m+fp/hard\libc_nano.a(libc_a-strcat.o)
                              ./Core/Src/Device_Drivers_src/sd.o (strcat)
C:/ST/STM32CubeIDE_1.15.1/STM32CubeIDE/plugins/com.st.stm32cube.ide.mcu.externaltools.gnu-tools-for-stm32.12.3.rel1.win32_1.0.100.202403111256/tools/bin/../lib/gcc/arm-none-eabi/12.3.1/../../../../arm-none-eabi/lib/thumb/v7e-m+fp/hard\libc_nano.a(libc_a-strtok.o)
                              ./Core/Src/Device_Drivers_src/sd.o (strtok)
C:/ST/STM32CubeIDE_1.15.1/STM32CubeIDE/plugins/com.st.stm32cube.ide.mcu.externaltools.gnu-tools-for-stm32.12.3.rel1.win32_1.0.100.202403111256/tools/bin/../lib/gcc/arm-none-eabi/12.3.1/../../../../arm-none-eabi/lib/thumb/v7e-m+fp/hard\libc_nano.a(libc_a-strtok_r.o)
[...]
Memory Configuration

Name             Origin             Length             Attributes
RAM              0x20000000         0x00018000         xrw
FLASH            0x08000000         0x00080000         xr
*default*        0x00000000         0xffffffff

Linker script and memory map

LOAD C:/ST/STM32CubeIDE_1.15.1/STM32CubeIDE/plugins/com.st.stm32cube.ide.mcu.externaltools.gnu-tools-for-stm32.12.3.rel1.win32_1.0.100.202403111256/tools/bin/../lib/gcc/arm-none-eabi/12.3.1/thumb/v7e-m+fp/hard/crti.o
LOAD C:/ST/STM32CubeIDE_1.15.1/STM32CubeIDE/plugins/com.st.stm32cube.ide.mcu.externaltools.gnu-tools-for-stm32.12.3.rel1.win32_1.0.100.202403111256/tools/bin/../lib/gcc/arm-none-eabi/12.3.1/thumb/v7e-m+fp/hard/crtbegin.o
LOAD C:/ST/STM32CubeIDE_1.15.1/STM32CubeIDE/plugins/com.st.stm32cube.ide.mcu.externaltools.gnu-tools-for-stm32.12.3.rel1.win32_1.0.100.202403111256/tools/bin/../lib/gcc/arm-none-eabi/12.3.1/../../../../arm-none-eabi/lib/thumb/v7e-m+fp/hard/crt0.o
LOAD ./Core/Src/Device_Drivers_src/File_Handling_RTOS.o
LOAD ./Core/Src/Device_Drivers_src/adc_functions.o
LOAD ./Core/Src/Device_Drivers_src/fatfs_sd.o
LOAD ./Core/Src/Device_Drivers_src/keypad.o
LOAD ./Core/Src/Device_Drivers_src/lock.o
LOAD ./Core/Src/Device_Drivers_src/screen.o
LOAD ./Core/Src/Device_Drivers_src/sd.o
LOAD ./Core/Src/Device_Drivers_src/ssd1306.o
LOAD ./Core/Src/Device_Drivers_src/ssd1306_fonts.o
LOAD ./Core/Src/Device_Drivers_src/ssd1306_tests.o
LOAD ./Core/Src/freertos.o
LOAD ./Core/Src/main.o
LOAD ./Core/Src/stm32f4xx_hal_msp.o
LOAD ./Core/Src/stm32f4xx_hal_timebase_tim.o
LOAD ./Core/Src/stm32f4xx_it.o
LOAD ./Core/Src/syscalls.o
LOAD ./Core/Src/sysmem.o
LOAD ./Core/Src/system_stm32f4xx.o
LOAD ./Core/Src/tasks.o
LOAD ./Core/Startup/startup_stm32f401retx.o
LOAD ./Drivers/STM32F4xx_HAL_Driver/Src/stm32f4xx_hal.o
LOAD ./Drivers/STM32F4xx_HAL_Driver/Src/stm32f4xx_hal_adc.o
LOAD ./Drivers/STM32F4xx_HAL_Driver/Src/stm32f4xx_hal_adc_ex.o
LOAD ./Drivers/STM32F4xx_HAL_Driver/Src/stm32f4xx_hal_cortex.o
LOAD ./Drivers/STM32F4xx_HAL_Driver/Src/stm32f4xx_hal_dma.o
LOAD ./Drivers/STM32F4xx_HAL_Driver/Src/stm32f4xx_hal_dma_ex.o
LOAD ./Drivers/STM32F4xx_HAL_Driver/Src/stm32f4xx_hal_exti.o
LOAD ./Drivers/STM32F4xx_HAL_Driver/Src/stm32f4xx_hal_flash.o
LOAD ./Drivers/STM32F4xx_HAL_Driver/Src/stm32f4xx_hal_flash_ex.o
LOAD ./Drivers/STM32F4xx_HAL_Driver/Src/stm32f4xx_hal_flash_ramfunc.o
LOAD ./Drivers/STM32F4xx_HAL_Driver/Src/stm32f4xx_hal_gpio.o
LOAD ./Drivers/STM32F4xx_HAL_Driver/Src/stm32f4xx_hal_i2c.o
LOAD ./Drivers/STM32F4xx_HAL_Driver/Src/stm32f4xx_hal_i2c_ex.o
LOAD ./Drivers/STM32F4xx_HAL_Driver/Src/stm32f4xx_hal_pwr.o
LOAD ./Drivers/STM32F4xx_HAL_Driver/Src/stm32f4xx_hal_pwr_ex.o
LOAD ./Drivers/STM32F4xx_HAL_Driver/Src/stm32f4xx_hal_rcc.o
LOAD ./Drivers/STM32F4xx_HAL_Driver/Src/stm32f4xx_hal_rcc_ex.o
LOAD ./Drivers/STM32F4xx_HAL_Driver/Src/stm32f4xx_hal_rtc.o
LOAD ./Drivers/STM32F4xx_HAL_Driver/Src/stm32f4xx_hal_rtc_ex.o
LOAD ./Drivers/STM32F4xx_HAL_Driver/Src/stm32f4xx_hal_spi.o
LOAD ./Drivers/STM32F4xx_HAL_Driver/Src/stm32f4xx_hal_tim.o
LOAD ./Drivers/STM32F4xx_HAL_Driver/Src/stm32f4xx_hal_tim_ex.o
LOAD ./Drivers/STM32F4xx_HAL_Driver/Src/stm32f4xx_hal_uart.o
LOAD ./Drivers/STM32F4xx_HAL_Driver/Src/stm32f4xx_ll_adc.o
LOAD ./FATFS/App/fatfs.o
LOAD ./FATFS/Target/user_diskio.o
LOAD ./Middlewares/Third_Party/FatFs/src/diskio.o
LOAD ./Middlewares/Third_Party/FatFs/src/ff.o
LOAD ./Middlewares/Third_Party/FatFs/src/ff_gen_drv.o
LOAD ./Middlewares/Third_Party/FatFs/src/option/ccsbcs.o
LOAD ./Middlewares/Third_Party/FatFs/src/option/syscall.o
LOAD ./Middlewares/Third_Party/FreeRTOS/Source/CMSIS_RTOS/cmsis_os.o
LOAD ./Middlewares/Third_Party/FreeRTOS/Source/croutine.o
LOAD ./Middlewares/Third_Party/FreeRTOS/Source/event_groups.o
LOAD ./Middlewares/Third_Party/FreeRTOS/Source/list.o
LOAD ./Middlewares/Third_Party/FreeRTOS/Source/queue.o
LOAD ./Middlewares/Third_Party/FreeRTOS/Source/stream_buffer.o
LOAD ./Middlewares/Third_Party/FreeRTOS/Source/tasks.o
LOAD ./Middlewares/Third_Party/FreeRTOS/Source/timers.o
LOAD ./Middlewares/Third_Party/FreeRTOS/Source/portable/GCC/ARM_CM4F/port.o
LOAD ./Middlewares/Third_Party/FreeRTOS/Source/portable/MemMang/heap_4.o
START GROUP
LOAD C:/ST/STM32CubeIDE_1.15.1/STM32CubeIDE/plugins/com.st.stm32cube.ide.mcu.externaltools.gnu-tools-for-stm32.12.3.rel1.win32_1.0.100.202403111256/tools/bin/../lib/gcc/arm-none-eabi/12.3.1/../../../../arm-none-eabi/lib/thumb/v7e-m+fp/hard\libc_nano.a
LOAD C:/ST/STM32CubeIDE_1.15.1/STM32CubeIDE/plugins/com.st.stm32cube.ide.mcu.externaltools.gnu-tools-for-stm32.12.3.rel1.win32_1.0.100.202403111256/tools/bin/../lib/gcc/arm-none-eabi/12.3.1/../../../../arm-none-eabi/lib/thumb/v7e-m+fp/hard\libm.a
END GROUP
START GROUP
LOAD C:/ST/STM32CubeIDE_1.15.1/STM32CubeIDE/plugins/com.st.stm32cube.ide.mcu.externaltools.gnu-tools-for-stm32.12.3.rel1.win32_1.0.100.202403111256/tools/bin/../lib/gcc/arm-none-eabi/12.3.1/thumb/v7e-m+fp/hard\libgcc.a
LOAD C:/ST/STM32CubeIDE_1.15.1/STM32CubeIDE/plugins/com.st.stm32cube.ide.mcu.externaltools.gnu-tools-for-stm32.12.3.rel1.win32_1.0.100.202403111256/tools/bin/../lib/gcc/arm-none-eabi/12.3.1/../../../../arm-none-eabi/lib/thumb/v7e-m+fp/hard\libc_nano.a
END GROUP
START GROUP
LOAD C:/ST/STM32CubeIDE_1.15.1/STM32CubeIDE/plugins/com.st.stm32cube.ide.mcu.externaltools.gnu-tools-for-stm32.12.3.rel1.win32_1.0.100.202403111256/tools/bin/../lib/gcc/arm-none-eabi/12.3.1/thumb/v7e-m+fp/hard\libgcc.a
LOAD C:/ST/STM32CubeIDE_1.15.1/STM32CubeIDE/plugins/com.st.stm32cube.ide.mcu.externaltools.gnu-tools-for-stm32.12.3.rel1.win32_1.0.100.202403111256/tools/bin/../lib/gcc/arm-none-eabi/12.3.1/../../../../arm-none-eabi/lib/thumb/v7e-m+fp/hard\libc_nano.a
LOAD C:/ST/STM32CubeIDE_1.15.1/STM32CubeIDE/plugins/com.st.stm32cube.ide.mcu.externaltools.gnu-tools-for-stm32.12.3.rel1.win32_1.0.100.202403111256/tools/bin/../lib/gcc/arm-none-eabi/12.3.1/../../../../arm-none-eabi/lib/thumb/v7e-m+fp/hard\libnosys.a
END GROUP
START GROUP
LOAD C:/ST/STM32CubeIDE_1.15.1/STM32CubeIDE/plugins/com.st.stm32cube.ide.mcu.externaltools.gnu-tools-for-stm32.12.3.rel1.win32_1.0.100.202403111256/tools/bin/../lib/gcc/arm-none-eabi/12.3.1/thumb/v7e-m+fp/hard\libgcc.a
LOAD C:/ST/STM32CubeIDE_1.15.1/STM32CubeIDE/plugins/com.st.stm32cube.ide.mcu.externaltools.gnu-tools-for-stm32.12.3.rel1.win32_1.0.100.202403111256/tools/bin/../lib/gcc/arm-none-eabi/12.3.1/../../../../arm-none-eabi/lib/thumb/v7e-m+fp/hard\libc_nano.a
LOAD C:/ST/STM32CubeIDE_1.15.1/STM32CubeIDE/plugins/com.st.stm32cube.ide.mcu.externaltools.gnu-tools-for-stm32.12.3.rel1.win32_1.0.100.202403111256/tools/bin/../lib/gcc/arm-none-eabi/12.3.1/../../../../arm-none-eabi/lib/thumb/v7e-m+fp/hard\libnosys.a
END GROUP
LOAD C:/ST/STM32CubeIDE_1.15.1/STM32CubeIDE/plugins/com.st.stm32cube.ide.mcu.externaltools.gnu-tools-for-stm32.12.3.rel1.win32_1.0.100.202403111256/tools/bin/../lib/gcc/arm-none-eabi/12.3.1/thumb/v7e-m+fp/hard/crtend.o
LOAD C:/ST/STM32CubeIDE_1.15.1/STM32CubeIDE/plugins/com.st.stm32cube.ide.mcu.externaltools.gnu-tools-for-stm32.12.3.rel1.win32_1.0.100.202403111256/tools/bin/../lib/gcc/arm-none-eabi/12.3.1/thumb/v7e-m+fp/hard/crtn.o
                0x20018000                        _estack = (ORIGIN (RAM) + LENGTH (RAM))
                0x00000200                        _Min_Heap_Size = 0x200
                0x00000400                        _Min_Stack_Size = 0x400

.isr_vector     0x08000000      0x194
                0x08000000                        . = ALIGN (0x4)
 *(.isr_vector)
 .isr_vector    0x08000000      0x194 ./Core/Startup/startup_stm32f401retx.o
                0x08000000                g_pfnVectors
                0x08000194                        . = ALIGN (0x4)

.text           0x080001a0     0x6c74
                0x080001a0                        . = ALIGN (0x4)
 *(.text)
 .text          0x080001a0       0x40 C:/ST/STM32CubeIDE_1.15.1/STM32CubeIDE/plugins/com.st.stm32cube.ide.mcu.externaltools.gnu-tools-for-stm32.12.3.rel1.win32_1.0.100.202403111256/tools/bin/../lib/gcc/arm-none-eabi/12.3.1/thumb/v7e-m+fp/hard/crtbegin.o
 .text          0x080001e0       0x30 C:/ST/STM32CubeIDE_1.15.1/STM32CubeIDE/plugins/com.st.stm32cube.ide.mcu.externaltools.gnu-tools-for-stm32.12.3.rel1.win32_1.0.100.202403111256/tools/bin/../lib/gcc/arm-none-eabi/12.3.1/thumb/v7e-m+fp/hard\libgcc.a(_aeabi_uldivmod.o)
                0x080001e0                __aeabi_uldivmod
 .text          0x08000210      0x2bc C:/ST/STM32CubeIDE_1.15.1/STM32CubeIDE/plugins/com.st.stm32cube.ide.mcu.externaltools.gnu-tools-for-stm32.12.3.rel1.win32_1.0.100.202403111256/tools/bin/../lib/gcc/arm-none-eabi/12.3.1/thumb/v7e-m+fp/hard\libgcc.a(_udivmoddi4.o)
                0x08000210                __udivmoddi4
 .text          0x080004cc        0x4 C:/ST/STM32CubeIDE_1.15.1/STM32CubeIDE/plugins/com.st.stm32cube.ide.mcu.externaltools.gnu-tools-for-stm32.12.3.rel1.win32_1.0.100.202403111256/tools/bin/../lib/gcc/arm-none-eabi/12.3.1/thumb/v7e-m+fp/hard\libgcc.a(_dvmd_tls.o)
                0x080004cc                __aeabi_idiv0
                0x080004cc                __aeabi_ldiv0
 *(.text*)
 .text.captureVoice
                0x080004d0       0x28 ./Core/Src/Device_Drivers_src/adc_functions.o
                0x080004d0                captureVoice
 .text.SELECT   0x080004f8       0x1c ./Core/Src/Device_Drivers_src/fatfs_sd.o
 .text.DESELECT
                0x08000514       0x1c ./Core/Src/Device_Drivers_src/fatfs_sd.o
 .text.SPI_TxByte
                0x08000530       0x34 ./Core/Src/Device_Drivers_src/fatfs_sd.o
 .text.SPI_TxBuffer
                0x08000564       0x34 ./Core/Src/Device_Drivers_src/fatfs_sd.o
 .text.SPI_RxByte
                0x08000598       0x38 ./Core/Src/Device_Drivers_src/fatfs_sd.o
 .text.SPI_RxBytePtr
                0x080005d0       0x1c ./Core/Src/Device_Drivers_src/fatfs_sd.o
 .text.SD_ReadyWait
                0x080005ec       0x34 ./Core/Src/Device_Drivers_src/fatfs_sd.o
 .text.SD_PowerOn
                0x08000620       0x84 ./Core/Src/Device_Drivers_src/fatfs_sd.o
 .text.SD_PowerOff
                0x080006a4       0x18 ./Core/Src/Device_Drivers_src/fatfs_sd.o
 .text.SD_CheckPower
                0x080006bc       0x18 ./Core/Src/Device_Drivers_src/fatfs_sd.o
 .text.SD_RxDataBlock
                0x080006d4       0x60 ./Core/Src/Device_Drivers_src/fatfs_sd.o
 .text.SD_TxDataBlock
                0x08000734       0x86 ./Core/Src/Device_Drivers_src/fatfs_sd.o
 .text.SD_SendCmd
                0x080007ba       0xa8 ./Core/Src/Device_Drivers_src/fatfs_sd.o
 *fill*         0x08000862        0x2 
 .text.SD_disk_initialize
                0x08000864      0x1d8 ./Core/Src/Device_Drivers_src/fatfs_sd.o
                0x08000864                SD_disk_initialize
 .text.SD_disk_status
                0x08000a3c       0x2c ./Core/Src/Device_Drivers_src/fatfs_sd.o
                0x08000a3c                SD_disk_status
 .text.SD_disk_read
                0x08000a68       0xd4 ./Core/Src/Device_Drivers_src/fatfs_sd.o
                0x08000a68                SD_disk_read
 .text.SD_disk_write
                0x08000b3c      0x108 ./Core/Src/Device_Drivers_src/fatfs_sd.o
                0x08000b3c                SD_disk_write
 .text.SD_disk_ioctl
                0x08000c44      0x254 ./Core/Src/Device_Drivers_src/fatfs_sd.o
                0x08000c44                SD_disk_ioctl
 .text.vApplicationGetIdleTaskMemory
                0x08000e98       0x34 ./Core/Src/freertos.o
                0x08000e98                vApplicationGetIdleTaskMemory
 .text.main     0x08000ecc       0xac ./Core/Src/main.o
                0x08000ecc                main
 .text.SystemClock_Config
                0x08000f78       0xd8 ./Core/Src/main.o
                0x08000f78                SystemClock_Config
 .text.MX_ADC1_Init
                0x08001050       0xa4 ./Core/Src/main.o
 .text.MX_I2C1_Init
                0x080010f4       0x5c ./Core/Src/main.o
 .text.MX_RTC_Init
                0x08001150       0xb4 ./Core/Src/main.o
 .text.MX_SPI3_Init
                0x08001204       0x6c ./Core/Src/main.o
 .text.MX_USART2_UART_Init
                0x08001270       0x54 ./Core/Src/main.o
 .text.MX_DMA_Init
                0x080012c4       0x40 ./Core/Src/main.o
 .text.MX_GPIO_Init
                0x08001304      0x164 ./Core/Src/main.o
 .text.HAL_TIM_PeriodElapsedCallback
                0x08001468       0x1e ./Core/Src/main.o
                0x08001468                HAL_TIM_PeriodElapsedCallback
 *fill*         0x08001486        0x2 
 .text.HAL_ADC_ConvCpltCallback
                0x08001488       0x1c ./Core/Src/main.o
                0x08001488                HAL_ADC_ConvCpltCallback
 .text.Error_Handler
                0x080014a4        0xc ./Core/Src/main.o
                0x080014a4                Error_Handler
 .text.HAL_MspInit
                0x080014b0       0x58 ./Core/Src/stm32f4xx_hal_msp.o
                0x080014b0                HAL_MspInit
 .text.HAL_ADC_MspInit
                0x08001508       0xec ./Core/Src/stm32f4xx_hal_msp.o
                0x08001508                HAL_ADC_MspInit
 .text.HAL_I2C_MspInit
                0x080015f4       0x90 ./Core/Src/stm32f4xx_hal_msp.o
                0x080015f4                HAL_I2C_MspInit
 .text.HAL_RTC_MspInit
                0x08001684       0x58 ./Core/Src/stm32f4xx_hal_msp.o
                0x08001684                HAL_RTC_MspInit
 .text.HAL_SPI_MspInit
                0x080016dc       0x90 ./Core/Src/stm32f4xx_hal_msp.o
                0x080016dc                HAL_SPI_MspInit
 .text.HAL_UART_MspInit
                0x0800176c       0x90 ./Core/Src/stm32f4xx_hal_msp.o
                0x0800176c                HAL_UART_MspInit
 .text.HAL_InitTick
                0x080017fc       0xf8 ./Core/Src/stm32f4xx_hal_timebase_tim.o
                0x080017fc                HAL_InitTick
 .text.SDTimer_Handler
                0x080018f4       0x48 ./Core/Src/stm32f4xx_it.o
                0x080018f4                SDTimer_Handler
 .text.NMI_Handler
                0x0800193c        0x8 ./Core/Src/stm32f4xx_it.o
                0x0800193c                NMI_Handler
 .text.HardFault_Handler
                0x08001944        0x8 ./Core/Src/stm32f4xx_it.o
                0x08001944                HardFault_Handler
 .text.MemManage_Handler
                0x0800194c        0x8 ./Core/Src/stm32f4xx_it.o
                0x0800194c                MemManage_Handler
 .text.BusFault_Handler
                0x08001954        0x8 ./Core/Src/stm32f4xx_it.o
                0x08001954                BusFault_Handler
 .text.UsageFault_Handler
                0x0800195c        0x8 ./Core/Src/stm32f4xx_it.o
                0x0800195c                UsageFault_Handler
 .text.DebugMon_Handler
                0x08001964        0xe ./Core/Src/stm32f4xx_it.o
                0x08001964                DebugMon_Handler
 *fill*         0x08001972        0x2 
 .text.TIM2_IRQHandler
                0x08001974       0x38 ./Core/Src/stm32f4xx_it.o
                0x08001974                TIM2_IRQHandler
 .text.DMA2_Stream0_IRQHandler
                0x080019ac       0x14 ./Core/Src/stm32f4xx_it.o
                0x080019ac                DMA2_Stream0_IRQHandler
 .text.SystemInit
                0x080019c0       0x24 ./Core/Src/system_stm32f4xx.o
                0x080019c0                SystemInit
 .text.VoiceProcessing
                0x080019e4       0x1e ./Core/Src/tasks.o
                0x080019e4                VoiceProcessing
 .text.IdleTask
                0x08001a02        0xc ./Core/Src/tasks.o
                0x08001a02                IdleTask
 *fill*         0x08001a0e        0x2 
 .text.Reset_Handler
                0x08001a10       0x50 ./Core/Startup/startup_stm32f401retx.o
                0x08001a10                Reset_Handler
 .text.Default_Handler
                0x08001a60        0x2 ./Core/Startup/startup_stm32f401retx.o
                0x08001a60                RTC_Alarm_IRQHandler
                0x08001a60                EXTI2_IRQHandler
                0x08001a60                SPI4_IRQHandler
                0x08001a60                TIM1_CC_IRQHandler
                0x08001a60                DMA2_Stream5_IRQHandler
                0x08001a60                DMA1_Stream5_IRQHandler
                0x08001a60                PVD_IRQHandler
                0x08001a60                SDIO_IRQHandler
                0x08001a60                TAMP_STAMP_IRQHandler
                0x08001a60                EXTI3_IRQHandler
                0x08001a60                TIM1_UP_TIM10_IRQHandler
                0x08001a60                I2C3_ER_IRQHandler
                0x08001a60                EXTI0_IRQHandler
                0x08001a60                I2C2_EV_IRQHandler
                0x08001a60                DMA1_Stream2_IRQHandler
                0x08001a60                FPU_IRQHandler
                0x08001a60                DMA2_Stream2_IRQHandler
                0x08001a60                SPI1_IRQHandler
                0x08001a60                TIM1_BRK_TIM9_IRQHandler
                0x08001a60                DMA2_Stream3_IRQHandler
                0x08001a60                USART6_IRQHandler
                0x08001a60                TIM4_IRQHandler
                0x08001a60                I2C1_EV_IRQHandler
                0x08001a60                DMA1_Stream6_IRQHandler
                0x08001a60                DMA1_Stream1_IRQHandler
                0x08001a60                TIM3_IRQHandler
                0x08001a60                RCC_IRQHandler
                0x08001a60                Default_Handler
                0x08001a60                EXTI15_10_IRQHandler
                0x08001a60                ADC_IRQHandler
                0x08001a60                DMA1_Stream7_IRQHandler
                0x08001a60                TIM5_IRQHandler
                0x08001a60                DMA2_Stream7_IRQHandler
                0x08001a60                I2C3_EV_IRQHandler
                0x08001a60                EXTI9_5_IRQHandler
                0x08001a60                RTC_WKUP_IRQHandler
                0x08001a60                SPI2_IRQHandler
                0x08001a60                DMA1_Stream0_IRQHandler
                0x08001a60                EXTI4_IRQHandler
                0x08001a60                WWDG_IRQHandler
                0x08001a60                OTG_FS_WKUP_IRQHandler
                0x08001a60                TIM1_TRG_COM_TIM11_IRQHandler
                0x08001a60                EXTI1_IRQHandler
                0x08001a60                USART2_IRQHandler
                0x08001a60                I2C2_ER_IRQHandler
                0x08001a60                DMA2_Stream1_IRQHandler
                0x08001a60                FLASH_IRQHandler
                0x08001a60                DMA2_Stream4_IRQHandler
                0x08001a60                USART1_IRQHandler
                0x08001a60                OTG_FS_IRQHandler
                0x08001a60                SPI3_IRQHandler
                0x08001a60                DMA1_Stream4_IRQHandler
                0x08001a60                I2C1_ER_IRQHandler
                0x08001a60                DMA2_Stream6_IRQHandler
                0x08001a60                DMA1_Stream3_IRQHandler
 *fill*         0x08001a62        0x2 
 .text.HAL_Init
                0x08001a64       0x44 ./Drivers/STM32F4xx_HAL_Driver/Src/stm32f4xx_hal.o
                0x08001a64                HAL_Init
 .text.HAL_IncTick
                0x08001aa8       0x28 ./Drivers/STM32F4xx_HAL_Driver/Src/stm32f4xx_hal.o
                0x08001aa8                HAL_IncTick
 .text.HAL_GetTick
                0x08001ad0       0x18 ./Drivers/STM32F4xx_HAL_Driver/Src/stm32f4xx_hal.o
                0x08001ad0                HAL_GetTick
 .text.HAL_Delay
                0x08001ae8       0x48 ./Drivers/STM32F4xx_HAL_Driver/Src/stm32f4xx_hal.o
                0x08001ae8                HAL_Delay
 .text.HAL_ADC_Init
                0x08001b30       0x86 ./Drivers/STM32F4xx_HAL_Driver/Src/stm32f4xx_hal_adc.o
                0x08001b30                HAL_ADC_Init
 *fill*         0x08001bb6        0x2 
 .text.HAL_ADC_Start_DMA
                0x08001bb8      0x1e0 ./Drivers/STM32F4xx_HAL_Driver/Src/stm32f4xx_hal_adc.o
                0x08001bb8                HAL_ADC_Start_DMA
 .text.HAL_ADC_Stop_DMA
                0x08001d98       0xb4 ./Drivers/STM32F4xx_HAL_Driver/Src/stm32f4xx_hal_adc.o
                0x08001d98                HAL_ADC_Stop_DMA
 .text.HAL_ADC_ConvHalfCpltCallback
                0x08001e4c       0x14 ./Drivers/STM32F4xx_HAL_Driver/Src/stm32f4xx_hal_adc.o
                0x08001e4c                HAL_ADC_ConvHalfCpltCallback
 .text.HAL_ADC_ErrorCallback
                0x08001e60       0x14 ./Drivers/STM32F4xx_HAL_Driver/Src/stm32f4xx_hal_adc.o
                0x08001e60                HAL_ADC_ErrorCallback
 .text.HAL_ADC_ConfigChannel
                0x08001e74      0x244 ./Drivers/STM32F4xx_HAL_Driver/Src/stm32f4xx_hal_adc.o
                0x08001e74                HAL_ADC_ConfigChannel
 .text.ADC_Init
                0x080020b8      0x1f8 ./Drivers/STM32F4xx_HAL_Driver/Src/stm32f4xx_hal_adc.o
 .text.ADC_DMAConvCplt
                0x080022b0       0xba ./Drivers/STM32F4xx_HAL_Driver/Src/stm32f4xx_hal_adc.o
 .text.ADC_DMAHalfConvCplt
                0x0800236a       0x1c ./Drivers/STM32F4xx_HAL_Driver/Src/stm32f4xx_hal_adc.o
 .text.ADC_DMAError
                0x08002386       0x2e ./Drivers/STM32F4xx_HAL_Driver/Src/stm32f4xx_hal_adc.o
 .text.__NVIC_SetPriorityGrouping
                0x080023b4       0x48 ./Drivers/STM32F4xx_HAL_Driver/Src/stm32f4xx_hal_cortex.o
 .text.__NVIC_GetPriorityGrouping
                0x080023fc       0x1c ./Drivers/STM32F4xx_HAL_Driver/Src/stm32f4xx_hal_cortex.o
 .text.__NVIC_EnableIRQ
                0x08002418       0x3c ./Drivers/STM32F4xx_HAL_Driver/Src/stm32f4xx_hal_cortex.o
 .text.__NVIC_SetPriority
                0x08002454       0x54 ./Drivers/STM32F4xx_HAL_Driver/Src/stm32f4xx_hal_cortex.o
 .text.NVIC_EncodePriority
                0x080024a8       0x66 ./Drivers/STM32F4xx_HAL_Driver/Src/stm32f4xx_hal_cortex.o
 .text.HAL_NVIC_SetPriorityGrouping
                0x0800250e       0x16 ./Drivers/STM32F4xx_HAL_Driver/Src/stm32f4xx_hal_cortex.o
                0x0800250e                HAL_NVIC_SetPriorityGrouping
 .text.HAL_NVIC_SetPriority
                0x08002524       0x38 ./Drivers/STM32F4xx_HAL_Driver/Src/stm32f4xx_hal_cortex.o
                0x08002524                HAL_NVIC_SetPriority
 .text.HAL_NVIC_EnableIRQ
                0x0800255c       0x1c ./Drivers/STM32F4xx_HAL_Driver/Src/stm32f4xx_hal_cortex.o
                0x0800255c                HAL_NVIC_EnableIRQ
 .text.HAL_DMA_Init
                0x08002578      0x15c ./Drivers/STM32F4xx_HAL_Driver/Src/stm32f4xx_hal_dma.o
                0x08002578                HAL_DMA_Init
 .text.HAL_DMA_Start_IT
                0x080026d4       0xb0 ./Drivers/STM32F4xx_HAL_Driver/Src/stm32f4xx_hal_dma.o
                0x080026d4                HAL_DMA_Start_IT
 .text.HAL_DMA_Abort
                0x08002784       0xe0 ./Drivers/STM32F4xx_HAL_Driver/Src/stm32f4xx_hal_dma.o
                0x08002784                HAL_DMA_Abort
 .text.HAL_DMA_IRQHandler
                0x08002864      0x314 ./Drivers/STM32F4xx_HAL_Driver/Src/stm32f4xx_hal_dma.o
                0x08002864                HAL_DMA_IRQHandler
 .text.DMA_SetConfig
                0x08002b78       0x5c ./Drivers/STM32F4xx_HAL_Driver/Src/stm32f4xx_hal_dma.o
 .text.DMA_CalcBaseAndBitshift
                0x08002bd4       0x6c ./Drivers/STM32F4xx_HAL_Driver/Src/stm32f4xx_hal_dma.o
 .text.DMA_CheckFifoParam
                0x08002c40       0xf8 ./Drivers/STM32F4xx_HAL_Driver/Src/stm32f4xx_hal_dma.o
 .text.HAL_GPIO_Init
                0x08002d38      0x308 ./Drivers/STM32F4xx_HAL_Driver/Src/stm32f4xx_hal_gpio.o
                0x08002d38                HAL_GPIO_Init
 .text.HAL_GPIO_WritePin
                0x08003040       0x32 ./Drivers/STM32F4xx_HAL_Driver/Src/stm32f4xx_hal_gpio.o
                0x08003040                HAL_GPIO_WritePin
 *fill*         0x08003072        0x2 
 .text.HAL_I2C_Init
                0x08003074      0x288 ./Drivers/STM32F4xx_HAL_Driver/Src/stm32f4xx_hal_i2c.o
                0x08003074                HAL_I2C_Init
 .text.HAL_RCC_OscConfig
                0x080032fc      0x4f0 ./Drivers/STM32F4xx_HAL_Driver/Src/stm32f4xx_hal_rcc.o
                0x080032fc                HAL_RCC_OscConfig
 .text.HAL_RCC_ClockConfig
                0x080037ec      0x1cc ./Drivers/STM32F4xx_HAL_Driver/Src/stm32f4xx_hal_rcc.o
                0x080037ec                HAL_RCC_ClockConfig
 .text.HAL_RCC_GetSysClockFreq
                0x080039b8      0x20c ./Drivers/STM32F4xx_HAL_Driver/Src/stm32f4xx_hal_rcc.o
                0x080039b8                HAL_RCC_GetSysClockFreq
 .text.HAL_RCC_GetHCLKFreq
                0x08003bc4       0x18 ./Drivers/STM32F4xx_HAL_Driver/Src/stm32f4xx_hal_rcc.o
                0x08003bc4                HAL_RCC_GetHCLKFreq
 .text.HAL_RCC_GetPCLK1Freq
                0x08003bdc       0x28 ./Drivers/STM32F4xx_HAL_Driver/Src/stm32f4xx_hal_rcc.o
                0x08003bdc                HAL_RCC_GetPCLK1Freq
 .text.HAL_RCC_GetPCLK2Freq
                0x08003c04       0x28 ./Drivers/STM32F4xx_HAL_Driver/Src/stm32f4xx_hal_rcc.o
                0x08003c04                HAL_RCC_GetPCLK2Freq
 .text.HAL_RCC_GetClockConfig
                0x08003c2c       0x64 ./Drivers/STM32F4xx_HAL_Driver/Src/stm32f4xx_hal_rcc.o
                0x08003c2c                HAL_RCC_GetClockConfig
 .text.HAL_RCCEx_PeriphCLKConfig
                0x08003c90      0x1dc ./Drivers/STM32F4xx_HAL_Driver/Src/stm32f4xx_hal_rcc_ex.o
                0x08003c90                HAL_RCCEx_PeriphCLKConfig
 .text.HAL_RTC_Init
                0x08003e6c      0x106 ./Drivers/STM32F4xx_HAL_Driver/Src/stm32f4xx_hal_rtc.o
                0x08003e6c                HAL_RTC_Init
 .text.HAL_RTC_SetTime
                0x08003f72      0x134 ./Drivers/STM32F4xx_HAL_Driver/Src/stm32f4xx_hal_rtc.o
                0x08003f72                HAL_RTC_SetTime
 .text.HAL_RTC_SetDate
                0x080040a6      0x108 ./Drivers/STM32F4xx_HAL_Driver/Src/stm32f4xx_hal_rtc.o
                0x080040a6                HAL_RTC_SetDate
 *fill*         0x080041ae        0x2 
 .text.HAL_RTC_WaitForSynchro
                0x080041b0       0x4c ./Drivers/STM32F4xx_HAL_Driver/Src/stm32f4xx_hal_rtc.o
                0x080041b0                HAL_RTC_WaitForSynchro
 .text.RTC_EnterInitMode
                0x080041fc       0x6e ./Drivers/STM32F4xx_HAL_Driver/Src/stm32f4xx_hal_rtc.o
                0x080041fc                RTC_EnterInitMode
 .text.RTC_ExitInitMode
                0x0800426a       0x4a ./Drivers/STM32F4xx_HAL_Driver/Src/stm32f4xx_hal_rtc.o
                0x0800426a                RTC_ExitInitMode
 .text.RTC_ByteToBcd2
                0x080042b4       0x3c ./Drivers/STM32F4xx_HAL_Driver/Src/stm32f4xx_hal_rtc.o
                0x080042b4                RTC_ByteToBcd2
 .text.HAL_SPI_Init
                0x080042f0      0x112 ./Drivers/STM32F4xx_HAL_Driver/Src/stm32f4xx_hal_spi.o
                0x080042f0                HAL_SPI_Init
 .text.HAL_SPI_Transmit
                0x08004402      0x286 ./Drivers/STM32F4xx_HAL_Driver/Src/stm32f4xx_hal_spi.o
                0x08004402                HAL_SPI_Transmit
 .text.HAL_SPI_TransmitReceive
                0x08004688      0x360 ./Drivers/STM32F4xx_HAL_Driver/Src/stm32f4xx_hal_spi.o
                0x08004688                HAL_SPI_TransmitReceive
 .text.SPI_WaitFlagStateUntilTimeout
                0x080049e8      0x110 ./Drivers/STM32F4xx_HAL_Driver/Src/stm32f4xx_hal_spi.o
 .text.SPI_EndRxTxTransaction
                0x08004af8       0xa8 ./Drivers/STM32F4xx_HAL_Driver/Src/stm32f4xx_hal_spi.o
 .text.HAL_TIM_Base_Init
                0x08004ba0       0x9e ./Drivers/STM32F4xx_HAL_Driver/Src/stm32f4xx_hal_tim.o
                0x08004ba0                HAL_TIM_Base_Init
 .text.HAL_TIM_Base_MspInit
                0x08004c3e       0x14 ./Drivers/STM32F4xx_HAL_Driver/Src/stm32f4xx_hal_tim.o
                0x08004c3e                HAL_TIM_Base_MspInit
 *fill*         0x08004c52        0x2 
 .text.HAL_TIM_Base_Start_IT
                0x08004c54       0xc4 ./Drivers/STM32F4xx_HAL_Driver/Src/stm32f4xx_hal_tim.o
                0x08004c54                HAL_TIM_Base_Start_IT
 .text.HAL_TIM_IRQHandler
                0x08004d18      0x1e0 ./Drivers/STM32F4xx_HAL_Driver/Src/stm32f4xx_hal_tim.o
                0x08004d18                HAL_TIM_IRQHandler
 .text.HAL_TIM_OC_DelayElapsedCallback
                0x08004ef8       0x14 ./Drivers/STM32F4xx_HAL_Driver/Src/stm32f4xx_hal_tim.o
                0x08004ef8                HAL_TIM_OC_DelayElapsedCallback
 .text.HAL_TIM_IC_CaptureCallback
                0x08004f0c       0x14 ./Drivers/STM32F4xx_HAL_Driver/Src/stm32f4xx_hal_tim.o
                0x08004f0c                HAL_TIM_IC_CaptureCallback
 .text.HAL_TIM_PWM_PulseFinishedCallback
                0x08004f20       0x14 ./Drivers/STM32F4xx_HAL_Driver/Src/stm32f4xx_hal_tim.o
                0x08004f20                HAL_TIM_PWM_PulseFinishedCallback
 .text.HAL_TIM_TriggerCallback
                0x08004f34       0x14 ./Drivers/STM32F4xx_HAL_Driver/Src/stm32f4xx_hal_tim.o
                0x08004f34                HAL_TIM_TriggerCallback
 .text.TIM_Base_SetConfig
                0x08004f48      0x118 ./Drivers/STM32F4xx_HAL_Driver/Src/stm32f4xx_hal_tim.o
                0x08004f48                TIM_Base_SetConfig
 .text.HAL_TIMEx_CommutCallback
                0x08005060       0x14 ./Drivers/STM32F4xx_HAL_Driver/Src/stm32f4xx_hal_tim_ex.o
                0x08005060                HAL_TIMEx_CommutCallback
 .text.HAL_TIMEx_BreakCallback
                0x08005074       0x14 ./Drivers/STM32F4xx_HAL_Driver/Src/stm32f4xx_hal_tim_ex.o
                0x08005074                HAL_TIMEx_BreakCallback
 .text.HAL_UART_Init
                0x08005088       0xa0 ./Drivers/STM32F4xx_HAL_Driver/Src/stm32f4xx_hal_uart.o
                0x08005088                HAL_UART_Init
 .text.UART_SetConfig
                0x08005128      0x4e8 ./Drivers/STM32F4xx_HAL_Driver/Src/stm32f4xx_hal_uart.o
 .text.MX_FATFS_Init
                0x08005610       0x24 ./FATFS/App/fatfs.o
                0x08005610                MX_FATFS_Init
 .text.USER_initialize
                0x08005634       0x1c ./FATFS/Target/user_diskio.o
                0x08005634                USER_initialize
 .text.USER_status
                0x08005650       0x1c ./FATFS/Target/user_diskio.o
                0x08005650                USER_status
 .text.USER_read
                0x0800566c       0x26 ./FATFS/Target/user_diskio.o
                0x0800566c                USER_read
 .text.USER_write
                0x08005692       0x26 ./FATFS/Target/user_diskio.o
                0x08005692                USER_write
 .text.USER_ioctl
                0x080056b8       0x26 ./FATFS/Target/user_diskio.o
                0x080056b8                USER_ioctl
 *fill*         0x080056de        0x2 
 .text.FATFS_LinkDriverEx
                0x080056e0       0x98 ./Middlewares/Third_Party/FatFs/src/ff_gen_drv.o
                0x080056e0                FATFS_LinkDriverEx
 .text.FATFS_LinkDriver
                0x08005778       0x1e ./Middlewares/Third_Party/FatFs/src/ff_gen_drv.o
                0x08005778                FATFS_LinkDriver
 .text.vListInitialise
                0x08005796       0x40 ./Middlewares/Third_Party/FreeRTOS/Source/list.o
                0x08005796                vListInitialise
 .text.vListInitialiseItem
                0x080057d6       0x1a ./Middlewares/Third_Party/FreeRTOS/Source/list.o
                0x080057d6                vListInitialiseItem
 .text.vListInsertEnd
                0x080057f0       0x48 ./Middlewares/Third_Party/FreeRTOS/Source/list.o
                0x080057f0                vListInsertEnd
 .text.vListInsert
                0x08005838       0x72 ./Middlewares/Third_Party/FreeRTOS/Source/list.o
                0x08005838                vListInsert
 .text.uxListRemove
                0x080058aa       0x54 ./Middlewares/Third_Party/FreeRTOS/Source/list.o
                0x080058aa                uxListRemove
 *fill*         0x080058fe        0x2 
 .text.xQueueGenericReset
                0x08005900       0xd4 ./Middlewares/Third_Party/FreeRTOS/Source/queue.o
                0x08005900                xQueueGenericReset
 .text.xQueueGenericCreate
                0x080059d4       0x76 ./Middlewares/Third_Party/FreeRTOS/Source/queue.o
                0x080059d4                xQueueGenericCreate
 .text.prvInitialiseNewQueue
                0x08005a4a       0x3e ./Middlewares/Third_Party/FreeRTOS/Source/queue.o
 .text.xTaskCreateStatic
                0x08005a88       0xc0 ./Middlewares/Third_Party/FreeRTOS/Source/tasks.o
                0x08005a88                xTaskCreateStatic
 .text.xTaskCreate
                0x08005b48       0x8a ./Middlewares/Third_Party/FreeRTOS/Source/tasks.o
                0x08005b48                xTaskCreate
 .text.prvInitialiseNewTask
                0x08005bd2      0x110 ./Middlewares/Third_Party/FreeRTOS/Source/tasks.o
 *fill*         0x08005ce2        0x2 
 .text.prvAddNewTaskToReadyList
                0x08005ce4       0xd4 ./Middlewares/Third_Party/FreeRTOS/Source/tasks.o
 .text.vTaskDelay
                0x08005db8       0x6c ./Middlewares/Third_Party/FreeRTOS/Source/tasks.o
                0x08005db8                vTaskDelay
 .text.vTaskStartScheduler
                0x08005e24       0xc4 ./Middlewares/Third_Party/FreeRTOS/Source/tasks.o
                0x08005e24                vTaskStartScheduler
 .text.vTaskSuspendAll
                0x08005ee8       0x1c ./Middlewares/Third_Party/FreeRTOS/Source/tasks.o
                0x08005ee8                vTaskSuspendAll
 .text.xTaskResumeAll
                0x08005f04      0x13c ./Middlewares/Third_Party/FreeRTOS/Source/tasks.o
                0x08005f04                xTaskResumeAll
 .text.xTaskIncrementTick
                0x08006040      0x174 ./Middlewares/Third_Party/FreeRTOS/Source/tasks.o
                0x08006040                xTaskIncrementTick
 .text.vTaskSwitchContext
                0x080061b4       0xb8 ./Middlewares/Third_Party/FreeRTOS/Source/tasks.o
                0x080061b4                vTaskSwitchContext
 .text.xTaskRemoveFromEventList
                0x0800626c       0xc8 ./Middlewares/Third_Party/FreeRTOS/Source/tasks.o
                0x0800626c                xTaskRemoveFromEventList
 .text.prvIdleTask
                0x08006334       0x30 ./Middlewares/Third_Party/FreeRTOS/Source/tasks.o
 .text.prvInitialiseTaskLists
                0x08006364       0x80 ./Middlewares/Third_Party/FreeRTOS/Source/tasks.o
 .text.prvCheckTasksWaitingTermination
                0x080063e4       0x5c ./Middlewares/Third_Party/FreeRTOS/Source/tasks.o
 .text.prvDeleteTCB
                0x08006440       0x60 ./Middlewares/Third_Party/FreeRTOS/Source/tasks.o
 .text.prvResetNextTaskUnblockTime
                0x080064a0       0x40 ./Middlewares/Third_Party/FreeRTOS/Source/tasks.o
 .text.prvAddCurrentTaskToDelayedList
                0x080064e0       0xcc ./Middlewares/Third_Party/FreeRTOS/Source/tasks.o
 .text.pxPortInitialiseStack
                0x080065ac       0x68 ./Middlewares/Third_Party/FreeRTOS/Source/portable/GCC/ARM_CM4F/port.o
                0x080065ac                pxPortInitialiseStack
 .text.prvTaskExitError
                0x08006614       0x5c ./Middlewares/Third_Party/FreeRTOS/Source/portable/GCC/ARM_CM4F/port.o
 .text.SVC_Handler
                0x08006670       0x28 ./Middlewares/Third_Party/FreeRTOS/Source/portable/GCC/ARM_CM4F/port.o
                0x08006670                SVC_Handler
 .text.prvPortStartFirstTask
                0x08006698       0x28 ./Middlewares/Third_Party/FreeRTOS/Source/portable/GCC/ARM_CM4F/port.o
 .text.xPortStartScheduler
                0x080066c0      0x148 ./Middlewares/Third_Party/FreeRTOS/Source/portable/GCC/ARM_CM4F/port.o
                0x080066c0                xPortStartScheduler
 .text.vPortEnterCritical
                0x08006808       0x64 ./Middlewares/Third_Party/FreeRTOS/Source/portable/GCC/ARM_CM4F/port.o
                0x08006808                vPortEnterCritical
 .text.vPortExitCritical
                0x0800686c       0x54 ./Middlewares/Third_Party/FreeRTOS/Source/portable/GCC/ARM_CM4F/port.o
                0x0800686c                vPortExitCritical
 .text.PendSV_Handler
                0x080068c0       0x68 ./Middlewares/Third_Party/FreeRTOS/Source/portable/GCC/ARM_CM4F/port.o
                0x080068c0                PendSV_Handler
 .text.SysTick_Handler
                0x08006928       0x44 ./Middlewares/Third_Party/FreeRTOS/Source/portable/GCC/ARM_CM4F/port.o
                0x08006928                SysTick_Handler
 .text.vPortSetupTimerInterrupt
                0x0800696c       0x48 ./Middlewares/Third_Party/FreeRTOS/Source/portable/GCC/ARM_CM4F/port.o
                0x0800696c                vPortSetupTimerInterrupt
 .text.vPortEnableVFP
                0x080069b4       0x14 ./Middlewares/Third_Party/FreeRTOS/Source/portable/GCC/ARM_CM4F/port.o
 .text.pvPortMalloc
                0x080069c8      0x19c ./Middlewares/Third_Party/FreeRTOS/Source/portable/MemMang/heap_4.o
                0x080069c8                pvPortMalloc
 .text.vPortFree
                0x08006b64       0xc8 ./Middlewares/Third_Party/FreeRTOS/Source/portable/MemMang/heap_4.o
                0x08006b64                vPortFree
 .text.prvHeapInit
                0x08006c2c       0xc4 ./Middlewares/Third_Party/FreeRTOS/Source/portable/MemMang/heap_4.o
 .text.prvInsertBlockIntoFreeList
                0x08006cf0       0xb4 ./Middlewares/Third_Party/FreeRTOS/Source/portable/MemMang/heap_4.o
 .text.memset   0x08006da4       0x10 C:/ST/STM32CubeIDE_1.15.1/STM32CubeIDE/plugins/com.st.stm32cube.ide.mcu.externaltools.gnu-tools-for-stm32.12.3.rel1.win32_1.0.100.202403111256/tools/bin/../lib/gcc/arm-none-eabi/12.3.1/../../../../arm-none-eabi/lib/thumb/v7e-m+fp/hard\libc_nano.a(libc_a-memset.o)
                0x08006da4                memset
 .text.__libc_init_array
                0x08006db4       0x48 C:/ST/STM32CubeIDE_1.15.1/STM32CubeIDE/plugins/com.st.stm32cube.ide.mcu.externaltools.gnu-tools-for-stm32.12.3.rel1.win32_1.0.100.202403111256/tools/bin/../lib/gcc/arm-none-eabi/12.3.1/../../../../arm-none-eabi/lib/thumb/v7e-m+fp/hard\libc_nano.a(libc_a-init.o)
                0x08006db4                __libc_init_array
 *(.glue_7)
 .glue_7        0x08006dfc        0x0 linker stubs
 *(.glue_7t)
 .glue_7t       0x08006dfc        0x0 linker stubs
 *(.eh_frame)
 .eh_frame      0x08006dfc        0x0 C:/ST/STM32CubeIDE_1.15.1/STM32CubeIDE/plugins/com.st.stm32cube.ide.mcu.externaltools.gnu-tools-for-stm32.12.3.rel1.win32_1.0.100.202403111256/tools/bin/../lib/gcc/arm-none-eabi/12.3.1/thumb/v7e-m+fp/hard/crtbegin.o
 *(.init)
 .init          0x08006dfc        0x4 C:/ST/STM32CubeIDE_1.15.1/STM32CubeIDE/plugins/com.st.stm32cube.ide.mcu.externaltools.gnu-tools-for-stm32.12.3.rel1.win32_1.0.100.202403111256/tools/bin/../lib/gcc/arm-none-eabi/12.3.1/thumb/v7e-m+fp/hard/crti.o
                0x08006dfc                _init
 .init          0x08006e00        0x8 C:/ST/STM32CubeIDE_1.15.1/STM32CubeIDE/plugins/com.st.stm32cube.ide.mcu.externaltools.gnu-tools-for-stm32.12.3.rel1.win32_1.0.100.202403111256/tools/bin/../lib/gcc/arm-none-eabi/12.3.1/thumb/v7e-m+fp/hard/crtn.o
 *(.fini)
 .fini          0x08006e08        0x4 C:/ST/STM32CubeIDE_1.15.1/STM32CubeIDE/plugins/com.st.stm32cube.ide.mcu.externaltools.gnu-tools-for-stm32.12.3.rel1.win32_1.0.100.202403111256/tools/bin/../lib/gcc/arm-none-eabi/12.3.1/thumb/v7e-m+fp/hard/crti.o
                0x08006e08                _fini
 .fini          0x08006e0c        0x8 C:/ST/STM32CubeIDE_1.15.1/STM32CubeIDE/plugins/com.st.stm32cube.ide.mcu.externaltools.gnu-tools-for-stm32.12.3.rel1.win32_1.0.100.202403111256/tools/bin/../lib/gcc/arm-none-eabi/12.3.1/thumb/v7e-m+fp/hard/crtn.o
                0x08006e14                        . = ALIGN (0x4)
                0x08006e14                        _etext = .

.vfp11_veneer   0x08006e14        0x0
 .vfp11_veneer  0x08006e14        0x0 linker stubs

.v4_bx          0x08006e14        0x0
 .v4_bx         0x08006e14        0x0 linker stubs

.iplt           0x08006e14        0x0
 .iplt          0x08006e14        0x0 C:/ST/STM32CubeIDE_1.15.1/STM32CubeIDE/plugins/com.st.stm32cube.ide.mcu.externaltools.gnu-tools-for-stm32.12.3.rel1.win32_1.0.100.202403111256/tools/bin/../lib/gcc/arm-none-eabi/12.3.1/thumb/v7e-m+fp/hard/crtbegin.o

.rodata         0x08006e14       0x40
                0x08006e14                        . = ALIGN (0x4)
 *(.rodata)
 .rodata        0x08006e14       0x17 ./Core/Src/main.o
 *fill*         0x08006e2b        0x1 
 .rodata        0x08006e2c        0x5 ./Middlewares/Third_Party/FreeRTOS/Source/tasks.o
 *(.rodata*)
 *fill*         0x08006e31        0x3 
 .rodata.AHBPrescTable
                0x08006e34       0x10 ./Core/Src/system_stm32f4xx.o
                0x08006e34                AHBPrescTable
 .rodata.APBPrescTable
                0x08006e44        0x8 ./Core/Src/system_stm32f4xx.o
                0x08006e44                APBPrescTable
 .rodata.flagBitshiftOffset.0
                0x08006e4c        0x8 ./Drivers/STM32F4xx_HAL_Driver/Src/stm32f4xx_hal_dma.o
                0x08006e54                        . = ALIGN (0x4)

.ARM.extab      0x08006e54        0x0
                0x08006e54                        . = ALIGN (0x4)
 *(.ARM.extab* .gnu.linkonce.armextab.*)
                0x08006e54                        . = ALIGN (0x4)

.ARM            0x08006e54        0x8
                0x08006e54                        . = ALIGN (0x4)
                0x08006e54                        __exidx_start = .
 *(.ARM.exidx*)
 .ARM.exidx     0x08006e54        0x8 C:/ST/STM32CubeIDE_1.15.1/STM32CubeIDE/plugins/com.st.stm32cube.ide.mcu.externaltools.gnu-tools-for-stm32.12.3.rel1.win32_1.0.100.202403111256/tools/bin/../lib/gcc/arm-none-eabi/12.3.1/thumb/v7e-m+fp/hard\libgcc.a(_udivmoddi4.o)
                0x08006e5c                        __exidx_end = .
                0x08006e5c                        . = ALIGN (0x4)

.preinit_array  0x08006e5c        0x0
                0x08006e5c                        . = ALIGN (0x4)
                0x08006e5c                        PROVIDE (__preinit_array_start = .)
 *(.preinit_array*)
                0x08006e5c                        PROVIDE (__preinit_array_end = .)
                0x08006e5c                        . = ALIGN (0x4)

.init_array     0x08006e5c        0x4
                0x08006e5c                        . = ALIGN (0x4)
                0x08006e5c                        PROVIDE (__init_array_start = .)
 *(SORT_BY_NAME(.init_array.*))
 *(.init_array*)
 .init_array    0x08006e5c        0x4 C:/ST/STM32CubeIDE_1.15.1/STM32CubeIDE/plugins/com.st.stm32cube.ide.mcu.externaltools.gnu-tools-for-stm32.12.3.rel1.win32_1.0.100.202403111256/tools/bin/../lib/gcc/arm-none-eabi/12.3.1/thumb/v7e-m+fp/hard/crtbegin.o
                0x08006e60                        PROVIDE (__init_array_end = .)
                0x08006e60                        . = ALIGN (0x4)

.fini_array     0x08006e60        0x4
                0x08006e60                        . = ALIGN (0x4)
                [!provide]                        PROVIDE (__fini_array_start = .)
 *(SORT_BY_NAME(.fini_array.*))
 *(.fini_array*)
 .fini_array    0x08006e60        0x4 C:/ST/STM32CubeIDE_1.15.1/STM32CubeIDE/plugins/com.st.stm32cube.ide.mcu.externaltools.gnu-tools-for-stm32.12.3.rel1.win32_1.0.100.202403111256/tools/bin/../lib/gcc/arm-none-eabi/12.3.1/thumb/v7e-m+fp/hard/crtbegin.o
                [!provide]                        PROVIDE (__fini_array_end = .)
                0x08006e64                        . = ALIGN (0x4)
                0x08006e64                        _sidata = LOADADDR (.data)

.rel.dyn        0x08006e64        0x0
 .rel.iplt      0x08006e64        0x0 C:/ST/STM32CubeIDE_1.15.1/STM32CubeIDE/plugins/com.st.stm32cube.ide.mcu.externaltools.gnu-tools-for-stm32.12.3.rel1.win32_1.0.100.202403111256/tools/bin/../lib/gcc/arm-none-eabi/12.3.1/thumb/v7e-m+fp/hard/crtbegin.o

.data           0x20000000       0x28 load address 0x08006e64
                0x20000000                        . = ALIGN (0x4)
                0x20000000                        _sdata = .
 *(.data)
 *(.data*)
 .data.Stat     0x20000000        0x1 ./Core/Src/Device_Drivers_src/fatfs_sd.o
 *fill*         0x20000001        0x3 
 .data.SystemCoreClock
                0x20000004        0x4 ./Core/Src/system_stm32f4xx.o
                0x20000004                SystemCoreClock
 .data.uwTickPrio
                0x20000008        0x4 ./Drivers/STM32F4xx_HAL_Driver/Src/stm32f4xx_hal.o
                0x20000008                uwTickPrio
 .data.uwTickFreq
                0x2000000c        0x1 ./Drivers/STM32F4xx_HAL_Driver/Src/stm32f4xx_hal.o
                0x2000000c                uwTickFreq
 *fill*         0x2000000d        0x3 
 .data.USER_Driver
                0x20000010       0x14 ./FATFS/Target/user_diskio.o
                0x20000010                USER_Driver
 .data.uxCriticalNesting
                0x20000024        0x4 ./Middlewares/Third_Party/FreeRTOS/Source/portable/GCC/ARM_CM4F/port.o
 *(.RamFunc)
 *(.RamFunc*)
                0x20000028                        . = ALIGN (0x4)
                0x20000028                        _edata = .

.igot.plt       0x20000028        0x0 load address 0x08006e8c
 .igot.plt      0x20000028        0x0 C:/ST/STM32CubeIDE_1.15.1/STM32CubeIDE/plugins/com.st.stm32cube.ide.mcu.externaltools.gnu-tools-for-stm32.12.3.rel1.win32_1.0.100.202403111256/tools/bin/../lib/gcc/arm-none-eabi/12.3.1/thumb/v7e-m+fp/hard/crtbegin.o
                0x20000028                        . = ALIGN (0x4)

.bss            0x20000028     0x41f4 load address 0x08006e8c
                0x20000028                        _sbss = .
                0x20000028                        __bss_start__ = _sbss
 *(.bss)
 .bss           0x20000028       0x1c C:/ST/STM32CubeIDE_1.15.1/STM32CubeIDE/plugins/com.st.stm32cube.ide.mcu.externaltools.gnu-tools-for-stm32.12.3.rel1.win32_1.0.100.202403111256/tools/bin/../lib/gcc/arm-none-eabi/12.3.1/thumb/v7e-m+fp/hard/crtbegin.o
 *(.bss*)
 .bss.CardType  0x20000044        0x1 ./Core/Src/Device_Drivers_src/fatfs_sd.o
 .bss.PowerFlag
                0x20000045        0x1 ./Core/Src/Device_Drivers_src/fatfs_sd.o
 *fill*         0x20000046        0x2 
 .bss.xIdleTaskTCBBuffer
                0x20000048       0x54 ./Core/Src/freertos.o
 .bss.xIdleStack
                0x2000009c      0x200 ./Core/Src/freertos.o
 .bss.hadc1     0x2000029c       0x48 ./Core/Src/main.o
                0x2000029c                hadc1
 .bss.hdma_adc1
                0x200002e4       0x60 ./Core/Src/main.o
                0x200002e4                hdma_adc1
 .bss.hi2c1     0x20000344       0x54 ./Core/Src/main.o
                0x20000344                hi2c1
 .bss.hrtc      0x20000398       0x20 ./Core/Src/main.o
                0x20000398                hrtc
 .bss.hspi3     0x200003b8       0x58 ./Core/Src/main.o
                0x200003b8                hspi3
 .bss.huart2    0x20000410       0x48 ./Core/Src/main.o
                0x20000410                huart2
 .bss.uiQueue   0x20000458        0x4 ./Core/Src/main.o
                0x20000458                uiQueue
 .bss.sequenceQueue
                0x2000045c        0x4 ./Core/Src/main.o
                0x2000045c                sequenceQueue
 .bss.lockQueue
                0x20000460        0x4 ./Core/Src/main.o
                0x20000460                lockQueue
 .bss.htim2     0x20000464       0x48 ./Core/Src/stm32f4xx_hal_timebase_tim.o
                0x20000464                htim2
 .bss.FatFsCnt  0x200004ac        0x1 ./Core/Src/stm32f4xx_it.o
                0x200004ac                FatFsCnt
 .bss.Timer1    0x200004ad        0x1 ./Core/Src/stm32f4xx_it.o
                0x200004ad                Timer1
 .bss.Timer2    0x200004ae        0x1 ./Core/Src/stm32f4xx_it.o
                0x200004ae                Timer2
 *fill*         0x200004af        0x1 
 .bss.uwTick    0x200004b0        0x4 ./Drivers/STM32F4xx_HAL_Driver/Src/stm32f4xx_hal.o
                0x200004b0                uwTick
 .bss.retUSER   0x200004b4        0x1 ./FATFS/App/fatfs.o
                0x200004b4                retUSER
 *fill*         0x200004b5        0x3 
 .bss.USERPath  0x200004b8        0x4 ./FATFS/App/fatfs.o
                0x200004b8                USERPath
 .bss.disk      0x200004bc        0xc ./Middlewares/Third_Party/FatFs/src/ff_gen_drv.o
                0x200004bc                disk
 .bss.pxCurrentTCB
                0x200004c8        0x4 ./Middlewares/Third_Party/FreeRTOS/Source/tasks.o
                0x200004c8                pxCurrentTCB
 .bss.pxReadyTasksLists
                0x200004cc       0x8c ./Middlewares/Third_Party/FreeRTOS/Source/tasks.o
 .bss.xDelayedTaskList1
                0x20000558       0x14 ./Middlewares/Third_Party/FreeRTOS/Source/tasks.o
 .bss.xDelayedTaskList2
                0x2000056c       0x14 ./Middlewares/Third_Party/FreeRTOS/Source/tasks.o
 .bss.pxDelayedTaskList
                0x20000580        0x4 ./Middlewares/Third_Party/FreeRTOS/Source/tasks.o
 .bss.pxOverflowDelayedTaskList
                0x20000584        0x4 ./Middlewares/Third_Party/FreeRTOS/Source/tasks.o
 .bss.xPendingReadyList
                0x20000588       0x14 ./Middlewares/Third_Party/FreeRTOS/Source/tasks.o
 .bss.xTasksWaitingTermination
                0x2000059c       0x14 ./Middlewares/Third_Party/FreeRTOS/Source/tasks.o
 .bss.uxDeletedTasksWaitingCleanUp
                0x200005b0        0x4 ./Middlewares/Third_Party/FreeRTOS/Source/tasks.o
 .bss.xSuspendedTaskList
                0x200005b4       0x14 ./Middlewares/Third_Party/FreeRTOS/Source/tasks.o
 .bss.uxCurrentNumberOfTasks
                0x200005c8        0x4 ./Middlewares/Third_Party/FreeRTOS/Source/tasks.o
 .bss.xTickCount
                0x200005cc        0x4 ./Middlewares/Third_Party/FreeRTOS/Source/tasks.o
 .bss.uxTopReadyPriority
                0x200005d0        0x4 ./Middlewares/Third_Party/FreeRTOS/Source/tasks.o
 .bss.xSchedulerRunning
                0x200005d4        0x4 ./Middlewares/Third_Party/FreeRTOS/Source/tasks.o
 .bss.xPendedTicks
                0x200005d8        0x4 ./Middlewares/Third_Party/FreeRTOS/Source/tasks.o
 .bss.xYieldPending
                0x200005dc        0x4 ./Middlewares/Third_Party/FreeRTOS/Source/tasks.o
 .bss.xNumOfOverflows
                0x200005e0        0x4 ./Middlewares/Third_Party/FreeRTOS/Source/tasks.o
 .bss.uxTaskNumber
                0x200005e4        0x4 ./Middlewares/Third_Party/FreeRTOS/Source/tasks.o
 .bss.xNextTaskUnblockTime
                0x200005e8        0x4 ./Middlewares/Third_Party/FreeRTOS/Source/tasks.o
 .bss.xIdleTaskHandle
                0x200005ec        0x4 ./Middlewares/Third_Party/FreeRTOS/Source/tasks.o
 .bss.uxSchedulerSuspended
                0x200005f0        0x4 ./Middlewares/Third_Party/FreeRTOS/Source/tasks.o
 .bss.ucMaxSysCallPriority
                0x200005f4        0x1 ./Middlewares/Third_Party/FreeRTOS/Source/portable/GCC/ARM_CM4F/port.o
 *fill*         0x200005f5        0x3 
 .bss.ulMaxPRIGROUPValue
                0x200005f8        0x4 ./Middlewares/Third_Party/FreeRTOS/Source/portable/GCC/ARM_CM4F/port.o
 .bss.ucHeap    0x200005fc     0x3c00 ./Middlewares/Third_Party/FreeRTOS/Source/portable/MemMang/heap_4.o
 .bss.xStart    0x200041fc        0x8 ./Middlewares/Third_Party/FreeRTOS/Source/portable/MemMang/heap_4.o
 .bss.pxEnd     0x20004204        0x4 ./Middlewares/Third_Party/FreeRTOS/Source/portable/MemMang/heap_4.o
 .bss.xFreeBytesRemaining
                0x20004208        0x4 ./Middlewares/Third_Party/FreeRTOS/Source/portable/MemMang/heap_4.o
 .bss.xMinimumEverFreeBytesRemaining
                0x2000420c        0x4 ./Middlewares/Third_Party/FreeRTOS/Source/portable/MemMang/heap_4.o
 .bss.xNumberOfSuccessfulAllocations
                0x20004210        0x4 ./Middlewares/Third_Party/FreeRTOS/Source/portable/MemMang/heap_4.o
 .bss.xNumberOfSuccessfulFrees
                0x20004214        0x4 ./Middlewares/Third_Party/FreeRTOS/Source/portable/MemMang/heap_4.o
 .bss.xBlockAllocatedBit
                0x20004218        0x4 ./Middlewares/Third_Party/FreeRTOS/Source/portable/MemMang/heap_4.o
 *(COMMON)
                0x2000421c                        . = ALIGN (0x4)
                0x2000421c                        _ebss = .
                0x2000421c                        __bss_end__ = _ebss

._user_heap_stack
                0x2000421c      0x604 load address 0x08006e8c
                0x20004220                        . = ALIGN (0x8)
 *fill*         0x2000421c        0x4 
                [!provide]                        PROVIDE (end = .)
                0x20004220                        PROVIDE (_end = .)
                0x20004420                        . = (. + _Min_Heap_Size)
 *fill*         0x20004220      0x200 
                0x20004820                        . = (. + _Min_Stack_Size)
 *fill*         0x20004420      0x400 
                0x20004820                        . = ALIGN (0x8)

/DISCARD/
 libc.a(*)
 libm.a(*)
 libgcc.a(*)

.ARM.attributes
                0x00000000       0x30
 *(.ARM.attributes)
 .ARM.attributes
                0x00000000       0x22 C:/ST/STM32CubeIDE_1.15.1/STM32CubeIDE/plugins/com.st.stm32cube.ide.mcu.externaltools.gnu-tools-for-stm32.12.3.rel1.win32_1.0.100.202403111256/tools/bin/../lib/gcc/arm-none-eabi/12.3.1/thumb/v7e-m+fp/hard/crti.o
 .ARM.attributes
                0x00000022       0x34 C:/ST/STM32CubeIDE_1.15.1/STM32CubeIDE/plugins/com.st.stm32cube.ide.mcu.externaltools.gnu-tools-for-stm32.12.3.rel1.win32_1.0.100.202403111256/tools/bin/../lib/gcc/arm-none-eabi/12.3.1/thumb/v7e-m+fp/hard/crtbegin.o
 .ARM.attributes
                0x00000056       0x34 ./Core/Src/Device_Drivers_src/adc_functions.o
 .ARM.attributes
                0x0000008a       0x34 ./Core/Src/Device_Drivers_src/fatfs_sd.o
 .ARM.attributes
                0x000000be       0x34 ./Core/Src/freertos.o
 .ARM.attributes
                0x000000f2       0x34 ./Core/Src/main.o
 .ARM.attributes
                0x00000126       0x34 ./Core/Src/stm32f4xx_hal_msp.o
 .ARM.attributes
                0x0000015a       0x34 ./Core/Src/stm32f4xx_hal_timebase_tim.o
 .ARM.attributes
                0x0000018e       0x34 ./Core/Src/stm32f4xx_it.o
 .ARM.attributes
                0x000001c2       0x34 ./Core/Src/system_stm32f4xx.o
 .ARM.attributes
                0x000001f6       0x34 ./Core/Src/tasks.o
 .ARM.attributes
                0x0000022a       0x21 ./Core/Startup/startup_stm32f401retx.o
 .ARM.attributes
                0x0000024b       0x34 ./Drivers/STM32F4xx_HAL_Driver/Src/stm32f4xx_hal.o
 .ARM.attributes
                0x0000027f       0x34 ./Drivers/STM32F4xx_HAL_Driver/Src/stm32f4xx_hal_adc.o
 .ARM.attributes
                0x000002b3       0x34 ./Drivers/STM32F4xx_HAL_Driver/Src/stm32f4xx_hal_cortex.o
 .ARM.attributes
                0x000002e7       0x34 ./Drivers/STM32F4xx_HAL_Driver/Src/stm32f4xx_hal_dma.o
 .ARM.attributes
                0x0000031b       0x34 ./Drivers/STM32F4xx_HAL_Driver/Src/stm32f4xx_hal_gpio.o
 .ARM.attributes
                0x0000034f       0x34 ./Drivers/STM32F4xx_HAL_Driver/Src/stm32f4xx_hal_i2c.o
 .ARM.attributes
                0x00000383       0x34 ./Drivers/STM32F4xx_HAL_Driver/Src/stm32f4xx_hal_rcc.o
 .ARM.attributes
                0x000003b7       0x34 ./Drivers/STM32F4xx_HAL_Driver/Src/stm32f4xx_hal_rcc_ex.o
 .ARM.attributes
                0x000003eb       0x34 ./Drivers/STM32F4xx_HAL_Driver/Src/stm32f4xx_hal_rtc.o
 .ARM.attributes
                0x0000041f       0x34 ./Drivers/STM32F4xx_HAL_Driver/Src/stm32f4xx_hal_spi.o
 .ARM.attributes
                0x00000453       0x34 ./Drivers/STM32F4xx_HAL_Driver/Src/stm32f4xx_hal_tim.o
 .ARM.attributes
                0x00000487       0x34 ./Drivers/STM32F4xx_HAL_Driver/Src/stm32f4xx_hal_tim_ex.o
 .ARM.attributes
                0x000004bb       0x34 ./Drivers/STM32F4xx_HAL_Driver/Src/stm32f4xx_hal_uart.o
 .ARM.attributes
                0x000004ef       0x34 ./FATFS/App/fatfs.o
 .ARM.attributes
                0x00000523       0x34 ./FATFS/Target/user_diskio.o
 .ARM.attributes
                0x00000557       0x34 ./Middlewares/Third_Party/FatFs/src/ff_gen_drv.o
 .ARM.attributes
                0x0000058b       0x34 ./Middlewares/Third_Party/FreeRTOS/Source/list.o
 .ARM.attributes
                0x000005bf       0x34 ./Middlewares/Third_Party/FreeRTOS/Source/queue.o
 .ARM.attributes
                0x000005f3       0x34 ./Middlewares/Third_Party/FreeRTOS/Source/tasks.o
 .ARM.attributes
                0x00000627       0x34 ./Middlewares/Third_Party/FreeRTOS/Source/portable/GCC/ARM_CM4F/port.o
 .ARM.attributes
                0x0000065b       0x34 ./Middlewares/Third_Party/FreeRTOS/Source/portable/MemMang/heap_4.o
 .ARM.attributes
                0x0000068f       0x34 C:/ST/STM32CubeIDE_1.15.1/STM32CubeIDE/plugins/com.st.stm32cube.ide.mcu.externaltools.gnu-tools-for-stm32.12.3.rel1.win32_1.0.100.202403111256/tools/bin/../lib/gcc/arm-none-eabi/12.3.1/../../../../arm-none-eabi/lib/thumb/v7e-m+fp/hard\libc_nano.a(libc_a-memset.o)
 .ARM.attributes
                0x000006c3       0x34 C:/ST/STM32CubeIDE_1.15.1/STM32CubeIDE/plugins/com.st.stm32cube.ide.mcu.externaltools.gnu-tools-for-stm32.12.3.rel1.win32_1.0.100.202403111256/tools/bin/../lib/gcc/arm-none-eabi/12.3.1/../../../../arm-none-eabi/lib/thumb/v7e-m+fp/hard\libc_nano.a(libc_a-init.o)
 .ARM.attributes
                0x000006f7       0x22 C:/ST/STM32CubeIDE_1.15.1/STM32CubeIDE/plugins/com.st.stm32cube.ide.mcu.externaltools.gnu-tools-for-stm32.12.3.rel1.win32_1.0.100.202403111256/tools/bin/../lib/gcc/arm-none-eabi/12.3.1/thumb/v7e-m+fp/hard\libgcc.a(_aeabi_uldivmod.o)
 .ARM.attributes
                0x00000719       0x34 C:/ST/STM32CubeIDE_1.15.1/STM32CubeIDE/plugins/com.st.stm32cube.ide.mcu.externaltools.gnu-tools-for-stm32.12.3.rel1.win32_1.0.100.202403111256/tools/bin/../lib/gcc/arm-none-eabi/12.3.1/thumb/v7e-m+fp/hard\libgcc.a(_udivmoddi4.o)
 .ARM.attributes
                0x0000074d       0x22 C:/ST/STM32CubeIDE_1.15.1/STM32CubeIDE/plugins/com.st.stm32cube.ide.mcu.externaltools.gnu-tools-for-stm32.12.3.rel1.win32_1.0.100.202403111256/tools/bin/../lib/gcc/arm-none-eabi/12.3.1/thumb/v7e-m+fp/hard\libgcc.a(_dvmd_tls.o)
 .ARM.attributes
                0x0000076f       0x22 C:/ST/STM32CubeIDE_1.15.1/STM32CubeIDE/plugins/com.st.stm32cube.ide.mcu.externaltools.gnu-tools-for-stm32.12.3.rel1.win32_1.0.100.202403111256/tools/bin/../lib/gcc/arm-none-eabi/12.3.1/thumb/v7e-m+fp/hard/crtn.o
OUTPUT(EDIII_Control_Acceso.elf elf32-littlearm)
LOAD linker stubs
LOAD C:/ST/STM32CubeIDE_1.15.1/STM32CubeIDE/plugins/com.st.stm32cube.ide.mcu.externaltools.gnu-tools-for-stm32.12.3.rel1.win32_1.0.100.202403111256/tools/bin/../lib/gcc/arm-none-eabi/12.3.1/../../../../arm-none-eabi/lib/thumb/v7e-m+fp/hard\libc.a
LOAD C:/ST/STM32CubeIDE_1.15.1/STM32CubeIDE/plugins/com.st.stm32cube.ide.mcu.externaltools.gnu-tools-for-stm32.12.3.rel1.win32_1.0.100.202403111256/tools/bin/../lib/gcc/arm-none-eabi/12.3.1/../../../../arm-none-eabi/lib/thumb/v7e-m+fp/hard\libm.a
LOAD C:/ST/STM32CubeIDE_1.15.1/STM32CubeIDE/plugins/com.st.stm32cube.ide.mcu.externaltools.gnu-tools-for-stm32.12.3.rel1.win32_1.0.100.202403111256/tools/bin/../lib/gcc/arm-none-eabi/12.3.1/thumb/v7e-m+fp/hard\libgcc.a

.debug_info     0x00000000    0x1b47e
 .debug_info    0x00000000      0xabe ./Core/Src/Device_Drivers_src/adc_functions.o
 .debug_info    0x00000abe      0xc31 ./Core/Src/Device_Drivers_src/fatfs_sd.o
 .debug_info    0x000016ef      0x279 ./Core/Src/freertos.o
 .debug_info    0x00001968     0x207d ./Core/Src/main.o
 .debug_info    0x000039e5     0x18de ./Core/Src/stm32f4xx_hal_msp.o
 .debug_info    0x000052c3      0xb7d ./Core/Src/stm32f4xx_hal_timebase_tim.o
 .debug_info    0x00005e40      0x72d ./Core/Src/stm32f4xx_it.o
 .debug_info    0x0000656d      0x53e ./Core/Src/system_stm32f4xx.o
 .debug_info    0x00006aab      0x6d2 ./Core/Src/tasks.o
 .debug_info    0x0000717d       0x30 ./Core/Startup/startup_stm32f401retx.o
 .debug_info    0x000071ad      0x8bb ./Drivers/STM32F4xx_HAL_Driver/Src/stm32f4xx_hal.o
 .debug_info    0x00007a68      0xcd1 ./Drivers/STM32F4xx_HAL_Driver/Src/stm32f4xx_hal_adc.o
 .debug_info    0x00008739      0xcc1 ./Drivers/STM32F4xx_HAL_Driver/Src/stm32f4xx_hal_cortex.o
 .debug_info    0x000093fa      0x8e6 ./Drivers/STM32F4xx_HAL_Driver/Src/stm32f4xx_hal_dma.o
 .debug_info    0x00009ce0      0x6f9 ./Drivers/STM32F4xx_HAL_Driver/Src/stm32f4xx_hal_gpio.o
 .debug_info    0x0000a3d9     0x2426 ./Drivers/STM32F4xx_HAL_Driver/Src/stm32f4xx_hal_i2c.o
 .debug_info    0x0000c7ff      0x8f3 ./Drivers/STM32F4xx_HAL_Driver/Src/stm32f4xx_hal_rcc.o
 .debug_info    0x0000d0f2      0x574 ./Drivers/STM32F4xx_HAL_Driver/Src/stm32f4xx_hal_rcc_ex.o
 .debug_info    0x0000d666      0xc43 ./Drivers/STM32F4xx_HAL_Driver/Src/stm32f4xx_hal_rtc.o
 .debug_info    0x0000e2a9     0x1606 ./Drivers/STM32F4xx_HAL_Driver/Src/stm32f4xx_hal_spi.o
 .debug_info    0x0000f8af     0x2996 ./Drivers/STM32F4xx_HAL_Driver/Src/stm32f4xx_hal_tim.o
 .debug_info    0x00012245     0x14d4 ./Drivers/STM32F4xx_HAL_Driver/Src/stm32f4xx_hal_tim_ex.o
 .debug_info    0x00013719     0x2f56 ./Drivers/STM32F4xx_HAL_Driver/Src/stm32f4xx_hal_uart.o
 .debug_info    0x0001666f      0x543 ./FATFS/App/fatfs.o
 .debug_info    0x00016bb2      0x3a5 ./FATFS/Target/user_diskio.o
 .debug_info    0x00016f57      0x37f ./Middlewares/Third_Party/FatFs/src/ff_gen_drv.o
 .debug_info    0x000172d6      0x2af ./Middlewares/Third_Party/FreeRTOS/Source/list.o
 .debug_info    0x00017585     0x17cd ./Middlewares/Third_Party/FreeRTOS/Source/queue.o
 .debug_info    0x00018d52     0x1d79 ./Middlewares/Third_Party/FreeRTOS/Source/tasks.o
 .debug_info    0x0001aacb      0x4de ./Middlewares/Third_Party/FreeRTOS/Source/portable/GCC/ARM_CM4F/port.o
 .debug_info    0x0001afa9      0x4d5 ./Middlewares/Third_Party/FreeRTOS/Source/portable/MemMang/heap_4.o

.debug_abbrev   0x00000000     0x4251
 .debug_abbrev  0x00000000      0x21b ./Core/Src/Device_Drivers_src/adc_functions.o
 .debug_abbrev  0x0000021b      0x2da ./Core/Src/Device_Drivers_src/fatfs_sd.o
 .debug_abbrev  0x000004f5       0xd2 ./Core/Src/freertos.o
 .debug_abbrev  0x000005c7      0x327 ./Core/Src/main.o
 .debug_abbrev  0x000008ee      0x25e ./Core/Src/stm32f4xx_hal_msp.o
 .debug_abbrev  0x00000b4c      0x207 ./Core/Src/stm32f4xx_hal_timebase_tim.o
 .debug_abbrev  0x00000d53      0x1a8 ./Core/Src/stm32f4xx_it.o
 .debug_abbrev  0x00000efb      0x11a ./Core/Src/system_stm32f4xx.o
 .debug_abbrev  0x00001015      0x206 ./Core/Src/tasks.o
 .debug_abbrev  0x0000121b       0x24 ./Core/Startup/startup_stm32f401retx.o
 .debug_abbrev  0x0000123f      0x24b ./Drivers/STM32F4xx_HAL_Driver/Src/stm32f4xx_hal.o
 .debug_abbrev  0x0000148a      0x20e ./Drivers/STM32F4xx_HAL_Driver/Src/stm32f4xx_hal_adc.o
 .debug_abbrev  0x00001698      0x328 ./Drivers/STM32F4xx_HAL_Driver/Src/stm32f4xx_hal_cortex.o
 .debug_abbrev  0x000019c0      0x221 ./Drivers/STM32F4xx_HAL_Driver/Src/stm32f4xx_hal_dma.o
 .debug_abbrev  0x00001be1      0x1d3 ./Drivers/STM32F4xx_HAL_Driver/Src/stm32f4xx_hal_gpio.o
 .debug_abbrev  0x00001db4      0x2bc ./Drivers/STM32F4xx_HAL_Driver/Src/stm32f4xx_hal_i2c.o
 .debug_abbrev  0x00002070      0x2b5 ./Drivers/STM32F4xx_HAL_Driver/Src/stm32f4xx_hal_rcc.o
 .debug_abbrev  0x00002325      0x1af ./Drivers/STM32F4xx_HAL_Driver/Src/stm32f4xx_hal_rcc_ex.o
 .debug_abbrev  0x000024d4      0x1fb ./Drivers/STM32F4xx_HAL_Driver/Src/stm32f4xx_hal_rtc.o
 .debug_abbrev  0x000026cf      0x280 ./Drivers/STM32F4xx_HAL_Driver/Src/stm32f4xx_hal_spi.o
 .debug_abbrev  0x0000294f      0x28b ./Drivers/STM32F4xx_HAL_Driver/Src/stm32f4xx_hal_tim.o
 .debug_abbrev  0x00002bda      0x296 ./Drivers/STM32F4xx_HAL_Driver/Src/stm32f4xx_hal_tim_ex.o
 .debug_abbrev  0x00002e70      0x31b ./Drivers/STM32F4xx_HAL_Driver/Src/stm32f4xx_hal_uart.o
 .debug_abbrev  0x0000318b      0x167 ./FATFS/App/fatfs.o
 .debug_abbrev  0x000032f2      0x144 ./FATFS/Target/user_diskio.o
 .debug_abbrev  0x00003436      0x19f ./Middlewares/Third_Party/FatFs/src/ff_gen_drv.o
 .debug_abbrev  0x000035d5       0xf5 ./Middlewares/Third_Party/FreeRTOS/Source/list.o
 .debug_abbrev  0x000036ca      0x3b5 ./Middlewares/Third_Party/FreeRTOS/Source/queue.o
 .debug_abbrev  0x00003a7f      0x359 ./Middlewares/Third_Party/FreeRTOS/Source/tasks.o
 .debug_abbrev  0x00003dd8      0x25c ./Middlewares/Third_Party/FreeRTOS/Source/portable/GCC/ARM_CM4F/port.o
 .debug_abbrev  0x00004034      0x21d ./Middlewares/Third_Party/FreeRTOS/Source/portable/MemMang/heap_4.o

.debug_aranges  0x00000000     0x18f8
 .debug_aranges
                0x00000000       0x48 ./Core/Src/Device_Drivers_src/adc_functions.o
 .debug_aranges
                0x00000048       0xa8 ./Core/Src/Device_Drivers_src/fatfs_sd.o
 .debug_aranges
                0x000000f0       0x20 ./Core/Src/freertos.o
 .debug_aranges
                0x00000110       0x78 ./Core/Src/main.o
 .debug_aranges
                0x00000188       0x70 ./Core/Src/stm32f4xx_hal_msp.o
 .debug_aranges
                0x000001f8       0x30 ./Core/Src/stm32f4xx_hal_timebase_tim.o
 .debug_aranges
                0x00000228       0x60 ./Core/Src/stm32f4xx_it.o
 .debug_aranges
                0x00000288       0x28 ./Core/Src/system_stm32f4xx.o
 .debug_aranges
                0x000002b0       0x48 ./Core/Src/tasks.o
 .debug_aranges
                0x000002f8       0x28 ./Core/Startup/startup_stm32f401retx.o
 .debug_aranges
                0x00000320       0xf0 ./Drivers/STM32F4xx_HAL_Driver/Src/stm32f4xx_hal.o
 .debug_aranges
                0x00000410       0xe8 ./Drivers/STM32F4xx_HAL_Driver/Src/stm32f4xx_hal_adc.o
 .debug_aranges
                0x000004f8      0x120 ./Drivers/STM32F4xx_HAL_Driver/Src/stm32f4xx_hal_cortex.o
 .debug_aranges
                0x00000618       0x90 ./Drivers/STM32F4xx_HAL_Driver/Src/stm32f4xx_hal_dma.o
 .debug_aranges
                0x000006a8       0x58 ./Drivers/STM32F4xx_HAL_Driver/Src/stm32f4xx_hal_gpio.o
 .debug_aranges
                0x00000700      0x2a8 ./Drivers/STM32F4xx_HAL_Driver/Src/stm32f4xx_hal_i2c.o
 .debug_aranges
                0x000009a8       0x88 ./Drivers/STM32F4xx_HAL_Driver/Src/stm32f4xx_hal_rcc.o
 .debug_aranges
                0x00000a30       0x48 ./Drivers/STM32F4xx_HAL_Driver/Src/stm32f4xx_hal_rcc_ex.o
 .debug_aranges
                0x00000a78       0xe8 ./Drivers/STM32F4xx_HAL_Driver/Src/stm32f4xx_hal_rtc.o
 .debug_aranges
                0x00000b60      0x1d0 ./Drivers/STM32F4xx_HAL_Driver/Src/stm32f4xx_hal_spi.o
 .debug_aranges
                0x00000d30      0x3d0 ./Drivers/STM32F4xx_HAL_Driver/Src/stm32f4xx_hal_tim.o
 .debug_aranges
                0x00001100      0x168 ./Drivers/STM32F4xx_HAL_Driver/Src/stm32f4xx_hal_tim_ex.o
 .debug_aranges
                0x00001268      0x208 ./Drivers/STM32F4xx_HAL_Driver/Src/stm32f4xx_hal_uart.o
 .debug_aranges
                0x00001470       0x28 ./FATFS/App/fatfs.o
 .debug_aranges
                0x00001498       0x40 ./FATFS/Target/user_diskio.o
 .debug_aranges
                0x000014d8       0x40 ./Middlewares/Third_Party/FatFs/src/ff_gen_drv.o
 .debug_aranges
                0x00001518       0x40 ./Middlewares/Third_Party/FreeRTOS/Source/list.o
 .debug_aranges
                0x00001558      0x108 ./Middlewares/Third_Party/FreeRTOS/Source/queue.o
 .debug_aranges
                0x00001660      0x1c0 ./Middlewares/Third_Party/FreeRTOS/Source/tasks.o
 .debug_aranges
                0x00001820       0x80 ./Middlewares/Third_Party/FreeRTOS/Source/portable/GCC/ARM_CM4F/port.o
 .debug_aranges
                0x000018a0       0x58 ./Middlewares/Third_Party/FreeRTOS/Source/portable/MemMang/heap_4.o

.debug_rnglists
                0x00000000     0x1386
 .debug_rnglists
                0x00000000       0x33 ./Core/Src/Device_Drivers_src/adc_functions.o
 .debug_rnglists
                0x00000033       0x80 ./Core/Src/Device_Drivers_src/fatfs_sd.o
 .debug_rnglists
                0x000000b3       0x13 ./Core/Src/freertos.o
 .debug_rnglists
                0x000000c6       0x5a ./Core/Src/main.o
 .debug_rnglists
                0x00000120       0x53 ./Core/Src/stm32f4xx_hal_msp.o
 .debug_rnglists
                0x00000173       0x20 ./Core/Src/stm32f4xx_hal_timebase_tim.o
 .debug_rnglists
                0x00000193       0x43 ./Core/Src/stm32f4xx_it.o
 .debug_rnglists
                0x000001d6       0x1a ./Core/Src/system_stm32f4xx.o
 .debug_rnglists
                0x000001f0       0x34 ./Core/Src/tasks.o
 .debug_rnglists
                0x00000224       0x19 ./Core/Startup/startup_stm32f401retx.o
 .debug_rnglists
                0x0000023d       0xaf ./Drivers/STM32F4xx_HAL_Driver/Src/stm32f4xx_hal.o
 .debug_rnglists
                0x000002ec       0xb5 ./Drivers/STM32F4xx_HAL_Driver/Src/stm32f4xx_hal_adc.o
 .debug_rnglists
                0x000003a1       0xd4 ./Drivers/STM32F4xx_HAL_Driver/Src/stm32f4xx_hal_cortex.o
 .debug_rnglists
                0x00000475       0x70 ./Drivers/STM32F4xx_HAL_Driver/Src/stm32f4xx_hal_dma.o
 .debug_rnglists
                0x000004e5       0x3f ./Drivers/STM32F4xx_HAL_Driver/Src/stm32f4xx_hal_gpio.o
 .debug_rnglists
                0x00000524      0x23c ./Drivers/STM32F4xx_HAL_Driver/Src/stm32f4xx_hal_i2c.o
 .debug_rnglists
                0x00000760       0x66 ./Drivers/STM32F4xx_HAL_Driver/Src/stm32f4xx_hal_rcc.o
 .debug_rnglists
                0x000007c6       0x35 ./Drivers/STM32F4xx_HAL_Driver/Src/stm32f4xx_hal_rcc_ex.o
 .debug_rnglists
                0x000007fb       0xb4 ./Drivers/STM32F4xx_HAL_Driver/Src/stm32f4xx_hal_rtc.o
 .debug_rnglists
                0x000008af      0x16f ./Drivers/STM32F4xx_HAL_Driver/Src/stm32f4xx_hal_spi.o
 .debug_rnglists
                0x00000a1e      0x31a ./Drivers/STM32F4xx_HAL_Driver/Src/stm32f4xx_hal_tim.o
 .debug_rnglists
                0x00000d38      0x125 ./Drivers/STM32F4xx_HAL_Driver/Src/stm32f4xx_hal_tim_ex.o
 .debug_rnglists
                0x00000e5d      0x1bc ./Drivers/STM32F4xx_HAL_Driver/Src/stm32f4xx_hal_uart.o
 .debug_rnglists
                0x00001019       0x19 ./FATFS/App/fatfs.o
 .debug_rnglists
                0x00001032       0x2b ./FATFS/Target/user_diskio.o
 .debug_rnglists
                0x0000105d       0x2c ./Middlewares/Third_Party/FatFs/src/ff_gen_drv.o
 .debug_rnglists
                0x00001089       0x2b ./Middlewares/Third_Party/FreeRTOS/Source/list.o
 .debug_rnglists
                0x000010b4       0xcd ./Middlewares/Third_Party/FreeRTOS/Source/queue.o
 .debug_rnglists
                0x00001181      0x166 ./Middlewares/Third_Party/FreeRTOS/Source/tasks.o
 .debug_rnglists
                0x000012e7       0x5d ./Middlewares/Third_Party/FreeRTOS/Source/portable/GCC/ARM_CM4F/port.o
 .debug_rnglists
                0x00001344       0x42 ./Middlewares/Third_Party/FreeRTOS/Source/portable/MemMang/heap_4.o

.debug_macro    0x00000000     0x5264
 .debug_macro   0x00000000      0x406 ./Core/Src/Device_Drivers_src/adc_functions.o
 .debug_macro   0x00000406       0x12 ./Core/Src/Device_Drivers_src/adc_functions.o
 .debug_macro   0x00000418      0x19b ./Core/Src/Device_Drivers_src/adc_functions.o
 .debug_macro   0x000005b3       0xd6 ./Core/Src/Device_Drivers_src/adc_functions.o
 .debug_macro   0x00000689       0x28 ./Core/Src/Device_Drivers_src/adc_functions.o
 .debug_macro   0x000006b1      0x277 ./Core/Src/Device_Drivers_src/fatfs_sd.o
 .debug_macro   0x00000928       0x16 ./Core/Src/Device_Drivers_src/fatfs_sd.o
 .debug_macro   0x0000093e       0x7c ./Core/Src/Device_Drivers_src/fatfs_sd.o
 .debug_macro   0x000009ba      0x2a9 ./Core/Src/freertos.o
 .debug_macro   0x00000c63       0xea ./Core/Src/freertos.o
 .debug_macro   0x00000d4d      0x50d ./Core/Src/main.o
 .debug_macro   0x0000125a      0x241 ./Core/Src/stm32f4xx_hal_msp.o
 .debug_macro   0x0000149b      0x232 ./Core/Src/stm32f4xx_hal_timebase_tim.o
 .debug_macro   0x000016cd      0x24b ./Core/Src/stm32f4xx_it.o
 .debug_macro   0x00001918      0x232 ./Core/Src/system_stm32f4xx.o
 .debug_macro   0x00001b4a      0x51e ./Core/Src/tasks.o
 .debug_macro   0x00002068       0x10 ./Core/Src/tasks.o
 .debug_macro   0x00002078      0x292 ./Drivers/STM32F4xx_HAL_Driver/Src/stm32f4xx_hal.o
 .debug_macro   0x0000230a      0x233 ./Drivers/STM32F4xx_HAL_Driver/Src/stm32f4xx_hal_adc.o
 .debug_macro   0x0000253d      0x232 ./Drivers/STM32F4xx_HAL_Driver/Src/stm32f4xx_hal_cortex.o
 .debug_macro   0x0000276f      0x238 ./Drivers/STM32F4xx_HAL_Driver/Src/stm32f4xx_hal_dma.o
 .debug_macro   0x000029a7      0x238 ./Drivers/STM32F4xx_HAL_Driver/Src/stm32f4xx_hal_gpio.o
 .debug_macro   0x00002bdf      0x280 ./Drivers/STM32F4xx_HAL_Driver/Src/stm32f4xx_hal_i2c.o
 .debug_macro   0x00002e5f      0x256 ./Drivers/STM32F4xx_HAL_Driver/Src/stm32f4xx_hal_rcc.o
 .debug_macro   0x000030b5      0x232 ./Drivers/STM32F4xx_HAL_Driver/Src/stm32f4xx_hal_rcc_ex.o
 .debug_macro   0x000032e7      0x233 ./Drivers/STM32F4xx_HAL_Driver/Src/stm32f4xx_hal_rtc.o
 .debug_macro   0x0000351a      0x241 ./Drivers/STM32F4xx_HAL_Driver/Src/stm32f4xx_hal_spi.o
 .debug_macro   0x0000375b      0x233 ./Drivers/STM32F4xx_HAL_Driver/Src/stm32f4xx_hal_tim.o
 .debug_macro   0x0000398e      0x232 ./Drivers/STM32F4xx_HAL_Driver/Src/stm32f4xx_hal_tim_ex.o
 .debug_macro   0x00003bc0      0x233 ./Drivers/STM32F4xx_HAL_Driver/Src/stm32f4xx_hal_uart.o
 .debug_macro   0x00003df3      0x347 ./FATFS/App/fatfs.o
 .debug_macro   0x0000413a      0x405 ./FATFS/Target/user_diskio.o
 .debug_macro   0x0000453f      0x334 ./Middlewares/Third_Party/FatFs/src/ff_gen_drv.o
 .debug_macro   0x00004873      0x187 ./Middlewares/Third_Party/FreeRTOS/Source/list.o
 .debug_macro   0x000049fa      0x216 ./Middlewares/Third_Party/FreeRTOS/Source/queue.o
 .debug_macro   0x00004c10       0x87 ./Middlewares/Third_Party/FreeRTOS/Source/queue.o
 .debug_macro   0x00004c97      0x279 ./Middlewares/Third_Party/FreeRTOS/Source/tasks.o
 .debug_macro   0x00004f10       0x10 ./Middlewares/Third_Party/FreeRTOS/Source/tasks.o
 .debug_macro   0x00004f20      0x196 ./Middlewares/Third_Party/FreeRTOS/Source/portable/GCC/ARM_CM4F/port.o
 .debug_macro   0x000050b6      0x1ae ./Middlewares/Third_Party/FreeRTOS/Source/portable/MemMang/heap_4.o

.debug_line     0x00000000    0x21abb
 .debug_line    0x00000000      0xc67 ./Core/Src/Device_Drivers_src/adc_functions.o
 .debug_line    0x00000c67      0xf9b ./Core/Src/Device_Drivers_src/fatfs_sd.o
 .debug_line    0x00001c02      0x90d ./Core/Src/freertos.o
 .debug_line    0x0000250f      0xf77 ./Core/Src/main.o
 .debug_line    0x00003486      0x9b2 ./Core/Src/stm32f4xx_hal_msp.o
 .debug_line    0x00003e38      0x88a ./Core/Src/stm32f4xx_hal_timebase_tim.o
 .debug_line    0x000046c2      0x8f8 ./Core/Src/stm32f4xx_it.o
 .debug_line    0x00004fba      0x893 ./Core/Src/system_stm32f4xx.o
 .debug_line    0x0000584d      0xf47 ./Core/Src/tasks.o
 .debug_line    0x00006794       0x7a ./Core/Startup/startup_stm32f401retx.o
 .debug_line    0x0000680e      0xafc ./Drivers/STM32F4xx_HAL_Driver/Src/stm32f4xx_hal.o
 .debug_line    0x0000730a     0x12b8 ./Drivers/STM32F4xx_HAL_Driver/Src/stm32f4xx_hal_adc.o
 .debug_line    0x000085c2      0xdc4 ./Drivers/STM32F4xx_HAL_Driver/Src/stm32f4xx_hal_cortex.o
 .debug_line    0x00009386     0x106c ./Drivers/STM32F4xx_HAL_Driver/Src/stm32f4xx_hal_dma.o
 .debug_line    0x0000a3f2      0xc4c ./Drivers/STM32F4xx_HAL_Driver/Src/stm32f4xx_hal_gpio.o
 .debug_line    0x0000b03e     0x3c42 ./Drivers/STM32F4xx_HAL_Driver/Src/stm32f4xx_hal_i2c.o
 .debug_line    0x0000ec80      0xe6f ./Drivers/STM32F4xx_HAL_Driver/Src/stm32f4xx_hal_rcc.o
 .debug_line    0x0000faef      0xb2a ./Drivers/STM32F4xx_HAL_Driver/Src/stm32f4xx_hal_rcc_ex.o
 .debug_line    0x00010619     0x11e0 ./Drivers/STM32F4xx_HAL_Driver/Src/stm32f4xx_hal_rtc.o
 .debug_line    0x000117f9     0x1df7 ./Drivers/STM32F4xx_HAL_Driver/Src/stm32f4xx_hal_spi.o
 .debug_line    0x000135f0     0x367a ./Drivers/STM32F4xx_HAL_Driver/Src/stm32f4xx_hal_tim.o
 .debug_line    0x00016c6a     0x1a8d ./Drivers/STM32F4xx_HAL_Driver/Src/stm32f4xx_hal_tim_ex.o
 .debug_line    0x000186f7     0x29ce ./Drivers/STM32F4xx_HAL_Driver/Src/stm32f4xx_hal_uart.o
 .debug_line    0x0001b0c5      0xa26 ./FATFS/App/fatfs.o
 .debug_line    0x0001baeb      0xc21 ./FATFS/Target/user_diskio.o
 .debug_line    0x0001c70c      0xab3 ./Middlewares/Third_Party/FatFs/src/ff_gen_drv.o
 .debug_line    0x0001d1bf      0x796 ./Middlewares/Third_Party/FreeRTOS/Source/list.o
 .debug_line    0x0001d955     0x1517 ./Middlewares/Third_Party/FreeRTOS/Source/queue.o
 .debug_line    0x0001ee6c     0x1a55 ./Middlewares/Third_Party/FreeRTOS/Source/tasks.o
 .debug_line    0x000208c1      0x839 ./Middlewares/Third_Party/FreeRTOS/Source/portable/GCC/ARM_CM4F/port.o
 .debug_line    0x000210fa      0x9c1 ./Middlewares/Third_Party/FreeRTOS/Source/portable/MemMang/heap_4.o

.debug_str      0x00000000    0xadfc1
 .debug_str     0x00000000    0xa46c2 ./Core/Src/Device_Drivers_src/adc_functions.o
                              0xa4a18 (size before relaxing)
 .debug_str     0x000a46c2      0x6fe ./Core/Src/Device_Drivers_src/fatfs_sd.o
                              0x9abe6 (size before relaxing)
 .debug_str     0x000a4dc0      0x144 ./Core/Src/freertos.o
                              0x9e2ae (size before relaxing)
 .debug_str     0x000a4f04     0x1f93 ./Core/Src/main.o
                              0xa6c0d (size before relaxing)
 .debug_str     0x000a6e97      0x1b9 ./Core/Src/stm32f4xx_hal_msp.o
                              0x9b66f (size before relaxing)
 .debug_str     0x000a7050      0x107 ./Core/Src/stm32f4xx_hal_timebase_tim.o
                              0x9ad75 (size before relaxing)
 .debug_str     0x000a7157       0xf9 ./Core/Src/stm32f4xx_it.o
                              0x9a9b3 (size before relaxing)
 .debug_str     0x000a7250       0xdb ./Core/Src/system_stm32f4xx.o
                              0x9a3e0 (size before relaxing)
 .debug_str     0x000a732b      0x419 ./Core/Src/tasks.o
                              0xa58af (size before relaxing)
 .debug_str     0x000a7744       0x44 ./Core/Startup/startup_stm32f401retx.o
                                 0x99 (size before relaxing)
 .debug_str     0x000a7788      0x5bf ./Drivers/STM32F4xx_HAL_Driver/Src/stm32f4xx_hal.o
                              0x9ae02 (size before relaxing)
 .debug_str     0x000a7d47      0x285 ./Drivers/STM32F4xx_HAL_Driver/Src/stm32f4xx_hal_adc.o
                              0x9a9bb (size before relaxing)
 .debug_str     0x000a7fcc      0x342 ./Drivers/STM32F4xx_HAL_Driver/Src/stm32f4xx_hal_cortex.o
                              0x9ab3a (size before relaxing)
 .debug_str     0x000a830e      0x2c7 ./Drivers/STM32F4xx_HAL_Driver/Src/stm32f4xx_hal_dma.o
                              0x9a7e8 (size before relaxing)
 .debug_str     0x000a85d5      0x121 ./Drivers/STM32F4xx_HAL_Driver/Src/stm32f4xx_hal_gpio.o
                              0x9a55b (size before relaxing)
 .debug_str     0x000a86f6      0xae2 ./Drivers/STM32F4xx_HAL_Driver/Src/stm32f4xx_hal_i2c.o
                              0x9b3f1 (size before relaxing)
 .debug_str     0x000a91d8      0x1f2 ./Drivers/STM32F4xx_HAL_Driver/Src/stm32f4xx_hal_rcc.o
                              0x9a814 (size before relaxing)
 .debug_str     0x000a93ca       0xf9 ./Drivers/STM32F4xx_HAL_Driver/Src/stm32f4xx_hal_rcc_ex.o
                              0x9a543 (size before relaxing)
 .debug_str     0x000a94c3      0x29e ./Drivers/STM32F4xx_HAL_Driver/Src/stm32f4xx_hal_rtc.o
                              0x9a83d (size before relaxing)
 .debug_str     0x000a9761      0x529 ./Drivers/STM32F4xx_HAL_Driver/Src/stm32f4xx_hal_spi.o
                              0x9ac92 (size before relaxing)
 .debug_str     0x000a9c8a      0xe1f ./Drivers/STM32F4xx_HAL_Driver/Src/stm32f4xx_hal_tim.o
                              0x9b758 (size before relaxing)
 .debug_str     0x000aaaa9      0x503 ./Drivers/STM32F4xx_HAL_Driver/Src/stm32f4xx_hal_tim_ex.o
                              0x9af64 (size before relaxing)
 .debug_str     0x000aafac      0x608 ./Drivers/STM32F4xx_HAL_Driver/Src/stm32f4xx_hal_uart.o
                              0x9ade3 (size before relaxing)
 .debug_str     0x000ab5b4      0x150 ./FATFS/App/fatfs.o
                              0xa0b63 (size before relaxing)
 .debug_str     0x000ab704       0x5a ./FATFS/Target/user_diskio.o
                              0xa3cf7 (size before relaxing)
 .debug_str     0x000ab75e       0xba ./Middlewares/Third_Party/FatFs/src/ff_gen_drv.o
                              0xa0a6d (size before relaxing)
 .debug_str     0x000ab818      0x20f ./Middlewares/Third_Party/FreeRTOS/Source/list.o
                               0xab18 (size before relaxing)
 .debug_str     0x000aba27      0xa2d ./Middlewares/Third_Party/FreeRTOS/Source/queue.o
                               0xc4ab (size before relaxing)
 .debug_str     0x000ac454     0x10bd ./Middlewares/Third_Party/FreeRTOS/Source/tasks.o
                               0xcec2 (size before relaxing)
 .debug_str     0x000ad511      0x783 ./Middlewares/Third_Party/FreeRTOS/Source/portable/GCC/ARM_CM4F/port.o
                               0x875d (size before relaxing)
 .debug_str     0x000adc94      0x32d ./Middlewares/Third_Party/FreeRTOS/Source/portable/MemMang/heap_4.o
                               0xb45a (size before relaxing)

.comment        0x00000000       0x43
 .comment       0x00000000       0x43 ./Core/Src/Device_Drivers_src/adc_functions.o
                                 0x44 (size before relaxing)
 .comment       0x00000043       0x44 ./Core/Src/Device_Drivers_src/fatfs_sd.o
 .comment       0x00000043       0x44 ./Core/Src/freertos.o
 .comment       0x00000043       0x44 ./Core/Src/main.o
 .comment       0x00000043       0x44 ./Core/Src/stm32f4xx_hal_msp.o
 .comment       0x00000043       0x44 ./Core/Src/stm32f4xx_hal_timebase_tim.o
 .comment       0x00000043       0x44 ./Core/Src/stm32f4xx_it.o
 .comment       0x00000043       0x44 ./Core/Src/system_stm32f4xx.o
 .comment       0x00000043       0x44 ./Core/Src/tasks.o
 .comment       0x00000043       0x44 ./Drivers/STM32F4xx_HAL_Driver/Src/stm32f4xx_hal.o
 .comment       0x00000043       0x44 ./Drivers/STM32F4xx_HAL_Driver/Src/stm32f4xx_hal_adc.o
 .comment       0x00000043       0x44 ./Drivers/STM32F4xx_HAL_Driver/Src/stm32f4xx_hal_cortex.o
 .comment       0x00000043       0x44 ./Drivers/STM32F4xx_HAL_Driver/Src/stm32f4xx_hal_dma.o
 .comment       0x00000043       0x44 ./Drivers/STM32F4xx_HAL_Driver/Src/stm32f4xx_hal_gpio.o
 .comment       0x00000043       0x44 ./Drivers/STM32F4xx_HAL_Driver/Src/stm32f4xx_hal_i2c.o
 .comment       0x00000043       0x44 ./Drivers/STM32F4xx_HAL_Driver/Src/stm32f4xx_hal_rcc.o
 .comment       0x00000043       0x44 ./Drivers/STM32F4xx_HAL_Driver/Src/stm32f4xx_hal_rcc_ex.o
 .comment       0x00000043       0x44 ./Drivers/STM32F4xx_HAL_Driver/Src/stm32f4xx_hal_rtc.o
 .comment       0x00000043       0x44 ./Drivers/STM32F4xx_HAL_Driver/Src/stm32f4xx_hal_spi.o
 .comment       0x00000043       0x44 ./Drivers/STM32F4xx_HAL_Driver/Src/stm32f4xx_hal_tim.o
 .comment       0x00000043       0x44 ./Drivers/STM32F4xx_HAL_Driver/Src/stm32f4xx_hal_tim_ex.o
 .comment       0x00000043       0x44 ./Drivers/STM32F4xx_HAL_Driver/Src/stm32f4xx_hal_uart.o
 .comment       0x00000043       0x44 ./FATFS/App/fatfs.o
 .comment       0x00000043       0x44 ./FATFS/Target/user_diskio.o
 .comment       0x00000043       0x44 ./Middlewares/Third_Party/FatFs/src/ff_gen_drv.o
 .comment       0x00000043       0x44 ./Middlewares/Third_Party/FreeRTOS/Source/list.o
 .comment       0x00000043       0x44 ./Middlewares/Third_Party/FreeRTOS/Source/queue.o
 .comment       0x00000043       0x44 ./Middlewares/Third_Party/FreeRTOS/Source/tasks.o
 .comment       0x00000043       0x44 ./Middlewares/Third_Party/FreeRTOS/Source/portable/GCC/ARM_CM4F/port.o
 .comment       0x00000043       0x44 ./Middlewares/Third_Party/FreeRTOS/Source/portable/MemMang/heap_4.o

.debug_frame    0x00000000     0x6858
 .debug_frame   0x00000000       0xfc ./Core/Src/Device_Drivers_src/adc_functions.o
 .debug_frame   0x000000fc      0x28c ./Core/Src/Device_Drivers_src/fatfs_sd.o
 .debug_frame   0x00000388       0x38 ./Core/Src/freertos.o
 .debug_frame   0x000003c0      0x198 ./Core/Src/main.o
 .debug_frame   0x00000558      0x1a0 ./Core/Src/stm32f4xx_hal_msp.o
 .debug_frame   0x000006f8       0x74 ./Core/Src/stm32f4xx_hal_timebase_tim.o
 .debug_frame   0x0000076c      0x100 ./Core/Src/stm32f4xx_it.o
 .debug_frame   0x0000086c       0x58 ./Core/Src/system_stm32f4xx.o
 .debug_frame   0x000008c4       0xcc ./Core/Src/tasks.o
 .debug_frame   0x00000990      0x374 ./Drivers/STM32F4xx_HAL_Driver/Src/stm32f4xx_hal.o
 .debug_frame   0x00000d04      0x3fc ./Drivers/STM32F4xx_HAL_Driver/Src/stm32f4xx_hal_adc.o
 .debug_frame   0x00001100      0x4b8 ./Drivers/STM32F4xx_HAL_Driver/Src/stm32f4xx_hal_cortex.o
 .debug_frame   0x000015b8      0x250 ./Drivers/STM32F4xx_HAL_Driver/Src/stm32f4xx_hal_dma.o
 .debug_frame   0x00001808      0x14c ./Drivers/STM32F4xx_HAL_Driver/Src/stm32f4xx_hal_gpio.o
 .debug_frame   0x00001954      0xc84 ./Drivers/STM32F4xx_HAL_Driver/Src/stm32f4xx_hal_i2c.o
 .debug_frame   0x000025d8      0x1f4 ./Drivers/STM32F4xx_HAL_Driver/Src/stm32f4xx_hal_rcc.o
 .debug_frame   0x000027cc       0xf0 ./Drivers/STM32F4xx_HAL_Driver/Src/stm32f4xx_hal_rcc_ex.o
 .debug_frame   0x000028bc      0x3f4 ./Drivers/STM32F4xx_HAL_Driver/Src/stm32f4xx_hal_rtc.o
 .debug_frame   0x00002cb0      0x828 ./Drivers/STM32F4xx_HAL_Driver/Src/stm32f4xx_hal_spi.o
 .debug_frame   0x000034d8     0x11b8 ./Drivers/STM32F4xx_HAL_Driver/Src/stm32f4xx_hal_tim.o
 .debug_frame   0x00004690      0x638 ./Drivers/STM32F4xx_HAL_Driver/Src/stm32f4xx_hal_tim_ex.o
 .debug_frame   0x00004cc8      0x954 ./Drivers/STM32F4xx_HAL_Driver/Src/stm32f4xx_hal_uart.o
 .debug_frame   0x0000561c       0x4c ./FATFS/App/fatfs.o
 .debug_frame   0x00005668       0xc4 ./FATFS/Target/user_diskio.o
 .debug_frame   0x0000572c       0xc8 ./Middlewares/Third_Party/FatFs/src/ff_gen_drv.o
 .debug_frame   0x000057f4       0xd8 ./Middlewares/Third_Party/FreeRTOS/Source/list.o
 .debug_frame   0x000058cc      0x46c ./Middlewares/Third_Party/FreeRTOS/Source/queue.o
 .debug_frame   0x00005d38      0x7a0 ./Middlewares/Third_Party/FreeRTOS/Source/tasks.o
 .debug_frame   0x000064d8      0x1a8 ./Middlewares/Third_Party/FreeRTOS/Source/portable/GCC/ARM_CM4F/port.o
 .debug_frame   0x00006680      0x12c ./Middlewares/Third_Party/FreeRTOS/Source/portable/MemMang/heap_4.o
 .debug_frame   0x000067ac       0x20 C:/ST/STM32CubeIDE_1.15.1/STM32CubeIDE/plugins/com.st.stm32cube.ide.mcu.externaltools.gnu-tools-for-stm32.12.3.rel1.win32_1.0.100.202403111256/tools/bin/../lib/gcc/arm-none-eabi/12.3.1/../../../../arm-none-eabi/lib/thumb/v7e-m+fp/hard\libc_nano.a(libc_a-memset.o)
 .debug_frame   0x000067cc       0x2c C:/ST/STM32CubeIDE_1.15.1/STM32CubeIDE/plugins/com.st.stm32cube.ide.mcu.externaltools.gnu-tools-for-stm32.12.3.rel1.win32_1.0.100.202403111256/tools/bin/../lib/gcc/arm-none-eabi/12.3.1/../../../../arm-none-eabi/lib/thumb/v7e-m+fp/hard\libc_nano.a(libc_a-init.o)
 .debug_frame   0x000067f8       0x2c C:/ST/STM32CubeIDE_1.15.1/STM32CubeIDE/plugins/com.st.stm32cube.ide.mcu.externaltools.gnu-tools-for-stm32.12.3.rel1.win32_1.0.100.202403111256/tools/bin/../lib/gcc/arm-none-eabi/12.3.1/thumb/v7e-m+fp/hard\libgcc.a(_aeabi_uldivmod.o)
 .debug_frame   0x00006824       0x34 C:/ST/STM32CubeIDE_1.15.1/STM32CubeIDE/plugins/com.st.stm32cube.ide.mcu.externaltools.gnu-tools-for-stm32.12.3.rel1.win32_1.0.100.202403111256/tools/bin/../lib/gcc/arm-none-eabi/12.3.1/thumb/v7e-m+fp/hard\libgcc.a(_udivmoddi4.o)

.debug_line_str
                0x00000000       0x7d
 .debug_line_str
                0x00000000       0x7d ./Core/Startup/startup_stm32f401retx.o
